mysql> select a.fname,a.lname,b.department_id,b.name from  employees a join departments b on a.department_id=b.department_id;
+-------------+-------------+---------------+------------------+
| fname       | lname       | department_id | name             |
+-------------+-------------+---------------+------------------+
| Steven      | King        |            90 | Executive        |
| Neena       | Kochhar     |            90 | Executive        |
| Lex         | De Haan     |            90 | Executive        |
| Alexander   | Hunold      |            60 | IT               |
| Bruce       | Ernst       |            60 | IT               |
| David       | Austin      |            60 | IT               |
| Valli       | Pataballa   |            60 | IT               |
| Diana       | Lorentz     |            60 | IT               |
| Nancy       | Greenberg   |           100 | Finance          |
| Daniel      | Faviet      |           100 | Finance          |
| John        | Chen        |           100 | Finance          |
| Ismael      | Sciarra     |           100 | Finance          |
| Jose Manuel | Urman       |           100 | Finance          |
| Luis        | Popp        |           100 | Finance          |
| Den         | Raphaely    |            30 | Purchasing       |
| Alexander   | Khoo        |            30 | Purchasing       |
| Shelli      | Baida       |            30 | Purchasing       |
| Sigal       | Tobias      |            30 | Purchasing       |
| Guy         | Himuro      |            30 | Purchasing       |
| Karen       | Colmenares  |            30 | Purchasing       |
| Matthew     | Weiss       |            50 | Shipping         |
| Adam        | Fripp       |            50 | Shipping         |
| Payam       | Kaufling    |            50 | Shipping         |
| Shanta      | Vollman     |            50 | Shipping         |
| Kevin       | Mourgos     |            50 | Shipping         |
| Julia       | Nayer       |            50 | Shipping         |
| Irene       | Mikkilineni |            50 | Shipping         |
| James       | Landry      |            50 | Shipping         |
| Steven      | Markle      |            50 | Shipping         |
| Laura       | Bissot      |            50 | Shipping         |
| Mozhe       | Atkinson    |            50 | Shipping         |
| James       | Marlow      |            50 | Shipping         |
| TJ          | Olson       |            50 | Shipping         |
| Jason       | Mallin      |            50 | Shipping         |
| Michael     | Rogers      |            50 | Shipping         |
| Ki          | Gee         |            50 | Shipping         |
| Hazel       | Philtanker  |            50 | Shipping         |
| Renske      | Ladwig      |            50 | Shipping         |
| Stephen     | Stiles      |            50 | Shipping         |
| John        | Seo         |            50 | Shipping         |
| Joshua      | Patel       |            50 | Shipping         |
| Trenna      | Rajs        |            50 | Shipping         |
| Curtis      | Davies      |            50 | Shipping         |
| Randall     | Matos       |            50 | Shipping         |
| Peter       | Vargas      |            50 | Shipping         |
| John        | Russell     |            80 | Sales            |
| Karen       | Partners    |            80 | Sales            |
| Alberto     | Errazuriz   |            80 | Sales            |
| Gerald      | Cambrault   |            80 | Sales            |
| Eleni       | Zlotkey     |            80 | Sales            |
| Peter       | Tucker      |            80 | Sales            |
| David       | Bernstein   |            80 | Sales            |
| Peter       | Hall        |            80 | Sales            |
| Christopher | Olsen       |            80 | Sales            |
| Nanette     | Cambrault   |            80 | Sales            |
| Oliver      | Tuvault     |            80 | Sales            |
| Janette     | King        |            80 | Sales            |
| Patrick     | Sully       |            80 | Sales            |
| Allan       | McEwen      |            80 | Sales            |
| Lindsey     | Smith       |            80 | Sales            |
| Louise      | Doran       |            80 | Sales            |
| Sarath      | Sewall      |            80 | Sales            |
| Clara       | Vishney     |            80 | Sales            |
| Danielle    | Greene      |            80 | Sales            |
| Mattea      | Marvins     |            80 | Sales            |
| David       | Lee         |            80 | Sales            |
| Sunder      | Ande        |            80 | Sales            |
| Amit        | Banda       |            80 | Sales            |
| Lisa        | Ozer        |            80 | Sales            |
| Harrison    | Bloom       |            80 | Sales            |
| Tayler      | Fox         |            80 | Sales            |
| William     | Smith       |            80 | Sales            |
| Sundita     | Kumar       |            80 | Sales            |
| Elizabeth   | Bates       |            80 | Sales            |
| Ellen       | Abel        |            80 | Sales            |
| Alyssa      | Hutton      |            80 | Sales            |
| Jonathon    | Taylor      |            80 | Sales            |
| Jack        | Livingston  |            80 | Sales            |
| Kimberely   | Grant       |            80 | Sales            |
| Charles     | Johnson     |            80 | Sales            |
| Winston     | Taylor      |            50 | Shipping         |
| Jean        | Fleaur      |            50 | Shipping         |
| Martha      | Sullivan    |            50 | Shipping         |
| Girard      | Geoni       |            50 | Shipping         |
| Nandita     | Sarchand    |            50 | Shipping         |
| Alexis      | Bull        |            50 | Shipping         |
| Julia       | Dellinger   |            50 | Shipping         |
| Anthony     | Cabrio      |            50 | Shipping         |
| Kelly       | Chung       |            50 | Shipping         |
| Jennifer    | Dilly       |            50 | Shipping         |
| Timothy     | Gates       |            50 | Shipping         |
| Randall     | Perkins     |            50 | Shipping         |
| Sarah       | Bell        |            50 | Shipping         |
| Britney     | Everett     |            50 | Shipping         |
| Samuel      | McCain      |            50 | Shipping         |
| Vance       | Jones       |            50 | Shipping         |
| Alana       | Walsh       |            50 | Shipping         |
| Kevin       | Feeney      |            50 | Shipping         |
| Donald      | OConnell    |            50 | Shipping         |
| Douglas     | Grant       |            50 | Shipping         |
| Jennifer    | Whalen      |            10 | Admin            |
| Michael     | Hartstein   |            20 | Marketing        |
| Pat         | Fay         |            20 | Marketing        |
| Susan       | Mavris      |            40 | HR               |
| Hermann     | Baer        |            70 | Public Relations |
| Shelley     | Higgins     |           110 | Accounting       |
| PAWAN       | YADAV       |           110 | Accounting       |
+-------------+-------------+---------------+------------------+
107 rows in set (0.00 sec)

mysql> select a.fname,a.lname,b.name,c.city,c.state_province from employees a join departments b on a.department_id = b.department_id join locations c on c.location_id=b.location_id;
+-------------+-------------+------------------+---------------------+----------------+
| fname       | lname       | name             | city                | state_province |
+-------------+-------------+------------------+---------------------+----------------+
| Steven      | King        | Executive        | Seattle             | Washington     |
| Neena       | Kochhar     | Executive        | Seattle             | Washington     |
| Lex         | De Haan     | Executive        | Seattle             | Washington     |
| Alexander   | Hunold      | IT               | Southlake           | Texas          |
| Bruce       | Ernst       | IT               | Southlake           | Texas          |
| David       | Austin      | IT               | Southlake           | Texas          |
| Valli       | Pataballa   | IT               | Southlake           | Texas          |
| Diana       | Lorentz     | IT               | Southlake           | Texas          |
| Nancy       | Greenberg   | Finance          | Seattle             | Washington     |
| Daniel      | Faviet      | Finance          | Seattle             | Washington     |
| John        | Chen        | Finance          | Seattle             | Washington     |
| Ismael      | Sciarra     | Finance          | Seattle             | Washington     |
| Jose Manuel | Urman       | Finance          | Seattle             | Washington     |
| Luis        | Popp        | Finance          | Seattle             | Washington     |
| Den         | Raphaely    | Purchasing       | Seattle             | Washington     |
| Alexander   | Khoo        | Purchasing       | Seattle             | Washington     |
| Shelli      | Baida       | Purchasing       | Seattle             | Washington     |
| Sigal       | Tobias      | Purchasing       | Seattle             | Washington     |
| Guy         | Himuro      | Purchasing       | Seattle             | Washington     |
| Karen       | Colmenares  | Purchasing       | Seattle             | Washington     |
| Matthew     | Weiss       | Shipping         | South San Francisco | California     |
| Adam        | Fripp       | Shipping         | South San Francisco | California     |
| Payam       | Kaufling    | Shipping         | South San Francisco | California     |
| Shanta      | Vollman     | Shipping         | South San Francisco | California     |
| Kevin       | Mourgos     | Shipping         | South San Francisco | California     |
| Julia       | Nayer       | Shipping         | South San Francisco | California     |
| Irene       | Mikkilineni | Shipping         | South San Francisco | California     |
| James       | Landry      | Shipping         | South San Francisco | California     |
| Steven      | Markle      | Shipping         | South San Francisco | California     |
| Laura       | Bissot      | Shipping         | South San Francisco | California     |
| Mozhe       | Atkinson    | Shipping         | South San Francisco | California     |
| James       | Marlow      | Shipping         | South San Francisco | California     |
| TJ          | Olson       | Shipping         | South San Francisco | California     |
| Jason       | Mallin      | Shipping         | South San Francisco | California     |
| Michael     | Rogers      | Shipping         | South San Francisco | California     |
| Ki          | Gee         | Shipping         | South San Francisco | California     |
| Hazel       | Philtanker  | Shipping         | South San Francisco | California     |
| Renske      | Ladwig      | Shipping         | South San Francisco | California     |
| Stephen     | Stiles      | Shipping         | South San Francisco | California     |
| John        | Seo         | Shipping         | South San Francisco | California     |
| Joshua      | Patel       | Shipping         | South San Francisco | California     |
| Trenna      | Rajs        | Shipping         | South San Francisco | California     |
| Curtis      | Davies      | Shipping         | South San Francisco | California     |
| Randall     | Matos       | Shipping         | South San Francisco | California     |
| Peter       | Vargas      | Shipping         | South San Francisco | California     |
| John        | Russell     | Sales            | Oxford              | Oxford         |
| Karen       | Partners    | Sales            | Oxford              | Oxford         |
| Alberto     | Errazuriz   | Sales            | Oxford              | Oxford         |
| Gerald      | Cambrault   | Sales            | Oxford              | Oxford         |
| Eleni       | Zlotkey     | Sales            | Oxford              | Oxford         |
| Peter       | Tucker      | Sales            | Oxford              | Oxford         |
| David       | Bernstein   | Sales            | Oxford              | Oxford         |
| Peter       | Hall        | Sales            | Oxford              | Oxford         |
| Christopher | Olsen       | Sales            | Oxford              | Oxford         |
| Nanette     | Cambrault   | Sales            | Oxford              | Oxford         |
| Oliver      | Tuvault     | Sales            | Oxford              | Oxford         |
| Janette     | King        | Sales            | Oxford              | Oxford         |
| Patrick     | Sully       | Sales            | Oxford              | Oxford         |
| Allan       | McEwen      | Sales            | Oxford              | Oxford         |
| Lindsey     | Smith       | Sales            | Oxford              | Oxford         |
| Louise      | Doran       | Sales            | Oxford              | Oxford         |
| Sarath      | Sewall      | Sales            | Oxford              | Oxford         |
| Clara       | Vishney     | Sales            | Oxford              | Oxford         |
| Danielle    | Greene      | Sales            | Oxford              | Oxford         |
| Mattea      | Marvins     | Sales            | Oxford              | Oxford         |
| David       | Lee         | Sales            | Oxford              | Oxford         |
| Sunder      | Ande        | Sales            | Oxford              | Oxford         |
| Amit        | Banda       | Sales            | Oxford              | Oxford         |
| Lisa        | Ozer        | Sales            | Oxford              | Oxford         |
| Harrison    | Bloom       | Sales            | Oxford              | Oxford         |
| Tayler      | Fox         | Sales            | Oxford              | Oxford         |
| William     | Smith       | Sales            | Oxford              | Oxford         |
| Sundita     | Kumar       | Sales            | Oxford              | Oxford         |
| Elizabeth   | Bates       | Sales            | Oxford              | Oxford         |
| Ellen       | Abel        | Sales            | Oxford              | Oxford         |
| Alyssa      | Hutton      | Sales            | Oxford              | Oxford         |
| Jonathon    | Taylor      | Sales            | Oxford              | Oxford         |
| Jack        | Livingston  | Sales            | Oxford              | Oxford         |
| Kimberely   | Grant       | Sales            | Oxford              | Oxford         |
| Charles     | Johnson     | Sales            | Oxford              | Oxford         |
| Winston     | Taylor      | Shipping         | South San Francisco | California     |
| Jean        | Fleaur      | Shipping         | South San Francisco | California     |
| Martha      | Sullivan    | Shipping         | South San Francisco | California     |
| Girard      | Geoni       | Shipping         | South San Francisco | California     |
| Nandita     | Sarchand    | Shipping         | South San Francisco | California     |
| Alexis      | Bull        | Shipping         | South San Francisco | California     |
| Julia       | Dellinger   | Shipping         | South San Francisco | California     |
| Anthony     | Cabrio      | Shipping         | South San Francisco | California     |
| Kelly       | Chung       | Shipping         | South San Francisco | California     |
| Jennifer    | Dilly       | Shipping         | South San Francisco | California     |
| Timothy     | Gates       | Shipping         | South San Francisco | California     |
| Randall     | Perkins     | Shipping         | South San Francisco | California     |
| Sarah       | Bell        | Shipping         | South San Francisco | California     |
| Britney     | Everett     | Shipping         | South San Francisco | California     |
| Samuel      | McCain      | Shipping         | South San Francisco | California     |
| Vance       | Jones       | Shipping         | South San Francisco | California     |
| Alana       | Walsh       | Shipping         | South San Francisco | California     |
| Kevin       | Feeney      | Shipping         | South San Francisco | California     |
| Donald      | OConnell    | Shipping         | South San Francisco | California     |
| Douglas     | Grant       | Shipping         | South San Francisco | California     |
| Jennifer    | Whalen      | Admin            | Seattle             | Washington     |
| Michael     | Hartstein   | Marketing        | Toronto             | Ontario        |
| Pat         | Fay         | Marketing        | Toronto             | Ontario        |
| Susan       | Mavris      | HR               | London              |                |
| Hermann     | Baer        | Public Relations | Munich              | Bavaria        |
| Shelley     | Higgins     | Accounting       | Seattle             | Washington     |
| PAWAN       | YADAV       | Accounting       | Seattle             | Washington     |
+-------------+-------------+------------------+---------------------+----------------+
107 rows in set (0.01 sec)

mysql> select * froom job_grades;
ERROR 1064 (42000): You have an error in your SQL syntax; check the manual that corresponds to your MySQL server version for the right syntax to use near 'froom job_grades' at line 1
mysql> select * from job_grades;
ERROR 1146 (42S02): Table 'db.job_grades' doesn't exist
mysql> show tables;
+--------------+
| Tables_in_db |
+--------------+
| booktable    |
| company_mast |
| customer     |
| departments  |
| emp_dept     |
| employee     |
| employees    |
| issuetable   |
| item_mast    |
| job          |
| job_history  |
| jobs         |
| locations    |
| orders       |
| salesman     |
+--------------+
15 rows in set (0.02 sec)

mysql> create table job_grades(Grade_level char(40),Lowest_sal int,Highest_sal int);
Query OK, 0 rows affected (0.18 sec)

mysql> insert into job_grade values('A',1000,2999);
ERROR 1146 (42S02): Table 'db.job_grade' doesn't exist
mysql> insert into job_grades values('A',1000,2999);
Query OK, 1 row affected (0.02 sec)

mysql> insert into job_grades values('B',3000,5999);
Query OK, 1 row affected (0.01 sec)

mysql> insert into job_grades values('C',6000,9999);
Query OK, 1 row affected (0.01 sec)

mysql> insert into job_grades values('D',10000,14999);
Query OK, 1 row affected (0.01 sec)

mysql> insert into job_grades values('E',15000,24999);
Query OK, 1 row affected (0.01 sec)

mysql> insert into job_grades values('F',25000,40000);
Query OK, 1 row affected (0.01 sec)

mysql> select a.fname,a.lname,a.salary,b.Grade_level from employees a join job_grades on a.salary=b.Lo
west_sal;
ERROR 1054 (42S22): Unknown column 'b.Grade_level' in 'field list'
mysql> select a.fname,a.lname,a.salary,b.Grade_level from employees a join job_grades b on a.salary=b.
Lowest_sal;
+----------+--------+----------+-------------+
| fname    | lname  | salary   | Grade_level |
+----------+--------+----------+-------------+
| Bruce    | Ernst  |  6000.00 | C           |
| Peter    | Tucker | 10000.00 | D           |
| Janette  | King   | 10000.00 | D           |
| Harrison | Bloom  | 10000.00 | D           |
| Anthony  | Cabrio |  3000.00 | B           |
| Kevin    | Feeney |  3000.00 | B           |
| Pat      | Fay    |  6000.00 | C           |
| Hermann  | Baer   | 10000.00 | D           |
+----------+--------+----------+-------------+
8 rows in set (0.01 sec)

mysql> select a.fname,a.lname,a.salary,b.Grade_level from employees a join job_grades b on a.salary between b.Lowest_sal and b.Highest_sal;
+-------------+-------------+----------+-------------+
| fname       | lname       | salary   | Grade_level |
+-------------+-------------+----------+-------------+
| Steven      | King        | 24000.00 | E           |
| Neena       | Kochhar     | 17000.00 | E           |
| Lex         | De Haan     | 17000.00 | E           |
| Alexander   | Hunold      |  9000.00 | C           |
| Bruce       | Ernst       |  6000.00 | C           |
| David       | Austin      |  4800.00 | B           |
| Valli       | Pataballa   |  4800.00 | B           |
| Diana       | Lorentz     |  4200.00 | B           |
| Nancy       | Greenberg   | 12000.00 | D           |
| Daniel      | Faviet      |  9000.00 | C           |
| John        | Chen        |  8200.00 | C           |
| Ismael      | Sciarra     |  7700.00 | C           |
| Jose Manuel | Urman       |  7800.00 | C           |
| Luis        | Popp        |  6900.00 | C           |
| Den         | Raphaely    | 11000.00 | D           |
| Alexander   | Khoo        |  3100.00 | B           |
| Shelli      | Baida       |  2900.00 | A           |
| Sigal       | Tobias      |  2800.00 | A           |
| Guy         | Himuro      |  2600.00 | A           |
| Karen       | Colmenares  |  2500.00 | A           |
| Matthew     | Weiss       |  8000.00 | C           |
| Adam        | Fripp       |  8200.00 | C           |
| Payam       | Kaufling    |  7900.00 | C           |
| Shanta      | Vollman     |  6500.00 | C           |
| Kevin       | Mourgos     |  5800.00 | B           |
| Julia       | Nayer       |  3200.00 | B           |
| Irene       | Mikkilineni |  2700.00 | A           |
| James       | Landry      |  2400.00 | A           |
| Steven      | Markle      |  2200.00 | A           |
| Laura       | Bissot      |  3300.00 | B           |
| Mozhe       | Atkinson    |  2800.00 | A           |
| James       | Marlow      |  2500.00 | A           |
| TJ          | Olson       |  2100.00 | A           |
| Jason       | Mallin      |  3300.00 | B           |
| Michael     | Rogers      |  2900.00 | A           |
| Ki          | Gee         |  2400.00 | A           |
| Hazel       | Philtanker  |  2200.00 | A           |
| Renske      | Ladwig      |  3600.00 | B           |
| Stephen     | Stiles      |  3200.00 | B           |
| John        | Seo         |  2700.00 | A           |
| Joshua      | Patel       |  2500.00 | A           |
| Trenna      | Rajs        |  3500.00 | B           |
| Curtis      | Davies      |  3100.00 | B           |
| Randall     | Matos       |  2600.00 | A           |
| Peter       | Vargas      |  2500.00 | A           |
| John        | Russell     | 14000.00 | D           |
| Karen       | Partners    | 13500.00 | D           |
| Alberto     | Errazuriz   | 12000.00 | D           |
| Gerald      | Cambrault   | 11000.00 | D           |
| Eleni       | Zlotkey     | 10500.00 | D           |
| Peter       | Tucker      | 10000.00 | D           |
| David       | Bernstein   |  9500.00 | C           |
| Peter       | Hall        |  9000.00 | C           |
| Christopher | Olsen       |  8000.00 | C           |
| Nanette     | Cambrault   |  7500.00 | C           |
| Oliver      | Tuvault     |  7000.00 | C           |
| Janette     | King        | 10000.00 | D           |
| Patrick     | Sully       |  9500.00 | C           |
| Allan       | McEwen      |  9000.00 | C           |
| Lindsey     | Smith       |  8000.00 | C           |
| Louise      | Doran       |  7500.00 | C           |
| Sarath      | Sewall      |  7000.00 | C           |
| Clara       | Vishney     | 10500.00 | D           |
| Danielle    | Greene      |  9500.00 | C           |
| Mattea      | Marvins     |  7200.00 | C           |
| David       | Lee         |  6800.00 | C           |
| Sunder      | Ande        |  6400.00 | C           |
| Amit        | Banda       |  6200.00 | C           |
| Lisa        | Ozer        | 11500.00 | D           |
| Harrison    | Bloom       | 10000.00 | D           |
| Tayler      | Fox         |  9600.00 | C           |
| William     | Smith       |  7400.00 | C           |
| Sundita     | Kumar       |  7300.00 | C           |
| Elizabeth   | Bates       |  6100.00 | C           |
| Ellen       | Abel        | 11000.00 | D           |
| Alyssa      | Hutton      |  8800.00 | C           |
| Jonathon    | Taylor      |  8600.00 | C           |
| Jack        | Livingston  |  8400.00 | C           |
| Kimberely   | Grant       |  7000.00 | C           |
| Charles     | Johnson     |  6200.00 | C           |
| Winston     | Taylor      |  3200.00 | B           |
| Jean        | Fleaur      |  3100.00 | B           |
| Martha      | Sullivan    |  2500.00 | A           |
| Girard      | Geoni       |  2800.00 | A           |
| Nandita     | Sarchand    |  4200.00 | B           |
| Alexis      | Bull        |  4100.00 | B           |
| Julia       | Dellinger   |  3400.00 | B           |
| Anthony     | Cabrio      |  3000.00 | B           |
| Kelly       | Chung       |  3800.00 | B           |
| Jennifer    | Dilly       |  3600.00 | B           |
| Timothy     | Gates       |  2900.00 | A           |
| Randall     | Perkins     |  2500.00 | A           |
| Sarah       | Bell        |  4000.00 | B           |
| Britney     | Everett     |  3900.00 | B           |
| Samuel      | McCain      |  3200.00 | B           |
| Vance       | Jones       |  2800.00 | A           |
| Alana       | Walsh       |  3100.00 | B           |
| Kevin       | Feeney      |  3000.00 | B           |
| Donald      | OConnell    |  2600.00 | A           |
| Douglas     | Grant       |  2600.00 | A           |
| Jennifer    | Whalen      |  4400.00 | B           |
| Michael     | Hartstein   | 13000.00 | D           |
| Pat         | Fay         |  6000.00 | C           |
| Susan       | Mavris      |  6500.00 | C           |
| Hermann     | Baer        | 10000.00 | D           |
| Shelley     | Higgins     | 12008.00 | D           |
+-------------+-------------+----------+-------------+
106 rows in set (0.01 sec)

mysql> select a.fname,a.lname,a.department_id,b.name from employees a join departments b on a.departme
nt_id=b.department_id where a.department_id between 80 and 40;
Empty set (0.00 sec)

mysql> select a.fname,a.lname,a.department_id,b.name from employees a join departments b on a.department_id=b.department_id where a.department_id=80 or a.department_id= 40;
+-------------+------------+---------------+-------+
| fname       | lname      | department_id | name  |
+-------------+------------+---------------+-------+
| John        | Russell    |            80 | Sales |
| Karen       | Partners   |            80 | Sales |
| Alberto     | Errazuriz  |            80 | Sales |
| Gerald      | Cambrault  |            80 | Sales |
| Eleni       | Zlotkey    |            80 | Sales |
| Peter       | Tucker     |            80 | Sales |
| David       | Bernstein  |            80 | Sales |
| Peter       | Hall       |            80 | Sales |
| Christopher | Olsen      |            80 | Sales |
| Nanette     | Cambrault  |            80 | Sales |
| Oliver      | Tuvault    |            80 | Sales |
| Janette     | King       |            80 | Sales |
| Patrick     | Sully      |            80 | Sales |
| Allan       | McEwen     |            80 | Sales |
| Lindsey     | Smith      |            80 | Sales |
| Louise      | Doran      |            80 | Sales |
| Sarath      | Sewall     |            80 | Sales |
| Clara       | Vishney    |            80 | Sales |
| Danielle    | Greene     |            80 | Sales |
| Mattea      | Marvins    |            80 | Sales |
| David       | Lee        |            80 | Sales |
| Sunder      | Ande       |            80 | Sales |
| Amit        | Banda      |            80 | Sales |
| Lisa        | Ozer       |            80 | Sales |
| Harrison    | Bloom      |            80 | Sales |
| Tayler      | Fox        |            80 | Sales |
| William     | Smith      |            80 | Sales |
| Sundita     | Kumar      |            80 | Sales |
| Elizabeth   | Bates      |            80 | Sales |
| Ellen       | Abel       |            80 | Sales |
| Alyssa      | Hutton     |            80 | Sales |
| Jonathon    | Taylor     |            80 | Sales |
| Jack        | Livingston |            80 | Sales |
| Kimberely   | Grant      |            80 | Sales |
| Charles     | Johnson    |            80 | Sales |
| Susan       | Mavris     |            40 | HR    |
+-------------+------------+---------------+-------+
36 rows in set (0.00 sec)

mysql> select a.fname,a.lname,a.department_id,b.name from employees a join departments b on a.department_id=b.department_id  and a.department_id in(40,80);
+-------------+------------+---------------+-------+
| fname       | lname      | department_id | name  |
+-------------+------------+---------------+-------+
| Susan       | Mavris     |            40 | HR    |
| Charles     | Johnson    |            80 | Sales |
| Kimberely   | Grant      |            80 | Sales |
| Jack        | Livingston |            80 | Sales |
| Jonathon    | Taylor     |            80 | Sales |
| Alyssa      | Hutton     |            80 | Sales |
| Ellen       | Abel       |            80 | Sales |
| Elizabeth   | Bates      |            80 | Sales |
| Sundita     | Kumar      |            80 | Sales |
| William     | Smith      |            80 | Sales |
| Tayler      | Fox        |            80 | Sales |
| Harrison    | Bloom      |            80 | Sales |
| Lisa        | Ozer       |            80 | Sales |
| Amit        | Banda      |            80 | Sales |
| Sunder      | Ande       |            80 | Sales |
| David       | Lee        |            80 | Sales |
| Mattea      | Marvins    |            80 | Sales |
| Danielle    | Greene     |            80 | Sales |
| Clara       | Vishney    |            80 | Sales |
| Sarath      | Sewall     |            80 | Sales |
| Louise      | Doran      |            80 | Sales |
| Lindsey     | Smith      |            80 | Sales |
| Allan       | McEwen     |            80 | Sales |
| Patrick     | Sully      |            80 | Sales |
| Janette     | King       |            80 | Sales |
| Oliver      | Tuvault    |            80 | Sales |
| Nanette     | Cambrault  |            80 | Sales |
| Christopher | Olsen      |            80 | Sales |
| Peter       | Hall       |            80 | Sales |
| David       | Bernstein  |            80 | Sales |
| Peter       | Tucker     |            80 | Sales |
| Eleni       | Zlotkey    |            80 | Sales |
| Gerald      | Cambrault  |            80 | Sales |
| Alberto     | Errazuriz  |            80 | Sales |
| Karen       | Partners   |            80 | Sales |
| John        | Russell    |            80 | Sales |
+-------------+------------+---------------+-------+
36 rows in set (0.00 sec)

mysql> select a.fname,a.lname,b.name,c.city,c.state_province from employees a join departments b on a.department_id = b.department_id join locations c on c.location_id=b.location_id where a.fname like(z);

ERROR 1054 (42S22): Unknown column 'z' in 'where clause'
mysql> select a.fname,a.lname,b.name,c.city,c.state_province from employees a join departments b on a.department_id = b.department_id join locations c on c.location_id=b.location_id where a.fname like('z');
Empty set (0.01 sec)

mysql> select a.fname,a.lname,b.name,c.city,c.state_province from employees a join departments b on a.department_id = b.department_id join locations c on c.location_id=b.location_id where a.fname like(%'z
'%);
ERROR 1064 (42000): You have an error in your SQL syntax; check the manual that corresponds to your MySQL server version for the right syntax to use near '%'z'%)' at line 1
mysql> select a.fname,a.lname,b.name,c.city,c.state_province from employees a join departments b on a.department_id = b.department_id join locations c on c.location_id=b.location_id where a.fname like(%'z');
ERROR 1064 (42000): You have an error in your SQL syntax; check the manual that corresponds to your MySQL server version for the right syntax to use near '%'z')' at line 1
mysql> select a.fname,a.lname,b.name,c.city,c.state_province from employees a join departments b on a.department_id = b.department_id join locations c on c.location_id=b.location_id where a.fname like('%z
%');
+-----------+------------+----------+---------------------+----------------+
| fname     | lname      | name     | city                | state_province |
+-----------+------------+----------+---------------------+----------------+
| Mozhe     | Atkinson   | Shipping | South San Francisco | California     |
| Hazel     | Philtanker | Shipping | South San Francisco | California     |
| Elizabeth | Bates      | Sales    | Oxford              | Oxford         |
+-----------+------------+----------+---------------------+----------------+
3 rows in set (0.01 sec)

mysql> select a.fname,a.lname,b.department_id,b.name from  employees a join departments b on a.department_id=b.department_id where b.name is null;
Empty set (0.00 sec)

mysql> select a.fname,a.lname,b.department_id,b.name from  employees a join departments b on a.department_id=b.department_id where b.name is not null;
+-------------+-------------+---------------+------------------+
| fname       | lname       | department_id | name             |
+-------------+-------------+---------------+------------------+
| Steven      | King        |            90 | Executive        |
| Neena       | Kochhar     |            90 | Executive        |
| Lex         | De Haan     |            90 | Executive        |
| Alexander   | Hunold      |            60 | IT               |
| Bruce       | Ernst       |            60 | IT               |
| David       | Austin      |            60 | IT               |
| Valli       | Pataballa   |            60 | IT               |
| Diana       | Lorentz     |            60 | IT               |
| Nancy       | Greenberg   |           100 | Finance          |
| Daniel      | Faviet      |           100 | Finance          |
| John        | Chen        |           100 | Finance          |
| Ismael      | Sciarra     |           100 | Finance          |
| Jose Manuel | Urman       |           100 | Finance          |
| Luis        | Popp        |           100 | Finance          |
| Den         | Raphaely    |            30 | Purchasing       |
| Alexander   | Khoo        |            30 | Purchasing       |
| Shelli      | Baida       |            30 | Purchasing       |
| Sigal       | Tobias      |            30 | Purchasing       |
| Guy         | Himuro      |            30 | Purchasing       |
| Karen       | Colmenares  |            30 | Purchasing       |
| Matthew     | Weiss       |            50 | Shipping         |
| Adam        | Fripp       |            50 | Shipping         |
| Payam       | Kaufling    |            50 | Shipping         |
| Shanta      | Vollman     |            50 | Shipping         |
| Kevin       | Mourgos     |            50 | Shipping         |
| Julia       | Nayer       |            50 | Shipping         |
| Irene       | Mikkilineni |            50 | Shipping         |
| James       | Landry      |            50 | Shipping         |
| Steven      | Markle      |            50 | Shipping         |
| Laura       | Bissot      |            50 | Shipping         |
| Mozhe       | Atkinson    |            50 | Shipping         |
| James       | Marlow      |            50 | Shipping         |
| TJ          | Olson       |            50 | Shipping         |
| Jason       | Mallin      |            50 | Shipping         |
| Michael     | Rogers      |            50 | Shipping         |
| Ki          | Gee         |            50 | Shipping         |
| Hazel       | Philtanker  |            50 | Shipping         |
| Renske      | Ladwig      |            50 | Shipping         |
| Stephen     | Stiles      |            50 | Shipping         |
| John        | Seo         |            50 | Shipping         |
| Joshua      | Patel       |            50 | Shipping         |
| Trenna      | Rajs        |            50 | Shipping         |
| Curtis      | Davies      |            50 | Shipping         |
| Randall     | Matos       |            50 | Shipping         |
| Peter       | Vargas      |            50 | Shipping         |
| John        | Russell     |            80 | Sales            |
| Karen       | Partners    |            80 | Sales            |
| Alberto     | Errazuriz   |            80 | Sales            |
| Gerald      | Cambrault   |            80 | Sales            |
| Eleni       | Zlotkey     |            80 | Sales            |
| Peter       | Tucker      |            80 | Sales            |
| David       | Bernstein   |            80 | Sales            |
| Peter       | Hall        |            80 | Sales            |
| Christopher | Olsen       |            80 | Sales            |
| Nanette     | Cambrault   |            80 | Sales            |
| Oliver      | Tuvault     |            80 | Sales            |
| Janette     | King        |            80 | Sales            |
| Patrick     | Sully       |            80 | Sales            |
| Allan       | McEwen      |            80 | Sales            |
| Lindsey     | Smith       |            80 | Sales            |
| Louise      | Doran       |            80 | Sales            |
| Sarath      | Sewall      |            80 | Sales            |
| Clara       | Vishney     |            80 | Sales            |
| Danielle    | Greene      |            80 | Sales            |
| Mattea      | Marvins     |            80 | Sales            |
| David       | Lee         |            80 | Sales            |
| Sunder      | Ande        |            80 | Sales            |
| Amit        | Banda       |            80 | Sales            |
| Lisa        | Ozer        |            80 | Sales            |
| Harrison    | Bloom       |            80 | Sales            |
| Tayler      | Fox         |            80 | Sales            |
| William     | Smith       |            80 | Sales            |
| Sundita     | Kumar       |            80 | Sales            |
| Elizabeth   | Bates       |            80 | Sales            |
| Ellen       | Abel        |            80 | Sales            |
| Alyssa      | Hutton      |            80 | Sales            |
| Jonathon    | Taylor      |            80 | Sales            |
| Jack        | Livingston  |            80 | Sales            |
| Kimberely   | Grant       |            80 | Sales            |
| Charles     | Johnson     |            80 | Sales            |
| Winston     | Taylor      |            50 | Shipping         |
| Jean        | Fleaur      |            50 | Shipping         |
| Martha      | Sullivan    |            50 | Shipping         |
| Girard      | Geoni       |            50 | Shipping         |
| Nandita     | Sarchand    |            50 | Shipping         |
| Alexis      | Bull        |            50 | Shipping         |
| Julia       | Dellinger   |            50 | Shipping         |
| Anthony     | Cabrio      |            50 | Shipping         |
| Kelly       | Chung       |            50 | Shipping         |
| Jennifer    | Dilly       |            50 | Shipping         |
| Timothy     | Gates       |            50 | Shipping         |
| Randall     | Perkins     |            50 | Shipping         |
| Sarah       | Bell        |            50 | Shipping         |
| Britney     | Everett     |            50 | Shipping         |
| Samuel      | McCain      |            50 | Shipping         |
| Vance       | Jones       |            50 | Shipping         |
| Alana       | Walsh       |            50 | Shipping         |
| Kevin       | Feeney      |            50 | Shipping         |
| Donald      | OConnell    |            50 | Shipping         |
| Douglas     | Grant       |            50 | Shipping         |
| Jennifer    | Whalen      |            10 | Admin            |
| Michael     | Hartstein   |            20 | Marketing        |
| Pat         | Fay         |            20 | Marketing        |
| Susan       | Mavris      |            40 | HR               |
| Hermann     | Baer        |            70 | Public Relations |
| Shelley     | Higgins     |           110 | Accounting       |
| PAWAN       | YADAV       |           110 | Accounting       |
+-------------+-------------+---------------+------------------+
107 rows in set (0.00 sec)

mysql> select a.fname,a.lname,b.department_id,b.name from  employees a right outer join departments b
on a.department_id=b.department_id;
+-------------+-------------+---------------+----------------------+
| fname       | lname       | department_id | name                 |
+-------------+-------------+---------------+----------------------+
| Jennifer    | Whalen      |            10 | Admin                |
| Pat         | Fay         |            20 | Marketing            |
| Michael     | Hartstein   |            20 | Marketing            |
| Karen       | Colmenares  |            30 | Purchasing           |
| Guy         | Himuro      |            30 | Purchasing           |
| Sigal       | Tobias      |            30 | Purchasing           |
| Shelli      | Baida       |            30 | Purchasing           |
| Alexander   | Khoo        |            30 | Purchasing           |
| Den         | Raphaely    |            30 | Purchasing           |
| Susan       | Mavris      |            40 | HR                   |
| Douglas     | Grant       |            50 | Shipping             |
| Donald      | OConnell    |            50 | Shipping             |
| Kevin       | Feeney      |            50 | Shipping             |
| Alana       | Walsh       |            50 | Shipping             |
| Vance       | Jones       |            50 | Shipping             |
| Samuel      | McCain      |            50 | Shipping             |
| Britney     | Everett     |            50 | Shipping             |
| Sarah       | Bell        |            50 | Shipping             |
| Randall     | Perkins     |            50 | Shipping             |
| Timothy     | Gates       |            50 | Shipping             |
| Jennifer    | Dilly       |            50 | Shipping             |
| Kelly       | Chung       |            50 | Shipping             |
| Anthony     | Cabrio      |            50 | Shipping             |
| Julia       | Dellinger   |            50 | Shipping             |
| Alexis      | Bull        |            50 | Shipping             |
| Nandita     | Sarchand    |            50 | Shipping             |
| Girard      | Geoni       |            50 | Shipping             |
| Martha      | Sullivan    |            50 | Shipping             |
| Jean        | Fleaur      |            50 | Shipping             |
| Winston     | Taylor      |            50 | Shipping             |
| Peter       | Vargas      |            50 | Shipping             |
| Randall     | Matos       |            50 | Shipping             |
| Curtis      | Davies      |            50 | Shipping             |
| Trenna      | Rajs        |            50 | Shipping             |
| Joshua      | Patel       |            50 | Shipping             |
| John        | Seo         |            50 | Shipping             |
| Stephen     | Stiles      |            50 | Shipping             |
| Renske      | Ladwig      |            50 | Shipping             |
| Hazel       | Philtanker  |            50 | Shipping             |
| Ki          | Gee         |            50 | Shipping             |
| Michael     | Rogers      |            50 | Shipping             |
| Jason       | Mallin      |            50 | Shipping             |
| TJ          | Olson       |            50 | Shipping             |
| James       | Marlow      |            50 | Shipping             |
| Mozhe       | Atkinson    |            50 | Shipping             |
| Laura       | Bissot      |            50 | Shipping             |
| Steven      | Markle      |            50 | Shipping             |
| James       | Landry      |            50 | Shipping             |
| Irene       | Mikkilineni |            50 | Shipping             |
| Julia       | Nayer       |            50 | Shipping             |
| Kevin       | Mourgos     |            50 | Shipping             |
| Shanta      | Vollman     |            50 | Shipping             |
| Payam       | Kaufling    |            50 | Shipping             |
| Adam        | Fripp       |            50 | Shipping             |
| Matthew     | Weiss       |            50 | Shipping             |
| Diana       | Lorentz     |            60 | IT                   |
| Valli       | Pataballa   |            60 | IT                   |
| David       | Austin      |            60 | IT                   |
| Bruce       | Ernst       |            60 | IT                   |
| Alexander   | Hunold      |            60 | IT                   |
| Hermann     | Baer        |            70 | Public Relations     |
| Charles     | Johnson     |            80 | Sales                |
| Kimberely   | Grant       |            80 | Sales                |
| Jack        | Livingston  |            80 | Sales                |
| Jonathon    | Taylor      |            80 | Sales                |
| Alyssa      | Hutton      |            80 | Sales                |
| Ellen       | Abel        |            80 | Sales                |
| Elizabeth   | Bates       |            80 | Sales                |
| Sundita     | Kumar       |            80 | Sales                |
| William     | Smith       |            80 | Sales                |
| Tayler      | Fox         |            80 | Sales                |
| Harrison    | Bloom       |            80 | Sales                |
| Lisa        | Ozer        |            80 | Sales                |
| Amit        | Banda       |            80 | Sales                |
| Sunder      | Ande        |            80 | Sales                |
| David       | Lee         |            80 | Sales                |
| Mattea      | Marvins     |            80 | Sales                |
| Danielle    | Greene      |            80 | Sales                |
| Clara       | Vishney     |            80 | Sales                |
| Sarath      | Sewall      |            80 | Sales                |
| Louise      | Doran       |            80 | Sales                |
| Lindsey     | Smith       |            80 | Sales                |
| Allan       | McEwen      |            80 | Sales                |
| Patrick     | Sully       |            80 | Sales                |
| Janette     | King        |            80 | Sales                |
| Oliver      | Tuvault     |            80 | Sales                |
| Nanette     | Cambrault   |            80 | Sales                |
| Christopher | Olsen       |            80 | Sales                |
| Peter       | Hall        |            80 | Sales                |
| David       | Bernstein   |            80 | Sales                |
| Peter       | Tucker      |            80 | Sales                |
| Eleni       | Zlotkey     |            80 | Sales                |
| Gerald      | Cambrault   |            80 | Sales                |
| Alberto     | Errazuriz   |            80 | Sales                |
| Karen       | Partners    |            80 | Sales                |
| John        | Russell     |            80 | Sales                |
| Lex         | De Haan     |            90 | Executive            |
| Neena       | Kochhar     |            90 | Executive            |
| Steven      | King        |            90 | Executive            |
| Luis        | Popp        |           100 | Finance              |
| Jose Manuel | Urman       |           100 | Finance              |
| Ismael      | Sciarra     |           100 | Finance              |
| John        | Chen        |           100 | Finance              |
| Daniel      | Faviet      |           100 | Finance              |
| Nancy       | Greenberg   |           100 | Finance              |
| PAWAN       | YADAV       |           110 | Accounting           |
| Shelley     | Higgins     |           110 | Accounting           |
| NULL        | NULL        |           120 | Treasury             |
| NULL        | NULL        |           130 | Corporate Tax        |
| NULL        | NULL        |           140 | Control and Credit   |
| NULL        | NULL        |           150 | Shareholder Services |
| NULL        | NULL        |           160 | Benifits             |
| NULL        | NULL        |           170 | Manufacturing        |
| NULL        | NULL        |           180 | Construction         |
| NULL        | NULL        |           190 | Contracting          |
| NULL        | NULL        |           200 | Operations           |
| NULL        | NULL        |           210 | IT Supports          |
| NULL        | NULL        |           220 | NOC                  |
| NULL        | NULL        |           230 | IT Helpdesk          |
| NULL        | NULL        |           240 | Government Sales     |
| NULL        | NULL        |           250 | Retail Sales         |
| NULL        | NULL        |           260 | Recruiting           |
| NULL        | NULL        |           270 | Payroll              |
+-------------+-------------+---------------+----------------------+
123 rows in set (0.01 sec)

mysql> select a.fname,a.lname,a.salary from employees a where salary<(a.employee_id=182);
Empty set (0.00 sec)

mysql> select a.fname,a.lname,a.salary from employees a join employees s on a.salary=s.salary and s.employee_id=182;
+---------+------------+---------+
| fname   | lname      | salary  |
+---------+------------+---------+
| Karen   | Colmenares | 2500.00 |
| James   | Marlow     | 2500.00 |
| Joshua  | Patel      | 2500.00 |
| Peter   | Vargas     | 2500.00 |
| Martha  | Sullivan   | 2500.00 |
| Randall | Perkins    | 2500.00 |
+---------+------------+---------+
6 rows in set (0.01 sec)

mysql> select a.fname,a.lname,a.salary from employees a join employees s on a.salary<s.salary and s.em
ployee_id=182;
+--------+------------+---------+
| fname  | lname      | salary  |
+--------+------------+---------+
| James  | Landry     | 2400.00 |
| Steven | Markle     | 2200.00 |
| TJ     | Olson      | 2100.00 |
| Ki     | Gee        | 2400.00 |
| Hazel  | Philtanker | 2200.00 |
+--------+------------+---------+
5 rows in set (0.00 sec)

mysql> select a.fname,a.lname,a.salary from employees a join employees s on a.salary>s.salary and s.em
ployee_id=182;
+-------------+-------------+----------+
| fname       | lname       | salary   |
+-------------+-------------+----------+
| Steven      | King        | 24000.00 |
| Neena       | Kochhar     | 17000.00 |
| Lex         | De Haan     | 17000.00 |
| Alexander   | Hunold      |  9000.00 |
| Bruce       | Ernst       |  6000.00 |
| David       | Austin      |  4800.00 |
| Valli       | Pataballa   |  4800.00 |
| Diana       | Lorentz     |  4200.00 |
| Nancy       | Greenberg   | 12000.00 |
| Daniel      | Faviet      |  9000.00 |
| John        | Chen        |  8200.00 |
| Ismael      | Sciarra     |  7700.00 |
| Jose Manuel | Urman       |  7800.00 |
| Luis        | Popp        |  6900.00 |
| Den         | Raphaely    | 11000.00 |
| Alexander   | Khoo        |  3100.00 |
| Shelli      | Baida       |  2900.00 |
| Sigal       | Tobias      |  2800.00 |
| Guy         | Himuro      |  2600.00 |
| Matthew     | Weiss       |  8000.00 |
| Adam        | Fripp       |  8200.00 |
| Payam       | Kaufling    |  7900.00 |
| Shanta      | Vollman     |  6500.00 |
| Kevin       | Mourgos     |  5800.00 |
| Julia       | Nayer       |  3200.00 |
| Irene       | Mikkilineni |  2700.00 |
| Laura       | Bissot      |  3300.00 |
| Mozhe       | Atkinson    |  2800.00 |
| Jason       | Mallin      |  3300.00 |
| Michael     | Rogers      |  2900.00 |
| Renske      | Ladwig      |  3600.00 |
| Stephen     | Stiles      |  3200.00 |
| John        | Seo         |  2700.00 |
| Trenna      | Rajs        |  3500.00 |
| Curtis      | Davies      |  3100.00 |
| Randall     | Matos       |  2600.00 |
| John        | Russell     | 14000.00 |
| Karen       | Partners    | 13500.00 |
| Alberto     | Errazuriz   | 12000.00 |
| Gerald      | Cambrault   | 11000.00 |
| Eleni       | Zlotkey     | 10500.00 |
| Peter       | Tucker      | 10000.00 |
| David       | Bernstein   |  9500.00 |
| Peter       | Hall        |  9000.00 |
| Christopher | Olsen       |  8000.00 |
| Nanette     | Cambrault   |  7500.00 |
| Oliver      | Tuvault     |  7000.00 |
| Janette     | King        | 10000.00 |
| Patrick     | Sully       |  9500.00 |
| Allan       | McEwen      |  9000.00 |
| Lindsey     | Smith       |  8000.00 |
| Louise      | Doran       |  7500.00 |
| Sarath      | Sewall      |  7000.00 |
| Clara       | Vishney     | 10500.00 |
| Danielle    | Greene      |  9500.00 |
| Mattea      | Marvins     |  7200.00 |
| David       | Lee         |  6800.00 |
| Sunder      | Ande        |  6400.00 |
| Amit        | Banda       |  6200.00 |
| Lisa        | Ozer        | 11500.00 |
| Harrison    | Bloom       | 10000.00 |
| Tayler      | Fox         |  9600.00 |
| William     | Smith       |  7400.00 |
| Sundita     | Kumar       |  7300.00 |
| Elizabeth   | Bates       |  6100.00 |
| Ellen       | Abel        | 11000.00 |
| Alyssa      | Hutton      |  8800.00 |
| Jonathon    | Taylor      |  8600.00 |
| Jack        | Livingston  |  8400.00 |
| Kimberely   | Grant       |  7000.00 |
| Charles     | Johnson     |  6200.00 |
| Winston     | Taylor      |  3200.00 |
| Jean        | Fleaur      |  3100.00 |
| Girard      | Geoni       |  2800.00 |
| Nandita     | Sarchand    |  4200.00 |
| Alexis      | Bull        |  4100.00 |
| Julia       | Dellinger   |  3400.00 |
| Anthony     | Cabrio      |  3000.00 |
| Kelly       | Chung       |  3800.00 |
| Jennifer    | Dilly       |  3600.00 |
| Timothy     | Gates       |  2900.00 |
| Sarah       | Bell        |  4000.00 |
| Britney     | Everett     |  3900.00 |
| Samuel      | McCain      |  3200.00 |
| Vance       | Jones       |  2800.00 |
| Alana       | Walsh       |  3100.00 |
| Kevin       | Feeney      |  3000.00 |
| Donald      | OConnell    |  2600.00 |
| Douglas     | Grant       |  2600.00 |
| Jennifer    | Whalen      |  4400.00 |
| Michael     | Hartstein   | 13000.00 |
| Pat         | Fay         |  6000.00 |
| Susan       | Mavris      |  6500.00 |
| Hermann     | Baer        | 10000.00 |
| Shelley     | Higgins     | 12008.00 |
| PAWAN       | YADAV       | 70000.00 |
+-------------+-------------+----------+
96 rows in set (0.00 sec)

mysql> select a.fname,b.fname from employees a join employees b on a.manager_id=b.manager_id;
+-------------+-------------+
| fname       | fname       |
+-------------+-------------+
| Steven      | Steven      |
| Michael     | Neena       |
| Eleni       | Neena       |
| Gerald      | Neena       |
| Alberto     | Neena       |
| Karen       | Neena       |
| John        | Neena       |
| Kevin       | Neena       |
| Shanta      | Neena       |
| Payam       | Neena       |
| Adam        | Neena       |
| Matthew     | Neena       |
| Den         | Neena       |
| Lex         | Neena       |
| Neena       | Neena       |
| Michael     | Lex         |
| Eleni       | Lex         |
| Gerald      | Lex         |
| Alberto     | Lex         |
| Karen       | Lex         |
| John        | Lex         |
| Kevin       | Lex         |
| Shanta      | Lex         |
| Payam       | Lex         |
| Adam        | Lex         |
| Matthew     | Lex         |
| Den         | Lex         |
| Lex         | Lex         |
| Neena       | Lex         |
| Alexander   | Alexander   |
| Diana       | Bruce       |
| Valli       | Bruce       |
| David       | Bruce       |
| Bruce       | Bruce       |
| Diana       | David       |
| Valli       | David       |
| David       | David       |
| Bruce       | David       |
| Diana       | Valli       |
| Valli       | Valli       |
| David       | Valli       |
| Bruce       | Valli       |
| Diana       | Diana       |
| Valli       | Diana       |
| David       | Diana       |
| Bruce       | Diana       |
| Shelley     | Nancy       |
| Hermann     | Nancy       |
| Susan       | Nancy       |
| Jennifer    | Nancy       |
| Nancy       | Nancy       |
| Luis        | Daniel      |
| Jose Manuel | Daniel      |
| Ismael      | Daniel      |
| John        | Daniel      |
| Daniel      | Daniel      |
| Luis        | John        |
| Jose Manuel | John        |
| Ismael      | John        |
| John        | John        |
| Daniel      | John        |
| Luis        | Ismael      |
| Jose Manuel | Ismael      |
| Ismael      | Ismael      |
| John        | Ismael      |
| Daniel      | Ismael      |
| Luis        | Jose Manuel |
| Jose Manuel | Jose Manuel |
| Ismael      | Jose Manuel |
| John        | Jose Manuel |
| Daniel      | Jose Manuel |
| Luis        | Luis        |
| Jose Manuel | Luis        |
| Ismael      | Luis        |
| John        | Luis        |
| Daniel      | Luis        |
| Michael     | Den         |
| Eleni       | Den         |
| Gerald      | Den         |
| Alberto     | Den         |
| Karen       | Den         |
| John        | Den         |
| Kevin       | Den         |
| Shanta      | Den         |
| Payam       | Den         |
| Adam        | Den         |
| Matthew     | Den         |
| Den         | Den         |
| Lex         | Den         |
| Neena       | Den         |
| Karen       | Alexander   |
| Guy         | Alexander   |
| Sigal       | Alexander   |
| Shelli      | Alexander   |
| Alexander   | Alexander   |
| Karen       | Shelli      |
| Guy         | Shelli      |
| Sigal       | Shelli      |
| Shelli      | Shelli      |
| Alexander   | Shelli      |
| Karen       | Sigal       |
| Guy         | Sigal       |
| Sigal       | Sigal       |
| Shelli      | Sigal       |
| Alexander   | Sigal       |
| Karen       | Guy         |
| Guy         | Guy         |
| Sigal       | Guy         |
| Shelli      | Guy         |
| Alexander   | Guy         |
| Karen       | Karen       |
| Guy         | Karen       |
| Sigal       | Karen       |
| Shelli      | Karen       |
| Alexander   | Karen       |
| Michael     | Matthew     |
| Eleni       | Matthew     |
| Gerald      | Matthew     |
| Alberto     | Matthew     |
| Karen       | Matthew     |
| John        | Matthew     |
| Kevin       | Matthew     |
| Shanta      | Matthew     |
| Payam       | Matthew     |
| Adam        | Matthew     |
| Matthew     | Matthew     |
| Den         | Matthew     |
| Lex         | Matthew     |
| Neena       | Matthew     |
| Michael     | Adam        |
| Eleni       | Adam        |
| Gerald      | Adam        |
| Alberto     | Adam        |
| Karen       | Adam        |
| John        | Adam        |
| Kevin       | Adam        |
| Shanta      | Adam        |
| Payam       | Adam        |
| Adam        | Adam        |
| Matthew     | Adam        |
| Den         | Adam        |
| Lex         | Adam        |
| Neena       | Adam        |
| Michael     | Payam       |
| Eleni       | Payam       |
| Gerald      | Payam       |
| Alberto     | Payam       |
| Karen       | Payam       |
| John        | Payam       |
| Kevin       | Payam       |
| Shanta      | Payam       |
| Payam       | Payam       |
| Adam        | Payam       |
| Matthew     | Payam       |
| Den         | Payam       |
| Lex         | Payam       |
| Neena       | Payam       |
| Michael     | Shanta      |
| Eleni       | Shanta      |
| Gerald      | Shanta      |
| Alberto     | Shanta      |
| Karen       | Shanta      |
| John        | Shanta      |
| Kevin       | Shanta      |
| Shanta      | Shanta      |
| Payam       | Shanta      |
| Adam        | Shanta      |
| Matthew     | Shanta      |
| Den         | Shanta      |
| Lex         | Shanta      |
| Neena       | Shanta      |
| Michael     | Kevin       |
| Eleni       | Kevin       |
| Gerald      | Kevin       |
| Alberto     | Kevin       |
| Karen       | Kevin       |
| John        | Kevin       |
| Kevin       | Kevin       |
| Shanta      | Kevin       |
| Payam       | Kevin       |
| Adam        | Kevin       |
| Matthew     | Kevin       |
| Den         | Kevin       |
| Lex         | Kevin       |
| Neena       | Kevin       |
| Girard      | Julia       |
| Martha      | Julia       |
| Jean        | Julia       |
| Winston     | Julia       |
| Steven      | Julia       |
| James       | Julia       |
| Irene       | Julia       |
| Julia       | Julia       |
| Girard      | Irene       |
| Martha      | Irene       |
| Jean        | Irene       |
| Winston     | Irene       |
| Steven      | Irene       |
| James       | Irene       |
| Irene       | Irene       |
| Julia       | Irene       |
| Girard      | James       |
| Martha      | James       |
| Jean        | James       |
| Winston     | James       |
| Steven      | James       |
| James       | James       |
| Irene       | James       |
| Julia       | James       |
| Girard      | Steven      |
| Martha      | Steven      |
| Jean        | Steven      |
| Winston     | Steven      |
| Steven      | Steven      |
| James       | Steven      |
| Irene       | Steven      |
| Julia       | Steven      |
| Anthony     | Laura       |
| Julia       | Laura       |
| Alexis      | Laura       |
| Nandita     | Laura       |
| TJ          | Laura       |
| James       | Laura       |
| Mozhe       | Laura       |
| Laura       | Laura       |
| Anthony     | Mozhe       |
| Julia       | Mozhe       |
| Alexis      | Mozhe       |
| Nandita     | Mozhe       |
| TJ          | Mozhe       |
| James       | Mozhe       |
| Mozhe       | Mozhe       |
| Laura       | Mozhe       |
| Anthony     | James       |
| Julia       | James       |
| Alexis      | James       |
| Nandita     | James       |
| TJ          | James       |
| James       | James       |
| Mozhe       | James       |
| Laura       | James       |
| Anthony     | TJ          |
| Julia       | TJ          |
| Alexis      | TJ          |
| Nandita     | TJ          |
| TJ          | TJ          |
| James       | TJ          |
| Mozhe       | TJ          |
| Laura       | TJ          |
| Randall     | Jason       |
| Timothy     | Jason       |
| Jennifer    | Jason       |
| Kelly       | Jason       |
| Hazel       | Jason       |
| Ki          | Jason       |
| Michael     | Jason       |
| Jason       | Jason       |
| Randall     | Michael     |
| Timothy     | Michael     |
| Jennifer    | Michael     |
| Kelly       | Michael     |
| Hazel       | Michael     |
| Ki          | Michael     |
| Michael     | Michael     |
| Jason       | Michael     |
| Randall     | Ki          |
| Timothy     | Ki          |
| Jennifer    | Ki          |
| Kelly       | Ki          |
| Hazel       | Ki          |
| Ki          | Ki          |
| Michael     | Ki          |
| Jason       | Ki          |
| Randall     | Hazel       |
| Timothy     | Hazel       |
| Jennifer    | Hazel       |
| Kelly       | Hazel       |
| Hazel       | Hazel       |
| Ki          | Hazel       |
| Michael     | Hazel       |
| Jason       | Hazel       |
| Vance       | Renske      |
| Samuel      | Renske      |
| Britney     | Renske      |
| Sarah       | Renske      |
| Joshua      | Renske      |
| John        | Renske      |
| Stephen     | Renske      |
| Renske      | Renske      |
| Vance       | Stephen     |
| Samuel      | Stephen     |
| Britney     | Stephen     |
| Sarah       | Stephen     |
| Joshua      | Stephen     |
| John        | Stephen     |
| Stephen     | Stephen     |
| Renske      | Stephen     |
| Vance       | John        |
| Samuel      | John        |
| Britney     | John        |
| Sarah       | John        |
| Joshua      | John        |
| John        | John        |
| Stephen     | John        |
| Renske      | John        |
| Vance       | Joshua      |
| Samuel      | Joshua      |
| Britney     | Joshua      |
| Sarah       | Joshua      |
| Joshua      | Joshua      |
| John        | Joshua      |
| Stephen     | Joshua      |
| Renske      | Joshua      |
| Douglas     | Trenna      |
| Donald      | Trenna      |
| Kevin       | Trenna      |
| Alana       | Trenna      |
| Peter       | Trenna      |
| Randall     | Trenna      |
| Curtis      | Trenna      |
| Trenna      | Trenna      |
| Douglas     | Curtis      |
| Donald      | Curtis      |
| Kevin       | Curtis      |
| Alana       | Curtis      |
| Peter       | Curtis      |
| Randall     | Curtis      |
| Curtis      | Curtis      |
| Trenna      | Curtis      |
| Douglas     | Randall     |
| Donald      | Randall     |
| Kevin       | Randall     |
| Alana       | Randall     |
| Peter       | Randall     |
| Randall     | Randall     |
| Curtis      | Randall     |
| Trenna      | Randall     |
| Douglas     | Peter       |
| Donald      | Peter       |
| Kevin       | Peter       |
| Alana       | Peter       |
| Peter       | Peter       |
| Randall     | Peter       |
| Curtis      | Peter       |
| Trenna      | Peter       |
| Michael     | John        |
| Eleni       | John        |
| Gerald      | John        |
| Alberto     | John        |
| Karen       | John        |
| John        | John        |
| Kevin       | John        |
| Shanta      | John        |
| Payam       | John        |
| Adam        | John        |
| Matthew     | John        |
| Den         | John        |
| Lex         | John        |
| Neena       | John        |
| Michael     | Karen       |
| Eleni       | Karen       |
| Gerald      | Karen       |
| Alberto     | Karen       |
| Karen       | Karen       |
| John        | Karen       |
| Kevin       | Karen       |
| Shanta      | Karen       |
| Payam       | Karen       |
| Adam        | Karen       |
| Matthew     | Karen       |
| Den         | Karen       |
| Lex         | Karen       |
| Neena       | Karen       |
| Michael     | Alberto     |
| Eleni       | Alberto     |
| Gerald      | Alberto     |
| Alberto     | Alberto     |
| Karen       | Alberto     |
| John        | Alberto     |
| Kevin       | Alberto     |
| Shanta      | Alberto     |
| Payam       | Alberto     |
| Adam        | Alberto     |
| Matthew     | Alberto     |
| Den         | Alberto     |
| Lex         | Alberto     |
| Neena       | Alberto     |
| Michael     | Gerald      |
| Eleni       | Gerald      |
| Gerald      | Gerald      |
| Alberto     | Gerald      |
| Karen       | Gerald      |
| John        | Gerald      |
| Kevin       | Gerald      |
| Shanta      | Gerald      |
| Payam       | Gerald      |
| Adam        | Gerald      |
| Matthew     | Gerald      |
| Den         | Gerald      |
| Lex         | Gerald      |
| Neena       | Gerald      |
| Michael     | Eleni       |
| Eleni       | Eleni       |
| Gerald      | Eleni       |
| Alberto     | Eleni       |
| Karen       | Eleni       |
| John        | Eleni       |
| Kevin       | Eleni       |
| Shanta      | Eleni       |
| Payam       | Eleni       |
| Adam        | Eleni       |
| Matthew     | Eleni       |
| Den         | Eleni       |
| Lex         | Eleni       |
| Neena       | Eleni       |
| Oliver      | Peter       |
| Nanette     | Peter       |
| Christopher | Peter       |
| Peter       | Peter       |
| David       | Peter       |
| Peter       | Peter       |
| Oliver      | David       |
| Nanette     | David       |
| Christopher | David       |
| Peter       | David       |
| David       | David       |
| Peter       | David       |
| Oliver      | Peter       |
| Nanette     | Peter       |
| Christopher | Peter       |
| Peter       | Peter       |
| David       | Peter       |
| Peter       | Peter       |
| Oliver      | Christopher |
| Nanette     | Christopher |
| Christopher | Christopher |
| Peter       | Christopher |
| David       | Christopher |
| Peter       | Christopher |
| Oliver      | Nanette     |
| Nanette     | Nanette     |
| Christopher | Nanette     |
| Peter       | Nanette     |
| David       | Nanette     |
| Peter       | Nanette     |
| Oliver      | Oliver      |
| Nanette     | Oliver      |
| Christopher | Oliver      |
| Peter       | Oliver      |
| David       | Oliver      |
| Peter       | Oliver      |
| Sarath      | Janette     |
| Louise      | Janette     |
| Lindsey     | Janette     |
| Allan       | Janette     |
| Patrick     | Janette     |
| Janette     | Janette     |
| Sarath      | Patrick     |
| Louise      | Patrick     |
| Lindsey     | Patrick     |
| Allan       | Patrick     |
| Patrick     | Patrick     |
| Janette     | Patrick     |
| Sarath      | Allan       |
| Louise      | Allan       |
| Lindsey     | Allan       |
| Allan       | Allan       |
| Patrick     | Allan       |
| Janette     | Allan       |
| Sarath      | Lindsey     |
| Louise      | Lindsey     |
| Lindsey     | Lindsey     |
| Allan       | Lindsey     |
| Patrick     | Lindsey     |
| Janette     | Lindsey     |
| Sarath      | Louise      |
| Louise      | Louise      |
| Lindsey     | Louise      |
| Allan       | Louise      |
| Patrick     | Louise      |
| Janette     | Louise      |
| Sarath      | Sarath      |
| Louise      | Sarath      |
| Lindsey     | Sarath      |
| Allan       | Sarath      |
| Patrick     | Sarath      |
| Janette     | Sarath      |
| Amit        | Clara       |
| Sunder      | Clara       |
| David       | Clara       |
| Mattea      | Clara       |
| Danielle    | Clara       |
| Clara       | Clara       |
| Amit        | Danielle    |
| Sunder      | Danielle    |
| David       | Danielle    |
| Mattea      | Danielle    |
| Danielle    | Danielle    |
| Clara       | Danielle    |
| Amit        | Mattea      |
| Sunder      | Mattea      |
| David       | Mattea      |
| Mattea      | Mattea      |
| Danielle    | Mattea      |
| Clara       | Mattea      |
| Amit        | David       |
| Sunder      | David       |
| David       | David       |
| Mattea      | David       |
| Danielle    | David       |
| Clara       | David       |
| Amit        | Sunder      |
| Sunder      | Sunder      |
| David       | Sunder      |
| Mattea      | Sunder      |
| Danielle    | Sunder      |
| Clara       | Sunder      |
| Amit        | Amit        |
| Sunder      | Amit        |
| David       | Amit        |
| Mattea      | Amit        |
| Danielle    | Amit        |
| Clara       | Amit        |
| Elizabeth   | Lisa        |
| Sundita     | Lisa        |
| William     | Lisa        |
| Tayler      | Lisa        |
| Harrison    | Lisa        |
| Lisa        | Lisa        |
| Elizabeth   | Harrison    |
| Sundita     | Harrison    |
| William     | Harrison    |
| Tayler      | Harrison    |
| Harrison    | Harrison    |
| Lisa        | Harrison    |
| Elizabeth   | Tayler      |
| Sundita     | Tayler      |
| William     | Tayler      |
| Tayler      | Tayler      |
| Harrison    | Tayler      |
| Lisa        | Tayler      |
| Elizabeth   | William     |
| Sundita     | William     |
| William     | William     |
| Tayler      | William     |
| Harrison    | William     |
| Lisa        | William     |
| Elizabeth   | Sundita     |
| Sundita     | Sundita     |
| William     | Sundita     |
| Tayler      | Sundita     |
| Harrison    | Sundita     |
| Lisa        | Sundita     |
| Elizabeth   | Elizabeth   |
| Sundita     | Elizabeth   |
| William     | Elizabeth   |
| Tayler      | Elizabeth   |
| Harrison    | Elizabeth   |
| Lisa        | Elizabeth   |
| Charles     | Ellen       |
| Kimberely   | Ellen       |
| Jack        | Ellen       |
| Jonathon    | Ellen       |
| Alyssa      | Ellen       |
| Ellen       | Ellen       |
| Charles     | Alyssa      |
| Kimberely   | Alyssa      |
| Jack        | Alyssa      |
| Jonathon    | Alyssa      |
| Alyssa      | Alyssa      |
| Ellen       | Alyssa      |
| Charles     | Jonathon    |
| Kimberely   | Jonathon    |
| Jack        | Jonathon    |
| Jonathon    | Jonathon    |
| Alyssa      | Jonathon    |
| Ellen       | Jonathon    |
| Charles     | Jack        |
| Kimberely   | Jack        |
| Jack        | Jack        |
| Jonathon    | Jack        |
| Alyssa      | Jack        |
| Ellen       | Jack        |
| Charles     | Kimberely   |
| Kimberely   | Kimberely   |
| Jack        | Kimberely   |
| Jonathon    | Kimberely   |
| Alyssa      | Kimberely   |
| Ellen       | Kimberely   |
| Charles     | Charles     |
| Kimberely   | Charles     |
| Jack        | Charles     |
| Jonathon    | Charles     |
| Alyssa      | Charles     |
| Ellen       | Charles     |
| Girard      | Winston     |
| Martha      | Winston     |
| Jean        | Winston     |
| Winston     | Winston     |
| Steven      | Winston     |
| James       | Winston     |
| Irene       | Winston     |
| Julia       | Winston     |
| Girard      | Jean        |
| Martha      | Jean        |
| Jean        | Jean        |
| Winston     | Jean        |
| Steven      | Jean        |
| James       | Jean        |
| Irene       | Jean        |
| Julia       | Jean        |
| Girard      | Martha      |
| Martha      | Martha      |
| Jean        | Martha      |
| Winston     | Martha      |
| Steven      | Martha      |
| James       | Martha      |
| Irene       | Martha      |
| Julia       | Martha      |
| Girard      | Girard      |
| Martha      | Girard      |
| Jean        | Girard      |
| Winston     | Girard      |
| Steven      | Girard      |
| James       | Girard      |
| Irene       | Girard      |
| Julia       | Girard      |
| Anthony     | Nandita     |
| Julia       | Nandita     |
| Alexis      | Nandita     |
| Nandita     | Nandita     |
| TJ          | Nandita     |
| James       | Nandita     |
| Mozhe       | Nandita     |
| Laura       | Nandita     |
| Anthony     | Alexis      |
| Julia       | Alexis      |
| Alexis      | Alexis      |
| Nandita     | Alexis      |
| TJ          | Alexis      |
| James       | Alexis      |
| Mozhe       | Alexis      |
| Laura       | Alexis      |
| Anthony     | Julia       |
| Julia       | Julia       |
| Alexis      | Julia       |
| Nandita     | Julia       |
| TJ          | Julia       |
| James       | Julia       |
| Mozhe       | Julia       |
| Laura       | Julia       |
| Anthony     | Anthony     |
| Julia       | Anthony     |
| Alexis      | Anthony     |
| Nandita     | Anthony     |
| TJ          | Anthony     |
| James       | Anthony     |
| Mozhe       | Anthony     |
| Laura       | Anthony     |
| Randall     | Kelly       |
| Timothy     | Kelly       |
| Jennifer    | Kelly       |
| Kelly       | Kelly       |
| Hazel       | Kelly       |
| Ki          | Kelly       |
| Michael     | Kelly       |
| Jason       | Kelly       |
| Randall     | Jennifer    |
| Timothy     | Jennifer    |
| Jennifer    | Jennifer    |
| Kelly       | Jennifer    |
| Hazel       | Jennifer    |
| Ki          | Jennifer    |
| Michael     | Jennifer    |
| Jason       | Jennifer    |
| Randall     | Timothy     |
| Timothy     | Timothy     |
| Jennifer    | Timothy     |
| Kelly       | Timothy     |
| Hazel       | Timothy     |
| Ki          | Timothy     |
| Michael     | Timothy     |
| Jason       | Timothy     |
| Randall     | Randall     |
| Timothy     | Randall     |
| Jennifer    | Randall     |
| Kelly       | Randall     |
| Hazel       | Randall     |
| Ki          | Randall     |
| Michael     | Randall     |
| Jason       | Randall     |
| Vance       | Sarah       |
| Samuel      | Sarah       |
| Britney     | Sarah       |
| Sarah       | Sarah       |
| Joshua      | Sarah       |
| John        | Sarah       |
| Stephen     | Sarah       |
| Renske      | Sarah       |
| Vance       | Britney     |
| Samuel      | Britney     |
| Britney     | Britney     |
| Sarah       | Britney     |
| Joshua      | Britney     |
| John        | Britney     |
| Stephen     | Britney     |
| Renske      | Britney     |
| Vance       | Samuel      |
| Samuel      | Samuel      |
| Britney     | Samuel      |
| Sarah       | Samuel      |
| Joshua      | Samuel      |
| John        | Samuel      |
| Stephen     | Samuel      |
| Renske      | Samuel      |
| Vance       | Vance       |
| Samuel      | Vance       |
| Britney     | Vance       |
| Sarah       | Vance       |
| Joshua      | Vance       |
| John        | Vance       |
| Stephen     | Vance       |
| Renske      | Vance       |
| Douglas     | Alana       |
| Donald      | Alana       |
| Kevin       | Alana       |
| Alana       | Alana       |
| Peter       | Alana       |
| Randall     | Alana       |
| Curtis      | Alana       |
| Trenna      | Alana       |
| Douglas     | Kevin       |
| Donald      | Kevin       |
| Kevin       | Kevin       |
| Alana       | Kevin       |
| Peter       | Kevin       |
| Randall     | Kevin       |
| Curtis      | Kevin       |
| Trenna      | Kevin       |
| Douglas     | Donald      |
| Donald      | Donald      |
| Kevin       | Donald      |
| Alana       | Donald      |
| Peter       | Donald      |
| Randall     | Donald      |
| Curtis      | Donald      |
| Trenna      | Donald      |
| Douglas     | Douglas     |
| Donald      | Douglas     |
| Kevin       | Douglas     |
| Alana       | Douglas     |
| Peter       | Douglas     |
| Randall     | Douglas     |
| Curtis      | Douglas     |
| Trenna      | Douglas     |
| Shelley     | Jennifer    |
| Hermann     | Jennifer    |
| Susan       | Jennifer    |
| Jennifer    | Jennifer    |
| Nancy       | Jennifer    |
| Michael     | Michael     |
| Eleni       | Michael     |
| Gerald      | Michael     |
| Alberto     | Michael     |
| Karen       | Michael     |
| John        | Michael     |
| Kevin       | Michael     |
| Shanta      | Michael     |
| Payam       | Michael     |
| Adam        | Michael     |
| Matthew     | Michael     |
| Den         | Michael     |
| Lex         | Michael     |
| Neena       | Michael     |
| Pat         | Pat         |
| Shelley     | Susan       |
| Hermann     | Susan       |
| Susan       | Susan       |
| Jennifer    | Susan       |
| Nancy       | Susan       |
| Shelley     | Hermann     |
| Hermann     | Hermann     |
| Susan       | Hermann     |
| Jennifer    | Hermann     |
| Nancy       | Hermann     |
| Shelley     | Shelley     |
| Hermann     | Shelley     |
| Susan       | Shelley     |
| Jennifer    | Shelley     |
| Nancy       | Shelley     |
| PAWAN       | PAWAN       |
+-------------+-------------+
791 rows in set (0.01 sec)

mysql> select a.name,b.city,b.state_province from departments a join locations b on a.location_id=b.lo
cation_id;
+----------------------+---------------------+----------------+
| name                 | city                | state_province |
+----------------------+---------------------+----------------+
| Admin                | Seattle             | Washington     |
| Marketing            | Toronto             | Ontario        |
| Purchasing           | Seattle             | Washington     |
| HR                   | London              |                |
| Shipping             | South San Francisco | California     |
| IT                   | Southlake           | Texas          |
| Public Relations     | Munich              | Bavaria        |
| Sales                | Oxford              | Oxford         |
| Executive            | Seattle             | Washington     |
| Finance              | Seattle             | Washington     |
| Accounting           | Seattle             | Washington     |
| Treasury             | Seattle             | Washington     |
| Corporate Tax        | Seattle             | Washington     |
| Control and Credit   | Seattle             | Washington     |
| Shareholder Services | Seattle             | Washington     |
| Benifits             | Seattle             | Washington     |
| Manufacturing        | Seattle             | Washington     |
| Construction         | Seattle             | Washington     |
| Contracting          | Seattle             | Washington     |
| Operations           | Seattle             | Washington     |
| IT Supports          | Seattle             | Washington     |
| NOC                  | Seattle             | Washington     |
| IT Helpdesk          | Seattle             | Washington     |
| Government Sales     | Seattle             | Washington     |
| Retail Sales         | Seattle             | Washington     |
| Recruiting           | Seattle             | Washington     |
| Payroll              | Seattle             | Washington     |
+----------------------+---------------------+----------------+
27 rows in set (0.00 sec)

mysql> select a.fname,a.lname,b.department_id,b.name from  employees a left outer join departments b o
n a.department_id=b.department_id;
+-------------+-------------+---------------+------------------+
| fname       | lname       | department_id | name             |
+-------------+-------------+---------------+------------------+
| Steven      | King        |            90 | Executive        |
| Neena       | Kochhar     |            90 | Executive        |
| Lex         | De Haan     |            90 | Executive        |
| Alexander   | Hunold      |            60 | IT               |
| Bruce       | Ernst       |            60 | IT               |
| David       | Austin      |            60 | IT               |
| Valli       | Pataballa   |            60 | IT               |
| Diana       | Lorentz     |            60 | IT               |
| Nancy       | Greenberg   |           100 | Finance          |
| Daniel      | Faviet      |           100 | Finance          |
| John        | Chen        |           100 | Finance          |
| Ismael      | Sciarra     |           100 | Finance          |
| Jose Manuel | Urman       |           100 | Finance          |
| Luis        | Popp        |           100 | Finance          |
| Den         | Raphaely    |            30 | Purchasing       |
| Alexander   | Khoo        |            30 | Purchasing       |
| Shelli      | Baida       |            30 | Purchasing       |
| Sigal       | Tobias      |            30 | Purchasing       |
| Guy         | Himuro      |            30 | Purchasing       |
| Karen       | Colmenares  |            30 | Purchasing       |
| Matthew     | Weiss       |            50 | Shipping         |
| Adam        | Fripp       |            50 | Shipping         |
| Payam       | Kaufling    |            50 | Shipping         |
| Shanta      | Vollman     |            50 | Shipping         |
| Kevin       | Mourgos     |            50 | Shipping         |
| Julia       | Nayer       |            50 | Shipping         |
| Irene       | Mikkilineni |            50 | Shipping         |
| James       | Landry      |            50 | Shipping         |
| Steven      | Markle      |            50 | Shipping         |
| Laura       | Bissot      |            50 | Shipping         |
| Mozhe       | Atkinson    |            50 | Shipping         |
| James       | Marlow      |            50 | Shipping         |
| TJ          | Olson       |            50 | Shipping         |
| Jason       | Mallin      |            50 | Shipping         |
| Michael     | Rogers      |            50 | Shipping         |
| Ki          | Gee         |            50 | Shipping         |
| Hazel       | Philtanker  |            50 | Shipping         |
| Renske      | Ladwig      |            50 | Shipping         |
| Stephen     | Stiles      |            50 | Shipping         |
| John        | Seo         |            50 | Shipping         |
| Joshua      | Patel       |            50 | Shipping         |
| Trenna      | Rajs        |            50 | Shipping         |
| Curtis      | Davies      |            50 | Shipping         |
| Randall     | Matos       |            50 | Shipping         |
| Peter       | Vargas      |            50 | Shipping         |
| John        | Russell     |            80 | Sales            |
| Karen       | Partners    |            80 | Sales            |
| Alberto     | Errazuriz   |            80 | Sales            |
| Gerald      | Cambrault   |            80 | Sales            |
| Eleni       | Zlotkey     |            80 | Sales            |
| Peter       | Tucker      |            80 | Sales            |
| David       | Bernstein   |            80 | Sales            |
| Peter       | Hall        |            80 | Sales            |
| Christopher | Olsen       |            80 | Sales            |
| Nanette     | Cambrault   |            80 | Sales            |
| Oliver      | Tuvault     |            80 | Sales            |
| Janette     | King        |            80 | Sales            |
| Patrick     | Sully       |            80 | Sales            |
| Allan       | McEwen      |            80 | Sales            |
| Lindsey     | Smith       |            80 | Sales            |
| Louise      | Doran       |            80 | Sales            |
| Sarath      | Sewall      |            80 | Sales            |
| Clara       | Vishney     |            80 | Sales            |
| Danielle    | Greene      |            80 | Sales            |
| Mattea      | Marvins     |            80 | Sales            |
| David       | Lee         |            80 | Sales            |
| Sunder      | Ande        |            80 | Sales            |
| Amit        | Banda       |            80 | Sales            |
| Lisa        | Ozer        |            80 | Sales            |
| Harrison    | Bloom       |            80 | Sales            |
| Tayler      | Fox         |            80 | Sales            |
| William     | Smith       |            80 | Sales            |
| Sundita     | Kumar       |            80 | Sales            |
| Elizabeth   | Bates       |            80 | Sales            |
| Ellen       | Abel        |            80 | Sales            |
| Alyssa      | Hutton      |            80 | Sales            |
| Jonathon    | Taylor      |            80 | Sales            |
| Jack        | Livingston  |            80 | Sales            |
| Kimberely   | Grant       |            80 | Sales            |
| Charles     | Johnson     |            80 | Sales            |
| Winston     | Taylor      |            50 | Shipping         |
| Jean        | Fleaur      |            50 | Shipping         |
| Martha      | Sullivan    |            50 | Shipping         |
| Girard      | Geoni       |            50 | Shipping         |
| Nandita     | Sarchand    |            50 | Shipping         |
| Alexis      | Bull        |            50 | Shipping         |
| Julia       | Dellinger   |            50 | Shipping         |
| Anthony     | Cabrio      |            50 | Shipping         |
| Kelly       | Chung       |            50 | Shipping         |
| Jennifer    | Dilly       |            50 | Shipping         |
| Timothy     | Gates       |            50 | Shipping         |
| Randall     | Perkins     |            50 | Shipping         |
| Sarah       | Bell        |            50 | Shipping         |
| Britney     | Everett     |            50 | Shipping         |
| Samuel      | McCain      |            50 | Shipping         |
| Vance       | Jones       |            50 | Shipping         |
| Alana       | Walsh       |            50 | Shipping         |
| Kevin       | Feeney      |            50 | Shipping         |
| Donald      | OConnell    |            50 | Shipping         |
| Douglas     | Grant       |            50 | Shipping         |
| Jennifer    | Whalen      |            10 | Admin            |
| Michael     | Hartstein   |            20 | Marketing        |
| Pat         | Fay         |            20 | Marketing        |
| Susan       | Mavris      |            40 | HR               |
| Hermann     | Baer        |            70 | Public Relations |
| Shelley     | Higgins     |           110 | Accounting       |
| PAWAN       | YADAV       |           110 | Accounting       |
+-------------+-------------+---------------+------------------+
107 rows in set (0.01 sec)

mysql> select a.fname,b.fname from employees a left outer join employees b on a.manager_id=b.manager_i
d;
+-------------+-------------+
| fname       | fname       |
+-------------+-------------+
| Steven      | Steven      |
| Neena       | Michael     |
| Neena       | Eleni       |
| Neena       | Gerald      |
| Neena       | Alberto     |
| Neena       | Karen       |
| Neena       | John        |
| Neena       | Kevin       |
| Neena       | Shanta      |
| Neena       | Payam       |
| Neena       | Adam        |
| Neena       | Matthew     |
| Neena       | Den         |
| Neena       | Lex         |
| Neena       | Neena       |
| Lex         | Michael     |
| Lex         | Eleni       |
| Lex         | Gerald      |
| Lex         | Alberto     |
| Lex         | Karen       |
| Lex         | John        |
| Lex         | Kevin       |
| Lex         | Shanta      |
| Lex         | Payam       |
| Lex         | Adam        |
| Lex         | Matthew     |
| Lex         | Den         |
| Lex         | Lex         |
| Lex         | Neena       |
| Alexander   | Alexander   |
| Bruce       | Diana       |
| Bruce       | Valli       |
| Bruce       | David       |
| Bruce       | Bruce       |
| David       | Diana       |
| David       | Valli       |
| David       | David       |
| David       | Bruce       |
| Valli       | Diana       |
| Valli       | Valli       |
| Valli       | David       |
| Valli       | Bruce       |
| Diana       | Diana       |
| Diana       | Valli       |
| Diana       | David       |
| Diana       | Bruce       |
| Nancy       | Shelley     |
| Nancy       | Hermann     |
| Nancy       | Susan       |
| Nancy       | Jennifer    |
| Nancy       | Nancy       |
| Daniel      | Luis        |
| Daniel      | Jose Manuel |
| Daniel      | Ismael      |
| Daniel      | John        |
| Daniel      | Daniel      |
| John        | Luis        |
| John        | Jose Manuel |
| John        | Ismael      |
| John        | John        |
| John        | Daniel      |
| Ismael      | Luis        |
| Ismael      | Jose Manuel |
| Ismael      | Ismael      |
| Ismael      | John        |
| Ismael      | Daniel      |
| Jose Manuel | Luis        |
| Jose Manuel | Jose Manuel |
| Jose Manuel | Ismael      |
| Jose Manuel | John        |
| Jose Manuel | Daniel      |
| Luis        | Luis        |
| Luis        | Jose Manuel |
| Luis        | Ismael      |
| Luis        | John        |
| Luis        | Daniel      |
| Den         | Michael     |
| Den         | Eleni       |
| Den         | Gerald      |
| Den         | Alberto     |
| Den         | Karen       |
| Den         | John        |
| Den         | Kevin       |
| Den         | Shanta      |
| Den         | Payam       |
| Den         | Adam        |
| Den         | Matthew     |
| Den         | Den         |
| Den         | Lex         |
| Den         | Neena       |
| Alexander   | Karen       |
| Alexander   | Guy         |
| Alexander   | Sigal       |
| Alexander   | Shelli      |
| Alexander   | Alexander   |
| Shelli      | Karen       |
| Shelli      | Guy         |
| Shelli      | Sigal       |
| Shelli      | Shelli      |
| Shelli      | Alexander   |
| Sigal       | Karen       |
| Sigal       | Guy         |
| Sigal       | Sigal       |
| Sigal       | Shelli      |
| Sigal       | Alexander   |
| Guy         | Karen       |
| Guy         | Guy         |
| Guy         | Sigal       |
| Guy         | Shelli      |
| Guy         | Alexander   |
| Karen       | Karen       |
| Karen       | Guy         |
| Karen       | Sigal       |
| Karen       | Shelli      |
| Karen       | Alexander   |
| Matthew     | Michael     |
| Matthew     | Eleni       |
| Matthew     | Gerald      |
| Matthew     | Alberto     |
| Matthew     | Karen       |
| Matthew     | John        |
| Matthew     | Kevin       |
| Matthew     | Shanta      |
| Matthew     | Payam       |
| Matthew     | Adam        |
| Matthew     | Matthew     |
| Matthew     | Den         |
| Matthew     | Lex         |
| Matthew     | Neena       |
| Adam        | Michael     |
| Adam        | Eleni       |
| Adam        | Gerald      |
| Adam        | Alberto     |
| Adam        | Karen       |
| Adam        | John        |
| Adam        | Kevin       |
| Adam        | Shanta      |
| Adam        | Payam       |
| Adam        | Adam        |
| Adam        | Matthew     |
| Adam        | Den         |
| Adam        | Lex         |
| Adam        | Neena       |
| Payam       | Michael     |
| Payam       | Eleni       |
| Payam       | Gerald      |
| Payam       | Alberto     |
| Payam       | Karen       |
| Payam       | John        |
| Payam       | Kevin       |
| Payam       | Shanta      |
| Payam       | Payam       |
| Payam       | Adam        |
| Payam       | Matthew     |
| Payam       | Den         |
| Payam       | Lex         |
| Payam       | Neena       |
| Shanta      | Michael     |
| Shanta      | Eleni       |
| Shanta      | Gerald      |
| Shanta      | Alberto     |
| Shanta      | Karen       |
| Shanta      | John        |
| Shanta      | Kevin       |
| Shanta      | Shanta      |
| Shanta      | Payam       |
| Shanta      | Adam        |
| Shanta      | Matthew     |
| Shanta      | Den         |
| Shanta      | Lex         |
| Shanta      | Neena       |
| Kevin       | Michael     |
| Kevin       | Eleni       |
| Kevin       | Gerald      |
| Kevin       | Alberto     |
| Kevin       | Karen       |
| Kevin       | John        |
| Kevin       | Kevin       |
| Kevin       | Shanta      |
| Kevin       | Payam       |
| Kevin       | Adam        |
| Kevin       | Matthew     |
| Kevin       | Den         |
| Kevin       | Lex         |
| Kevin       | Neena       |
| Julia       | Girard      |
| Julia       | Martha      |
| Julia       | Jean        |
| Julia       | Winston     |
| Julia       | Steven      |
| Julia       | James       |
| Julia       | Irene       |
| Julia       | Julia       |
| Irene       | Girard      |
| Irene       | Martha      |
| Irene       | Jean        |
| Irene       | Winston     |
| Irene       | Steven      |
| Irene       | James       |
| Irene       | Irene       |
| Irene       | Julia       |
| James       | Girard      |
| James       | Martha      |
| James       | Jean        |
| James       | Winston     |
| James       | Steven      |
| James       | James       |
| James       | Irene       |
| James       | Julia       |
| Steven      | Girard      |
| Steven      | Martha      |
| Steven      | Jean        |
| Steven      | Winston     |
| Steven      | Steven      |
| Steven      | James       |
| Steven      | Irene       |
| Steven      | Julia       |
| Laura       | Anthony     |
| Laura       | Julia       |
| Laura       | Alexis      |
| Laura       | Nandita     |
| Laura       | TJ          |
| Laura       | James       |
| Laura       | Mozhe       |
| Laura       | Laura       |
| Mozhe       | Anthony     |
| Mozhe       | Julia       |
| Mozhe       | Alexis      |
| Mozhe       | Nandita     |
| Mozhe       | TJ          |
| Mozhe       | James       |
| Mozhe       | Mozhe       |
| Mozhe       | Laura       |
| James       | Anthony     |
| James       | Julia       |
| James       | Alexis      |
| James       | Nandita     |
| James       | TJ          |
| James       | James       |
| James       | Mozhe       |
| James       | Laura       |
| TJ          | Anthony     |
| TJ          | Julia       |
| TJ          | Alexis      |
| TJ          | Nandita     |
| TJ          | TJ          |
| TJ          | James       |
| TJ          | Mozhe       |
| TJ          | Laura       |
| Jason       | Randall     |
| Jason       | Timothy     |
| Jason       | Jennifer    |
| Jason       | Kelly       |
| Jason       | Hazel       |
| Jason       | Ki          |
| Jason       | Michael     |
| Jason       | Jason       |
| Michael     | Randall     |
| Michael     | Timothy     |
| Michael     | Jennifer    |
| Michael     | Kelly       |
| Michael     | Hazel       |
| Michael     | Ki          |
| Michael     | Michael     |
| Michael     | Jason       |
| Ki          | Randall     |
| Ki          | Timothy     |
| Ki          | Jennifer    |
| Ki          | Kelly       |
| Ki          | Hazel       |
| Ki          | Ki          |
| Ki          | Michael     |
| Ki          | Jason       |
| Hazel       | Randall     |
| Hazel       | Timothy     |
| Hazel       | Jennifer    |
| Hazel       | Kelly       |
| Hazel       | Hazel       |
| Hazel       | Ki          |
| Hazel       | Michael     |
| Hazel       | Jason       |
| Renske      | Vance       |
| Renske      | Samuel      |
| Renske      | Britney     |
| Renske      | Sarah       |
| Renske      | Joshua      |
| Renske      | John        |
| Renske      | Stephen     |
| Renske      | Renske      |
| Stephen     | Vance       |
| Stephen     | Samuel      |
| Stephen     | Britney     |
| Stephen     | Sarah       |
| Stephen     | Joshua      |
| Stephen     | John        |
| Stephen     | Stephen     |
| Stephen     | Renske      |
| John        | Vance       |
| John        | Samuel      |
| John        | Britney     |
| John        | Sarah       |
| John        | Joshua      |
| John        | John        |
| John        | Stephen     |
| John        | Renske      |
| Joshua      | Vance       |
| Joshua      | Samuel      |
| Joshua      | Britney     |
| Joshua      | Sarah       |
| Joshua      | Joshua      |
| Joshua      | John        |
| Joshua      | Stephen     |
| Joshua      | Renske      |
| Trenna      | Douglas     |
| Trenna      | Donald      |
| Trenna      | Kevin       |
| Trenna      | Alana       |
| Trenna      | Peter       |
| Trenna      | Randall     |
| Trenna      | Curtis      |
| Trenna      | Trenna      |
| Curtis      | Douglas     |
| Curtis      | Donald      |
| Curtis      | Kevin       |
| Curtis      | Alana       |
| Curtis      | Peter       |
| Curtis      | Randall     |
| Curtis      | Curtis      |
| Curtis      | Trenna      |
| Randall     | Douglas     |
| Randall     | Donald      |
| Randall     | Kevin       |
| Randall     | Alana       |
| Randall     | Peter       |
| Randall     | Randall     |
| Randall     | Curtis      |
| Randall     | Trenna      |
| Peter       | Douglas     |
| Peter       | Donald      |
| Peter       | Kevin       |
| Peter       | Alana       |
| Peter       | Peter       |
| Peter       | Randall     |
| Peter       | Curtis      |
| Peter       | Trenna      |
| John        | Michael     |
| John        | Eleni       |
| John        | Gerald      |
| John        | Alberto     |
| John        | Karen       |
| John        | John        |
| John        | Kevin       |
| John        | Shanta      |
| John        | Payam       |
| John        | Adam        |
| John        | Matthew     |
| John        | Den         |
| John        | Lex         |
| John        | Neena       |
| Karen       | Michael     |
| Karen       | Eleni       |
| Karen       | Gerald      |
| Karen       | Alberto     |
| Karen       | Karen       |
| Karen       | John        |
| Karen       | Kevin       |
| Karen       | Shanta      |
| Karen       | Payam       |
| Karen       | Adam        |
| Karen       | Matthew     |
| Karen       | Den         |
| Karen       | Lex         |
| Karen       | Neena       |
| Alberto     | Michael     |
| Alberto     | Eleni       |
| Alberto     | Gerald      |
| Alberto     | Alberto     |
| Alberto     | Karen       |
| Alberto     | John        |
| Alberto     | Kevin       |
| Alberto     | Shanta      |
| Alberto     | Payam       |
| Alberto     | Adam        |
| Alberto     | Matthew     |
| Alberto     | Den         |
| Alberto     | Lex         |
| Alberto     | Neena       |
| Gerald      | Michael     |
| Gerald      | Eleni       |
| Gerald      | Gerald      |
| Gerald      | Alberto     |
| Gerald      | Karen       |
| Gerald      | John        |
| Gerald      | Kevin       |
| Gerald      | Shanta      |
| Gerald      | Payam       |
| Gerald      | Adam        |
| Gerald      | Matthew     |
| Gerald      | Den         |
| Gerald      | Lex         |
| Gerald      | Neena       |
| Eleni       | Michael     |
| Eleni       | Eleni       |
| Eleni       | Gerald      |
| Eleni       | Alberto     |
| Eleni       | Karen       |
| Eleni       | John        |
| Eleni       | Kevin       |
| Eleni       | Shanta      |
| Eleni       | Payam       |
| Eleni       | Adam        |
| Eleni       | Matthew     |
| Eleni       | Den         |
| Eleni       | Lex         |
| Eleni       | Neena       |
| Peter       | Oliver      |
| Peter       | Nanette     |
| Peter       | Christopher |
| Peter       | Peter       |
| Peter       | David       |
| Peter       | Peter       |
| David       | Oliver      |
| David       | Nanette     |
| David       | Christopher |
| David       | Peter       |
| David       | David       |
| David       | Peter       |
| Peter       | Oliver      |
| Peter       | Nanette     |
| Peter       | Christopher |
| Peter       | Peter       |
| Peter       | David       |
| Peter       | Peter       |
| Christopher | Oliver      |
| Christopher | Nanette     |
| Christopher | Christopher |
| Christopher | Peter       |
| Christopher | David       |
| Christopher | Peter       |
| Nanette     | Oliver      |
| Nanette     | Nanette     |
| Nanette     | Christopher |
| Nanette     | Peter       |
| Nanette     | David       |
| Nanette     | Peter       |
| Oliver      | Oliver      |
| Oliver      | Nanette     |
| Oliver      | Christopher |
| Oliver      | Peter       |
| Oliver      | David       |
| Oliver      | Peter       |
| Janette     | Sarath      |
| Janette     | Louise      |
| Janette     | Lindsey     |
| Janette     | Allan       |
| Janette     | Patrick     |
| Janette     | Janette     |
| Patrick     | Sarath      |
| Patrick     | Louise      |
| Patrick     | Lindsey     |
| Patrick     | Allan       |
| Patrick     | Patrick     |
| Patrick     | Janette     |
| Allan       | Sarath      |
| Allan       | Louise      |
| Allan       | Lindsey     |
| Allan       | Allan       |
| Allan       | Patrick     |
| Allan       | Janette     |
| Lindsey     | Sarath      |
| Lindsey     | Louise      |
| Lindsey     | Lindsey     |
| Lindsey     | Allan       |
| Lindsey     | Patrick     |
| Lindsey     | Janette     |
| Louise      | Sarath      |
| Louise      | Louise      |
| Louise      | Lindsey     |
| Louise      | Allan       |
| Louise      | Patrick     |
| Louise      | Janette     |
| Sarath      | Sarath      |
| Sarath      | Louise      |
| Sarath      | Lindsey     |
| Sarath      | Allan       |
| Sarath      | Patrick     |
| Sarath      | Janette     |
| Clara       | Amit        |
| Clara       | Sunder      |
| Clara       | David       |
| Clara       | Mattea      |
| Clara       | Danielle    |
| Clara       | Clara       |
| Danielle    | Amit        |
| Danielle    | Sunder      |
| Danielle    | David       |
| Danielle    | Mattea      |
| Danielle    | Danielle    |
| Danielle    | Clara       |
| Mattea      | Amit        |
| Mattea      | Sunder      |
| Mattea      | David       |
| Mattea      | Mattea      |
| Mattea      | Danielle    |
| Mattea      | Clara       |
| David       | Amit        |
| David       | Sunder      |
| David       | David       |
| David       | Mattea      |
| David       | Danielle    |
| David       | Clara       |
| Sunder      | Amit        |
| Sunder      | Sunder      |
| Sunder      | David       |
| Sunder      | Mattea      |
| Sunder      | Danielle    |
| Sunder      | Clara       |
| Amit        | Amit        |
| Amit        | Sunder      |
| Amit        | David       |
| Amit        | Mattea      |
| Amit        | Danielle    |
| Amit        | Clara       |
| Lisa        | Elizabeth   |
| Lisa        | Sundita     |
| Lisa        | William     |
| Lisa        | Tayler      |
| Lisa        | Harrison    |
| Lisa        | Lisa        |
| Harrison    | Elizabeth   |
| Harrison    | Sundita     |
| Harrison    | William     |
| Harrison    | Tayler      |
| Harrison    | Harrison    |
| Harrison    | Lisa        |
| Tayler      | Elizabeth   |
| Tayler      | Sundita     |
| Tayler      | William     |
| Tayler      | Tayler      |
| Tayler      | Harrison    |
| Tayler      | Lisa        |
| William     | Elizabeth   |
| William     | Sundita     |
| William     | William     |
| William     | Tayler      |
| William     | Harrison    |
| William     | Lisa        |
| Sundita     | Elizabeth   |
| Sundita     | Sundita     |
| Sundita     | William     |
| Sundita     | Tayler      |
| Sundita     | Harrison    |
| Sundita     | Lisa        |
| Elizabeth   | Elizabeth   |
| Elizabeth   | Sundita     |
| Elizabeth   | William     |
| Elizabeth   | Tayler      |
| Elizabeth   | Harrison    |
| Elizabeth   | Lisa        |
| Ellen       | Charles     |
| Ellen       | Kimberely   |
| Ellen       | Jack        |
| Ellen       | Jonathon    |
| Ellen       | Alyssa      |
| Ellen       | Ellen       |
| Alyssa      | Charles     |
| Alyssa      | Kimberely   |
| Alyssa      | Jack        |
| Alyssa      | Jonathon    |
| Alyssa      | Alyssa      |
| Alyssa      | Ellen       |
| Jonathon    | Charles     |
| Jonathon    | Kimberely   |
| Jonathon    | Jack        |
| Jonathon    | Jonathon    |
| Jonathon    | Alyssa      |
| Jonathon    | Ellen       |
| Jack        | Charles     |
| Jack        | Kimberely   |
| Jack        | Jack        |
| Jack        | Jonathon    |
| Jack        | Alyssa      |
| Jack        | Ellen       |
| Kimberely   | Charles     |
| Kimberely   | Kimberely   |
| Kimberely   | Jack        |
| Kimberely   | Jonathon    |
| Kimberely   | Alyssa      |
| Kimberely   | Ellen       |
| Charles     | Charles     |
| Charles     | Kimberely   |
| Charles     | Jack        |
| Charles     | Jonathon    |
| Charles     | Alyssa      |
| Charles     | Ellen       |
| Winston     | Girard      |
| Winston     | Martha      |
| Winston     | Jean        |
| Winston     | Winston     |
| Winston     | Steven      |
| Winston     | James       |
| Winston     | Irene       |
| Winston     | Julia       |
| Jean        | Girard      |
| Jean        | Martha      |
| Jean        | Jean        |
| Jean        | Winston     |
| Jean        | Steven      |
| Jean        | James       |
| Jean        | Irene       |
| Jean        | Julia       |
| Martha      | Girard      |
| Martha      | Martha      |
| Martha      | Jean        |
| Martha      | Winston     |
| Martha      | Steven      |
| Martha      | James       |
| Martha      | Irene       |
| Martha      | Julia       |
| Girard      | Girard      |
| Girard      | Martha      |
| Girard      | Jean        |
| Girard      | Winston     |
| Girard      | Steven      |
| Girard      | James       |
| Girard      | Irene       |
| Girard      | Julia       |
| Nandita     | Anthony     |
| Nandita     | Julia       |
| Nandita     | Alexis      |
| Nandita     | Nandita     |
| Nandita     | TJ          |
| Nandita     | James       |
| Nandita     | Mozhe       |
| Nandita     | Laura       |
| Alexis      | Anthony     |
| Alexis      | Julia       |
| Alexis      | Alexis      |
| Alexis      | Nandita     |
| Alexis      | TJ          |
| Alexis      | James       |
| Alexis      | Mozhe       |
| Alexis      | Laura       |
| Julia       | Anthony     |
| Julia       | Julia       |
| Julia       | Alexis      |
| Julia       | Nandita     |
| Julia       | TJ          |
| Julia       | James       |
| Julia       | Mozhe       |
| Julia       | Laura       |
| Anthony     | Anthony     |
| Anthony     | Julia       |
| Anthony     | Alexis      |
| Anthony     | Nandita     |
| Anthony     | TJ          |
| Anthony     | James       |
| Anthony     | Mozhe       |
| Anthony     | Laura       |
| Kelly       | Randall     |
| Kelly       | Timothy     |
| Kelly       | Jennifer    |
| Kelly       | Kelly       |
| Kelly       | Hazel       |
| Kelly       | Ki          |
| Kelly       | Michael     |
| Kelly       | Jason       |
| Jennifer    | Randall     |
| Jennifer    | Timothy     |
| Jennifer    | Jennifer    |
| Jennifer    | Kelly       |
| Jennifer    | Hazel       |
| Jennifer    | Ki          |
| Jennifer    | Michael     |
| Jennifer    | Jason       |
| Timothy     | Randall     |
| Timothy     | Timothy     |
| Timothy     | Jennifer    |
| Timothy     | Kelly       |
| Timothy     | Hazel       |
| Timothy     | Ki          |
| Timothy     | Michael     |
| Timothy     | Jason       |
| Randall     | Randall     |
| Randall     | Timothy     |
| Randall     | Jennifer    |
| Randall     | Kelly       |
| Randall     | Hazel       |
| Randall     | Ki          |
| Randall     | Michael     |
| Randall     | Jason       |
| Sarah       | Vance       |
| Sarah       | Samuel      |
| Sarah       | Britney     |
| Sarah       | Sarah       |
| Sarah       | Joshua      |
| Sarah       | John        |
| Sarah       | Stephen     |
| Sarah       | Renske      |
| Britney     | Vance       |
| Britney     | Samuel      |
| Britney     | Britney     |
| Britney     | Sarah       |
| Britney     | Joshua      |
| Britney     | John        |
| Britney     | Stephen     |
| Britney     | Renske      |
| Samuel      | Vance       |
| Samuel      | Samuel      |
| Samuel      | Britney     |
| Samuel      | Sarah       |
| Samuel      | Joshua      |
| Samuel      | John        |
| Samuel      | Stephen     |
| Samuel      | Renske      |
| Vance       | Vance       |
| Vance       | Samuel      |
| Vance       | Britney     |
| Vance       | Sarah       |
| Vance       | Joshua      |
| Vance       | John        |
| Vance       | Stephen     |
| Vance       | Renske      |
| Alana       | Douglas     |
| Alana       | Donald      |
| Alana       | Kevin       |
| Alana       | Alana       |
| Alana       | Peter       |
| Alana       | Randall     |
| Alana       | Curtis      |
| Alana       | Trenna      |
| Kevin       | Douglas     |
| Kevin       | Donald      |
| Kevin       | Kevin       |
| Kevin       | Alana       |
| Kevin       | Peter       |
| Kevin       | Randall     |
| Kevin       | Curtis      |
| Kevin       | Trenna      |
| Donald      | Douglas     |
| Donald      | Donald      |
| Donald      | Kevin       |
| Donald      | Alana       |
| Donald      | Peter       |
| Donald      | Randall     |
| Donald      | Curtis      |
| Donald      | Trenna      |
| Douglas     | Douglas     |
| Douglas     | Donald      |
| Douglas     | Kevin       |
| Douglas     | Alana       |
| Douglas     | Peter       |
| Douglas     | Randall     |
| Douglas     | Curtis      |
| Douglas     | Trenna      |
| Jennifer    | Shelley     |
| Jennifer    | Hermann     |
| Jennifer    | Susan       |
| Jennifer    | Jennifer    |
| Jennifer    | Nancy       |
| Michael     | Michael     |
| Michael     | Eleni       |
| Michael     | Gerald      |
| Michael     | Alberto     |
| Michael     | Karen       |
| Michael     | John        |
| Michael     | Kevin       |
| Michael     | Shanta      |
| Michael     | Payam       |
| Michael     | Adam        |
| Michael     | Matthew     |
| Michael     | Den         |
| Michael     | Lex         |
| Michael     | Neena       |
| Pat         | Pat         |
| Susan       | Shelley     |
| Susan       | Hermann     |
| Susan       | Susan       |
| Susan       | Jennifer    |
| Susan       | Nancy       |
| Hermann     | Shelley     |
| Hermann     | Hermann     |
| Hermann     | Susan       |
| Hermann     | Jennifer    |
| Hermann     | Nancy       |
| Shelley     | Shelley     |
| Shelley     | Hermann     |
| Shelley     | Susan       |
| Shelley     | Jennifer    |
| Shelley     | Nancy       |
| PAWAN       | PAWAN       |
+-------------+-------------+
791 rows in set (0.00 sec)

mysql> select a.fname,b.fname from employees a left outer join employees b on a.manager_id=b.employee_
id;
+-------------+-----------+
| fname       | fname     |
+-------------+-----------+
| Steven      | NULL      |
| Neena       | Steven    |
| Lex         | Steven    |
| Alexander   | Lex       |
| Bruce       | Alexander |
| David       | Alexander |
| Valli       | Alexander |
| Diana       | Alexander |
| Nancy       | Neena     |
| Daniel      | Nancy     |
| John        | Nancy     |
| Ismael      | Nancy     |
| Jose Manuel | Nancy     |
| Luis        | Nancy     |
| Den         | Steven    |
| Alexander   | Den       |
| Shelli      | Den       |
| Sigal       | Den       |
| Guy         | Den       |
| Karen       | Den       |
| Matthew     | Steven    |
| Adam        | Steven    |
| Payam       | Steven    |
| Shanta      | Steven    |
| Kevin       | Steven    |
| Julia       | Matthew   |
| Irene       | Matthew   |
| James       | Matthew   |
| Steven      | Matthew   |
| Laura       | Adam      |
| Mozhe       | Adam      |
| James       | Adam      |
| TJ          | Adam      |
| Jason       | Payam     |
| Michael     | Payam     |
| Ki          | Payam     |
| Hazel       | Payam     |
| Renske      | Shanta    |
| Stephen     | Shanta    |
| John        | Shanta    |
| Joshua      | Shanta    |
| Trenna      | Kevin     |
| Curtis      | Kevin     |
| Randall     | Kevin     |
| Peter       | Kevin     |
| John        | Steven    |
| Karen       | Steven    |
| Alberto     | Steven    |
| Gerald      | Steven    |
| Eleni       | Steven    |
| Peter       | John      |
| David       | John      |
| Peter       | John      |
| Christopher | John      |
| Nanette     | John      |
| Oliver      | John      |
| Janette     | Karen     |
| Patrick     | Karen     |
| Allan       | Karen     |
| Lindsey     | Karen     |
| Louise      | Karen     |
| Sarath      | Karen     |
| Clara       | Alberto   |
| Danielle    | Alberto   |
| Mattea      | Alberto   |
| David       | Alberto   |
| Sunder      | Alberto   |
| Amit        | Alberto   |
| Lisa        | Gerald    |
| Harrison    | Gerald    |
| Tayler      | Gerald    |
| William     | Gerald    |
| Sundita     | Gerald    |
| Elizabeth   | Gerald    |
| Ellen       | Eleni     |
| Alyssa      | Eleni     |
| Jonathon    | Eleni     |
| Jack        | Eleni     |
| Kimberely   | Eleni     |
| Charles     | Eleni     |
| Winston     | Matthew   |
| Jean        | Matthew   |
| Martha      | Matthew   |
| Girard      | Matthew   |
| Nandita     | Adam      |
| Alexis      | Adam      |
| Julia       | Adam      |
| Anthony     | Adam      |
| Kelly       | Payam     |
| Jennifer    | Payam     |
| Timothy     | Payam     |
| Randall     | Payam     |
| Sarah       | Shanta    |
| Britney     | Shanta    |
| Samuel      | Shanta    |
| Vance       | Shanta    |
| Alana       | Kevin     |
| Kevin       | Kevin     |
| Donald      | Kevin     |
| Douglas     | Kevin     |
| Jennifer    | Neena     |
| Michael     | Steven    |
| Pat         | Michael   |
| Susan       | Neena     |
| Hermann     | Neena     |
| Shelley     | Neena     |
| PAWAN       | Shelley   |
+-------------+-----------+
107 rows in set (0.01 sec)

mysql> select a.fname,b.fname from employees a join employees b on a.manager_id=b.employee_id;
+-------------+-----------+
| fname       | fname     |
+-------------+-----------+
| Michael     | Steven    |
| Eleni       | Steven    |
| Gerald      | Steven    |
| Alberto     | Steven    |
| Karen       | Steven    |
| John        | Steven    |
| Kevin       | Steven    |
| Shanta      | Steven    |
| Payam       | Steven    |
| Adam        | Steven    |
| Matthew     | Steven    |
| Den         | Steven    |
| Lex         | Steven    |
| Neena       | Steven    |
| Shelley     | Neena     |
| Hermann     | Neena     |
| Susan       | Neena     |
| Jennifer    | Neena     |
| Nancy       | Neena     |
| Alexander   | Lex       |
| Diana       | Alexander |
| Valli       | Alexander |
| David       | Alexander |
| Bruce       | Alexander |
| Luis        | Nancy     |
| Jose Manuel | Nancy     |
| Ismael      | Nancy     |
| John        | Nancy     |
| Daniel      | Nancy     |
| Karen       | Den       |
| Guy         | Den       |
| Sigal       | Den       |
| Shelli      | Den       |
| Alexander   | Den       |
| Girard      | Matthew   |
| Martha      | Matthew   |
| Jean        | Matthew   |
| Winston     | Matthew   |
| Steven      | Matthew   |
| James       | Matthew   |
| Irene       | Matthew   |
| Julia       | Matthew   |
| Anthony     | Adam      |
| Julia       | Adam      |
| Alexis      | Adam      |
| Nandita     | Adam      |
| TJ          | Adam      |
| James       | Adam      |
| Mozhe       | Adam      |
| Laura       | Adam      |
| Randall     | Payam     |
| Timothy     | Payam     |
| Jennifer    | Payam     |
| Kelly       | Payam     |
| Hazel       | Payam     |
| Ki          | Payam     |
| Michael     | Payam     |
| Jason       | Payam     |
| Vance       | Shanta    |
| Samuel      | Shanta    |
| Britney     | Shanta    |
| Sarah       | Shanta    |
| Joshua      | Shanta    |
| John        | Shanta    |
| Stephen     | Shanta    |
| Renske      | Shanta    |
| Douglas     | Kevin     |
| Donald      | Kevin     |
| Kevin       | Kevin     |
| Alana       | Kevin     |
| Peter       | Kevin     |
| Randall     | Kevin     |
| Curtis      | Kevin     |
| Trenna      | Kevin     |
| Oliver      | John      |
| Nanette     | John      |
| Christopher | John      |
| Peter       | John      |
| David       | John      |
| Peter       | John      |
| Sarath      | Karen     |
| Louise      | Karen     |
| Lindsey     | Karen     |
| Allan       | Karen     |
| Patrick     | Karen     |
| Janette     | Karen     |
| Amit        | Alberto   |
| Sunder      | Alberto   |
| David       | Alberto   |
| Mattea      | Alberto   |
| Danielle    | Alberto   |
| Clara       | Alberto   |
| Elizabeth   | Gerald    |
| Sundita     | Gerald    |
| William     | Gerald    |
| Tayler      | Gerald    |
| Harrison    | Gerald    |
| Lisa        | Gerald    |
| Charles     | Eleni     |
| Kimberely   | Eleni     |
| Jack        | Eleni     |
| Jonathon    | Eleni     |
| Alyssa      | Eleni     |
| Ellen       | Eleni     |
| Pat         | Michael   |
| PAWAN       | Shelley   |
+-------------+-----------+
106 rows in set (0.00 sec)

mysql> select a.fname,a.lname,a.department_id from employees a join employees b on a.department_id=b.d
epartment_id and b.lname='Taylor';
+-------------+-------------+---------------+
| fname       | lname       | department_id |
+-------------+-------------+---------------+
| Matthew     | Weiss       |            50 |
| Adam        | Fripp       |            50 |
| Payam       | Kaufling    |            50 |
| Shanta      | Vollman     |            50 |
| Kevin       | Mourgos     |            50 |
| Julia       | Nayer       |            50 |
| Irene       | Mikkilineni |            50 |
| James       | Landry      |            50 |
| Steven      | Markle      |            50 |
| Laura       | Bissot      |            50 |
| Mozhe       | Atkinson    |            50 |
| James       | Marlow      |            50 |
| TJ          | Olson       |            50 |
| Jason       | Mallin      |            50 |
| Michael     | Rogers      |            50 |
| Ki          | Gee         |            50 |
| Hazel       | Philtanker  |            50 |
| Renske      | Ladwig      |            50 |
| Stephen     | Stiles      |            50 |
| John        | Seo         |            50 |
| Joshua      | Patel       |            50 |
| Trenna      | Rajs        |            50 |
| Curtis      | Davies      |            50 |
| Randall     | Matos       |            50 |
| Peter       | Vargas      |            50 |
| John        | Russell     |            80 |
| Karen       | Partners    |            80 |
| Alberto     | Errazuriz   |            80 |
| Gerald      | Cambrault   |            80 |
| Eleni       | Zlotkey     |            80 |
| Peter       | Tucker      |            80 |
| David       | Bernstein   |            80 |
| Peter       | Hall        |            80 |
| Christopher | Olsen       |            80 |
| Nanette     | Cambrault   |            80 |
| Oliver      | Tuvault     |            80 |
| Janette     | King        |            80 |
| Patrick     | Sully       |            80 |
| Allan       | McEwen      |            80 |
| Lindsey     | Smith       |            80 |
| Louise      | Doran       |            80 |
| Sarath      | Sewall      |            80 |
| Clara       | Vishney     |            80 |
| Danielle    | Greene      |            80 |
| Mattea      | Marvins     |            80 |
| David       | Lee         |            80 |
| Sunder      | Ande        |            80 |
| Amit        | Banda       |            80 |
| Lisa        | Ozer        |            80 |
| Harrison    | Bloom       |            80 |
| Tayler      | Fox         |            80 |
| William     | Smith       |            80 |
| Sundita     | Kumar       |            80 |
| Elizabeth   | Bates       |            80 |
| Ellen       | Abel        |            80 |
| Alyssa      | Hutton      |            80 |
| Jonathon    | Taylor      |            80 |
| Jack        | Livingston  |            80 |
| Kimberely   | Grant       |            80 |
| Charles     | Johnson     |            80 |
| Winston     | Taylor      |            50 |
| Jean        | Fleaur      |            50 |
| Martha      | Sullivan    |            50 |
| Girard      | Geoni       |            50 |
| Nandita     | Sarchand    |            50 |
| Alexis      | Bull        |            50 |
| Julia       | Dellinger   |            50 |
| Anthony     | Cabrio      |            50 |
| Kelly       | Chung       |            50 |
| Jennifer    | Dilly       |            50 |
| Timothy     | Gates       |            50 |
| Randall     | Perkins     |            50 |
| Sarah       | Bell        |            50 |
| Britney     | Everett     |            50 |
| Samuel      | McCain      |            50 |
| Vance       | Jones       |            50 |
| Alana       | Walsh       |            50 |
| Kevin       | Feeney      |            50 |
| Donald      | OConnell    |            50 |
| Douglas     | Grant       |            50 |
+-------------+-------------+---------------+
80 rows in set (0.01 sec)

mysql> select a.job_title,b.name,c.fname+' '+c.lname as name,d.start_date from jobs a join d.job_history on a.job_id=d.job_id join departments b on b.department_id=d.department_id join employees c on c.department_id=b.deprtment_id where d.start_date >= '1993-01-01' and d.start_date<='1997-08-31';
ERROR 1049 (42000): Unknown database 'd'
mysql> select a.job_title,b.name,c.fname+' '+c.lname as name,d.start_date from jobs a join job_history
 d on a.job_id=d.job_id join departments b on b.department_id=d.department_id join employees c on c.de
partment_id=b.deprtment_id where d.start_date >= '1993-01-01' and d.start_date<='1997-08-31';
ERROR 1054 (42S22): Unknown column 'a.job_title' in 'field list'
mysql> select a.title,b.name,c.fname+' '+c.lname as name,d.start_date from jobs a join job_history d on a.job_id=d.job_id join departments b on b.department_id=d.department_id join employees c on c.department_id=b.deprtment_id where d.start_date >= '1993-01-01' and d.start_date<='1997-08-31';
ERROR 1054 (42S22): Unknown column 'a.title' in 'field list'
mysql> select * from jobs
    -> ;
+------+------------+------------+------------+---------------+
| id   | s_date     | e_date     | job_id     | department_id |
+------+------------+------------+------------+---------------+
|  102 | 2001-01-13 | 2006-07-24 | IT_Prog    |            60 |
|  101 | 1997-09-21 | 2001-10-27 | AC_Account |           110 |
|  101 | 2010-10-28 | 2005-03-15 | AC_Mgr     |           110 |
|  201 | 2004-02-17 | 2007-12-19 | MK_REP     |            20 |
|  114 | 2006-03-24 | 2007-12-31 | ST_Clerk   |            50 |
|  122 | 2007-01-01 | 2007-12-31 | ST_Clerk   |            50 |
|  200 | 1995-09-17 | 2001-06-17 | AD_Asst    |            90 |
|  176 | 2006-03-24 | 2006-12-31 | SA_Rep     |            80 |
|  176 | 2007-01-01 | 2007-12-31 | SA_Man     |            80 |
|  200 | 2002-07-01 | 2006-12-31 | AD_Account |            90 |
+------+------------+------------+------------+---------------+
10 rows in set (0.02 sec)

mysql> select * from job_history;
+------+------------+------------+------------+---------------+
| id   | start_date | end_date   | job_id     | department_id |
+------+------------+------------+------------+---------------+
|  102 | 2001-01-13 | 2006-07-24 | IT_PROG    |            60 |
|  101 | 1997-09-21 | 2001-10-27 | AC_ACCOUNT |           110 |
|  101 | 2001-10-28 | 2005-03-15 | AC_MGR     |           110 |
|  201 | 2004-02-17 | 2007-12-19 | MK_REP     |            20 |
|  114 | 2006-03-24 | 2007-12-31 | ST_CLERK   |            50 |
|  122 | 2007-01-01 | 2007-12-31 | ST_CLERK   |            50 |
|  200 | 1995-09-17 | 2001-06-17 | AD_ASST    |            90 |
|  176 | 2006-03-24 | 2006-12-31 | SA_REP     |            80 |
|  176 | 2007-01-01 | 2007-12-31 | SA_MAN     |            80 |
|  200 | 2002-07-01 | 2006-12-31 | AC_ACCOUNT |            90 |
+------+------------+------------+------------+---------------+
10 rows in set (0.02 sec)

mysql> select * from job;
+------------+---------------------------------+------------+------------+
| id         | title                           | min_salary | max_salary |
+------------+---------------------------------+------------+------------+
| AD_PRES    | President                       |      20080 |      40000 |
| AD_VP      | Administration Vice President   |      15000 |      30000 |
| AD_ASST    | Administration Assistant        |       3000 |       6000 |
| FI_MGR     | Finance Manager                 |       8200 |      16000 |
| FI_ACCOUNT | Accountant                      |       4200 |       9000 |
| AC_MGR     | Accounting Manager              |       8200 |      16000 |
| AC_ACCOUNT | Public Accountant               |       4200 |       9000 |
| SA_MAN     | Sales Manager                   |      10000 |      20080 |
| SA_REP     | Sales Representative            |       6000 |      12008 |
| PU_MAN     | Purchasing Manager              |       8000 |      15000 |
| PU_CLERK   | Purchasing Clerk                |       2500 |       5500 |
| ST_MAN     | Stock Manager                   |       5500 |       8500 |
| ST_CLERK   | Stock Clerk                     |       2008 |       5000 |
| SH_CLERK   | Shipping Clerk                  |       2500 |       5500 |
| IT_PROG    | Programmer                      |       4000 |      10000 |
| MK_MAN     | Marketing Manager               |       9000 |      15000 |
| MK_REP     | Marketing Representative        |       4000 |       9000 |
| HR_REP     | Human Resources Representative  |       4000 |       9000 |
| PR_REP     | Public Relations Representative |       4500 |      10500 |
+------------+---------------------------------+------------+------------+
19 rows in set (0.03 sec)

mysql> select a.title,b.name,c.fname+' '+c.lname as name,d.start_date from job a join job_history d on
 a.id=d.id join departments b on b.department_id=d.department_id join employees c on c.department_id=b
.deprtment_id where d.start_date >= '1993-01-01' and d.start_date<='1997-08-31';
ERROR 1054 (42S22): Unknown column 'b.deprtment_id' in 'on clause'
mysql> select a.title,b.name,c.fname+' '+c.lname as name,d.start_date from job a join job_history d on a.id=d.id join departments b on b.department_id=d.department_id join employees c on c.department_id=b
.department_id where d.start_date >= '1993-01-01' and d.start_date<='1997-08-31';
Empty set, 19 warnings (0.01 sec)

mysql> select title,name as department_name,fname+' '+lname as employee_name,start_date from job_history join job using (id) join departments using (department_id) join employees using (employee_id) where
 start_date >= '1993-01-01' and start_date<='1997-08-31';
ERROR 1054 (42S22): Unknown column 'employee_id' in 'from clause'
mysql> select title,name as department_name,fname+' '+lname as employee_name,start_date from job_history join job using (job_id) join departments using (department_id) join employees using (employee_id) w
here start_date >= '1993-01-01' and start_date<='1997-08-31';
ERROR 1054 (42S22): Unknown column 'job_id' in 'from clause'
mysql> select a.title,b.name,c.fname+' '+c.lname as name,d.start_date from job_history d join job a on
 a.id=d.job_id join departments b on b.department_id=d.department_id join employees c on c.employee_id
=d.id where d.start_date >= '1993-01-01' and d.start_date<='1997-08-31';
+--------------------------+-----------+------+------------+
| title                    | name      | name | start_date |
+--------------------------+-----------+------+------------+
| Administration Assistant | Executive |    0 | 1995-09-17 |
+--------------------------+-----------+------+------------+
1 row in set, 2 warnings (0.01 sec)

mysql> select a.title,b.name as department_name,c.fname' 'c.lname as employee_name,d.start_date from job_history d join job a on a.id=d.job_id join departments b on b.department_id=d.department_id join employees c on c.employee_id=d.id where d.start_date >= '1993-01-01' and d.start_date<='1997-08-31';
ERROR 1064 (42000): You have an error in your SQL syntax; check the manual that corresponds to your MySQL server version for the right syntax to use near 'c.lname as employee_name,d.start_date from job_history d join job a on a.id=d.jo' at line 1
mysql> select a.title,b.name as department_name,concat(c.fname,' ',c.lname) as employee_name,d.start_date from job_history d join job a on a.id=d.job_id join departments b on b.department_id=d.department_id join employees c on c.employee_id=d.id where d.start_date >= '1993-01-01' and d.start_date<='1997-08-31';
+--------------------------+-----------------+-----------------+------------+
| title                    | department_name | employee_name   | start_date |
+--------------------------+-----------------+-----------------+------------+
| Administration Assistant | Executive       | Jennifer Whalen | 1995-09-17 |
+--------------------------+-----------------+-----------------+------------+
1 row in set (0.01 sec)

mysql> select * from jobs;
+------+------------+------------+------------+---------------+
| id   | s_date     | e_date     | job_id     | department_id |
+------+------------+------------+------------+---------------+
|  102 | 2001-01-13 | 2006-07-24 | IT_Prog    |            60 |
|  101 | 1997-09-21 | 2001-10-27 | AC_Account |           110 |
|  101 | 2010-10-28 | 2005-03-15 | AC_Mgr     |           110 |
|  201 | 2004-02-17 | 2007-12-19 | MK_REP     |            20 |
|  114 | 2006-03-24 | 2007-12-31 | ST_Clerk   |            50 |
|  122 | 2007-01-01 | 2007-12-31 | ST_Clerk   |            50 |
|  200 | 1995-09-17 | 2001-06-17 | AD_Asst    |            90 |
|  176 | 2006-03-24 | 2006-12-31 | SA_Rep     |            80 |
|  176 | 2007-01-01 | 2007-12-31 | SA_Man     |            80 |
|  200 | 2002-07-01 | 2006-12-31 | AD_Account |            90 |
+------+------------+------------+------------+---------------+
10 rows in set (0.00 sec)

mysql> select * from job;
+------------+---------------------------------+------------+------------+
| id         | title                           | min_salary | max_salary |
+------------+---------------------------------+------------+------------+
| AD_PRES    | President                       |      20080 |      40000 |
| AD_VP      | Administration Vice President   |      15000 |      30000 |
| AD_ASST    | Administration Assistant        |       3000 |       6000 |
| FI_MGR     | Finance Manager                 |       8200 |      16000 |
| FI_ACCOUNT | Accountant                      |       4200 |       9000 |
| AC_MGR     | Accounting Manager              |       8200 |      16000 |
| AC_ACCOUNT | Public Accountant               |       4200 |       9000 |
| SA_MAN     | Sales Manager                   |      10000 |      20080 |
| SA_REP     | Sales Representative            |       6000 |      12008 |
| PU_MAN     | Purchasing Manager              |       8000 |      15000 |
| PU_CLERK   | Purchasing Clerk                |       2500 |       5500 |
| ST_MAN     | Stock Manager                   |       5500 |       8500 |
| ST_CLERK   | Stock Clerk                     |       2008 |       5000 |
| SH_CLERK   | Shipping Clerk                  |       2500 |       5500 |
| IT_PROG    | Programmer                      |       4000 |      10000 |
| MK_MAN     | Marketing Manager               |       9000 |      15000 |
| MK_REP     | Marketing Representative        |       4000 |       9000 |
| HR_REP     | Human Resources Representative  |       4000 |       9000 |
| PR_REP     | Public Relations Representative |       4500 |      10500 |
+------------+---------------------------------+------------+------------+
19 rows in set (0.00 sec)

mysql> select a.title,concat(b.fname,' ',b.lname) as employee_name, a.max_salary-b.salary as salary_di
fference from job a join employees b on a.id=b.job_id;
+---------------------------------+-------------------+-------------------+
| title                           | employee_name     | salary_difference |
+---------------------------------+-------------------+-------------------+
| President                       | Steven King       |          16000.00 |
| Administration Vice President   | Neena Kochhar     |          13000.00 |
| Administration Vice President   | Lex De Haan       |          13000.00 |
| Programmer                      | Alexander Hunold  |           1000.00 |
| Programmer                      | Bruce Ernst       |           4000.00 |
| Programmer                      | David Austin      |           5200.00 |
| Programmer                      | Valli Pataballa   |           5200.00 |
| Programmer                      | Diana Lorentz     |           5800.00 |
| Finance Manager                 | Nancy Greenberg   |           4000.00 |
| Accountant                      | Daniel Faviet     |              0.00 |
| Accountant                      | John Chen         |            800.00 |
| Accountant                      | Ismael Sciarra    |           1300.00 |
| Accountant                      | Jose Manuel Urman |           1200.00 |
| Accountant                      | Luis Popp         |           2100.00 |
| Purchasing Manager              | Den Raphaely      |           4000.00 |
| Stock Manager                   | Matthew Weiss     |            500.00 |
| Stock Manager                   | Adam Fripp        |            300.00 |
| Stock Manager                   | Payam Kaufling    |            600.00 |
| Stock Manager                   | Shanta Vollman    |           2000.00 |
| Stock Manager                   | Kevin Mourgos     |           2700.00 |
| Stock Clerk                     | Julia Nayer       |           1800.00 |
| Stock Clerk                     | Irene Mikkilineni |           2300.00 |
| Stock Clerk                     | James Landry      |           2600.00 |
| Stock Clerk                     | Steven Markle     |           2800.00 |
| Stock Clerk                     | Laura Bissot      |           1700.00 |
| Stock Clerk                     | Mozhe Atkinson    |           2200.00 |
| Stock Clerk                     | James Marlow      |           2500.00 |
| Stock Clerk                     | TJ Olson          |           2900.00 |
| Stock Clerk                     | Jason Mallin      |           1700.00 |
| Stock Clerk                     | Michael Rogers    |           2100.00 |
| Stock Clerk                     | Ki Gee            |           2600.00 |
| Stock Clerk                     | Hazel Philtanker  |           2800.00 |
| Stock Clerk                     | Renske Ladwig     |           1400.00 |
| Stock Clerk                     | Stephen Stiles    |           1800.00 |
| Stock Clerk                     | John Seo          |           2300.00 |
| Stock Clerk                     | Joshua Patel      |           2500.00 |
| Stock Clerk                     | Trenna Rajs       |           1500.00 |
| Stock Clerk                     | Curtis Davies     |           1900.00 |
| Stock Clerk                     | Randall Matos     |           2400.00 |
| Stock Clerk                     | Peter Vargas      |           2500.00 |
| Sales Manager                   | John Russell      |           6080.00 |
| Sales Manager                   | Karen Partners    |           6580.00 |
| Sales Manager                   | Alberto Errazuriz |           8080.00 |
| Sales Manager                   | Gerald Cambrault  |           9080.00 |
| Sales Manager                   | Eleni Zlotkey     |           9580.00 |
| Sales Representative            | Peter Tucker      |           2008.00 |
| Sales Representative            | David Bernstein   |           2508.00 |
| Sales Representative            | Peter Hall        |           3008.00 |
| Sales Representative            | Christopher Olsen |           4008.00 |
| Sales Representative            | Nanette Cambrault |           4508.00 |
| Sales Representative            | Oliver Tuvault    |           5008.00 |
| Sales Representative            | Janette King      |           2008.00 |
| Sales Representative            | Patrick Sully     |           2508.00 |
| Sales Representative            | Allan McEwen      |           3008.00 |
| Sales Representative            | Lindsey Smith     |           4008.00 |
| Sales Representative            | Louise Doran      |           4508.00 |
| Sales Representative            | Sarath Sewall     |           5008.00 |
| Sales Representative            | Clara Vishney     |           1508.00 |
| Sales Representative            | Danielle Greene   |           2508.00 |
| Sales Representative            | Mattea Marvins    |           4808.00 |
| Sales Representative            | David Lee         |           5208.00 |
| Sales Representative            | Sunder Ande       |           5608.00 |
| Sales Representative            | Amit Banda        |           5808.00 |
| Sales Representative            | Lisa Ozer         |            508.00 |
| Sales Representative            | Harrison Bloom    |           2008.00 |
| Sales Representative            | Tayler Fox        |           2408.00 |
| Sales Representative            | William Smith     |           4608.00 |
| Sales Representative            | Sundita Kumar     |           4708.00 |
| Sales Representative            | Elizabeth Bates   |           5908.00 |
| Sales Representative            | Ellen Abel        |           1008.00 |
| Sales Representative            | Alyssa Hutton     |           3208.00 |
| Sales Representative            | Jonathon Taylor   |           3408.00 |
| Sales Representative            | Jack Livingston   |           3608.00 |
| Sales Representative            | Kimberely Grant   |           5008.00 |
| Sales Representative            | Charles Johnson   |           5808.00 |
| Shipping Clerk                  | Winston Taylor    |           2300.00 |
| Shipping Clerk                  | Jean Fleaur       |           2400.00 |
| Shipping Clerk                  | Martha Sullivan   |           3000.00 |
| Shipping Clerk                  | Girard Geoni      |           2700.00 |
| Shipping Clerk                  | Nandita Sarchand  |           1300.00 |
| Shipping Clerk                  | Alexis Bull       |           1400.00 |
| Shipping Clerk                  | Julia Dellinger   |           2100.00 |
| Shipping Clerk                  | Anthony Cabrio    |           2500.00 |
| Shipping Clerk                  | Kelly Chung       |           1700.00 |
| Shipping Clerk                  | Jennifer Dilly    |           1900.00 |
| Shipping Clerk                  | Timothy Gates     |           2600.00 |
| Shipping Clerk                  | Randall Perkins   |           3000.00 |
| Shipping Clerk                  | Sarah Bell        |           1500.00 |
| Shipping Clerk                  | Britney Everett   |           1600.00 |
| Shipping Clerk                  | Samuel McCain     |           2300.00 |
| Shipping Clerk                  | Vance Jones       |           2700.00 |
| Shipping Clerk                  | Alana Walsh       |           2400.00 |
| Shipping Clerk                  | Kevin Feeney      |           2500.00 |
| Shipping Clerk                  | Donald OConnell   |           2900.00 |
| Shipping Clerk                  | Douglas Grant     |           2900.00 |
| Administration Assistant        | Jennifer Whalen   |           1600.00 |
| Marketing Manager               | Michael Hartstein |           2000.00 |
| Marketing Representative        | Pat Fay           |           3000.00 |
| Human Resources Representative  | Susan Mavris      |           2500.00 |
| Public Relations Representative | Hermann Baer      |            500.00 |
| Accounting Manager              | Shelley Higgins   |           3992.00 |
| Public Accountant               | PAWAN YADAV       |         -61000.00 |
+---------------------------------+-------------------+-------------------+
102 rows in set (0.01 sec)

mysql> select a.title,concat(b.fname,' ',b.lname) as employee_name, a.max_salary-b.salary as salary_difference from employees b natural join job a;
+---------------------------------+-------------------+-------------------+
| title                           | employee_name     | salary_difference |
+---------------------------------+-------------------+-------------------+
| Public Relations Representative | Steven King       |         -13500.00 |
| Human Resources Representative  | Steven King       |         -15000.00 |
| Marketing Representative        | Steven King       |         -15000.00 |
| Marketing Manager               | Steven King       |          -9000.00 |
| Programmer                      | Steven King       |         -14000.00 |
| Shipping Clerk                  | Steven King       |         -18500.00 |
| Stock Clerk                     | Steven King       |         -19000.00 |
| Stock Manager                   | Steven King       |         -15500.00 |
| Purchasing Clerk                | Steven King       |         -18500.00 |
| Purchasing Manager              | Steven King       |          -9000.00 |
| Sales Representative            | Steven King       |         -11992.00 |
| Sales Manager                   | Steven King       |          -3920.00 |
| Public Accountant               | Steven King       |         -15000.00 |
| Accounting Manager              | Steven King       |          -8000.00 |
| Accountant                      | Steven King       |         -15000.00 |
| Finance Manager                 | Steven King       |          -8000.00 |
| Administration Assistant        | Steven King       |         -18000.00 |
| Administration Vice President   | Steven King       |           6000.00 |
| President                       | Steven King       |          16000.00 |
| Public Relations Representative | Neena Kochhar     |          -6500.00 |
| Human Resources Representative  | Neena Kochhar     |          -8000.00 |
| Marketing Representative        | Neena Kochhar     |          -8000.00 |
| Marketing Manager               | Neena Kochhar     |          -2000.00 |
| Programmer                      | Neena Kochhar     |          -7000.00 |
| Shipping Clerk                  | Neena Kochhar     |         -11500.00 |
| Stock Clerk                     | Neena Kochhar     |         -12000.00 |
| Stock Manager                   | Neena Kochhar     |          -8500.00 |
| Purchasing Clerk                | Neena Kochhar     |         -11500.00 |
| Purchasing Manager              | Neena Kochhar     |          -2000.00 |
| Sales Representative            | Neena Kochhar     |          -4992.00 |
| Sales Manager                   | Neena Kochhar     |           3080.00 |
| Public Accountant               | Neena Kochhar     |          -8000.00 |
| Accounting Manager              | Neena Kochhar     |          -1000.00 |
| Accountant                      | Neena Kochhar     |          -8000.00 |
| Finance Manager                 | Neena Kochhar     |          -1000.00 |
| Administration Assistant        | Neena Kochhar     |         -11000.00 |
| Administration Vice President   | Neena Kochhar     |          13000.00 |
| President                       | Neena Kochhar     |          23000.00 |
| Public Relations Representative | Lex De Haan       |          -6500.00 |
| Human Resources Representative  | Lex De Haan       |          -8000.00 |
| Marketing Representative        | Lex De Haan       |          -8000.00 |
| Marketing Manager               | Lex De Haan       |          -2000.00 |
| Programmer                      | Lex De Haan       |          -7000.00 |
| Shipping Clerk                  | Lex De Haan       |         -11500.00 |
| Stock Clerk                     | Lex De Haan       |         -12000.00 |
| Stock Manager                   | Lex De Haan       |          -8500.00 |
| Purchasing Clerk                | Lex De Haan       |         -11500.00 |
| Purchasing Manager              | Lex De Haan       |          -2000.00 |
| Sales Representative            | Lex De Haan       |          -4992.00 |
| Sales Manager                   | Lex De Haan       |           3080.00 |
| Public Accountant               | Lex De Haan       |          -8000.00 |
| Accounting Manager              | Lex De Haan       |          -1000.00 |
| Accountant                      | Lex De Haan       |          -8000.00 |
| Finance Manager                 | Lex De Haan       |          -1000.00 |
| Administration Assistant        | Lex De Haan       |         -11000.00 |
| Administration Vice President   | Lex De Haan       |          13000.00 |
| President                       | Lex De Haan       |          23000.00 |
| Public Relations Representative | Alexander Hunold  |           1500.00 |
| Human Resources Representative  | Alexander Hunold  |              0.00 |
| Marketing Representative        | Alexander Hunold  |              0.00 |
| Marketing Manager               | Alexander Hunold  |           6000.00 |
| Programmer                      | Alexander Hunold  |           1000.00 |
| Shipping Clerk                  | Alexander Hunold  |          -3500.00 |
| Stock Clerk                     | Alexander Hunold  |          -4000.00 |
| Stock Manager                   | Alexander Hunold  |           -500.00 |
| Purchasing Clerk                | Alexander Hunold  |          -3500.00 |
| Purchasing Manager              | Alexander Hunold  |           6000.00 |
| Sales Representative            | Alexander Hunold  |           3008.00 |
| Sales Manager                   | Alexander Hunold  |          11080.00 |
| Public Accountant               | Alexander Hunold  |              0.00 |
| Accounting Manager              | Alexander Hunold  |           7000.00 |
| Accountant                      | Alexander Hunold  |              0.00 |
| Finance Manager                 | Alexander Hunold  |           7000.00 |
| Administration Assistant        | Alexander Hunold  |          -3000.00 |
| Administration Vice President   | Alexander Hunold  |          21000.00 |
| President                       | Alexander Hunold  |          31000.00 |
| Public Relations Representative | Bruce Ernst       |           4500.00 |
| Human Resources Representative  | Bruce Ernst       |           3000.00 |
| Marketing Representative        | Bruce Ernst       |           3000.00 |
| Marketing Manager               | Bruce Ernst       |           9000.00 |
| Programmer                      | Bruce Ernst       |           4000.00 |
| Shipping Clerk                  | Bruce Ernst       |           -500.00 |
| Stock Clerk                     | Bruce Ernst       |          -1000.00 |
| Stock Manager                   | Bruce Ernst       |           2500.00 |
| Purchasing Clerk                | Bruce Ernst       |           -500.00 |
| Purchasing Manager              | Bruce Ernst       |           9000.00 |
| Sales Representative            | Bruce Ernst       |           6008.00 |
| Sales Manager                   | Bruce Ernst       |          14080.00 |
| Public Accountant               | Bruce Ernst       |           3000.00 |
| Accounting Manager              | Bruce Ernst       |          10000.00 |
| Accountant                      | Bruce Ernst       |           3000.00 |
| Finance Manager                 | Bruce Ernst       |          10000.00 |
| Administration Assistant        | Bruce Ernst       |              0.00 |
| Administration Vice President   | Bruce Ernst       |          24000.00 |
| President                       | Bruce Ernst       |          34000.00 |
| Public Relations Representative | David Austin      |           5700.00 |
| Human Resources Representative  | David Austin      |           4200.00 |
| Marketing Representative        | David Austin      |           4200.00 |
| Marketing Manager               | David Austin      |          10200.00 |
| Programmer                      | David Austin      |           5200.00 |
| Shipping Clerk                  | David Austin      |            700.00 |
| Stock Clerk                     | David Austin      |            200.00 |
| Stock Manager                   | David Austin      |           3700.00 |
| Purchasing Clerk                | David Austin      |            700.00 |
| Purchasing Manager              | David Austin      |          10200.00 |
| Sales Representative            | David Austin      |           7208.00 |
| Sales Manager                   | David Austin      |          15280.00 |
| Public Accountant               | David Austin      |           4200.00 |
| Accounting Manager              | David Austin      |          11200.00 |
| Accountant                      | David Austin      |           4200.00 |
| Finance Manager                 | David Austin      |          11200.00 |
| Administration Assistant        | David Austin      |           1200.00 |
| Administration Vice President   | David Austin      |          25200.00 |
| President                       | David Austin      |          35200.00 |
| Public Relations Representative | Valli Pataballa   |           5700.00 |
| Human Resources Representative  | Valli Pataballa   |           4200.00 |
| Marketing Representative        | Valli Pataballa   |           4200.00 |
| Marketing Manager               | Valli Pataballa   |          10200.00 |
| Programmer                      | Valli Pataballa   |           5200.00 |
| Shipping Clerk                  | Valli Pataballa   |            700.00 |
| Stock Clerk                     | Valli Pataballa   |            200.00 |
| Stock Manager                   | Valli Pataballa   |           3700.00 |
| Purchasing Clerk                | Valli Pataballa   |            700.00 |
| Purchasing Manager              | Valli Pataballa   |          10200.00 |
| Sales Representative            | Valli Pataballa   |           7208.00 |
| Sales Manager                   | Valli Pataballa   |          15280.00 |
| Public Accountant               | Valli Pataballa   |           4200.00 |
| Accounting Manager              | Valli Pataballa   |          11200.00 |
| Accountant                      | Valli Pataballa   |           4200.00 |
| Finance Manager                 | Valli Pataballa   |          11200.00 |
| Administration Assistant        | Valli Pataballa   |           1200.00 |
| Administration Vice President   | Valli Pataballa   |          25200.00 |
| President                       | Valli Pataballa   |          35200.00 |
| Public Relations Representative | Diana Lorentz     |           6300.00 |
| Human Resources Representative  | Diana Lorentz     |           4800.00 |
| Marketing Representative        | Diana Lorentz     |           4800.00 |
| Marketing Manager               | Diana Lorentz     |          10800.00 |
| Programmer                      | Diana Lorentz     |           5800.00 |
| Shipping Clerk                  | Diana Lorentz     |           1300.00 |
| Stock Clerk                     | Diana Lorentz     |            800.00 |
| Stock Manager                   | Diana Lorentz     |           4300.00 |
| Purchasing Clerk                | Diana Lorentz     |           1300.00 |
| Purchasing Manager              | Diana Lorentz     |          10800.00 |
| Sales Representative            | Diana Lorentz     |           7808.00 |
| Sales Manager                   | Diana Lorentz     |          15880.00 |
| Public Accountant               | Diana Lorentz     |           4800.00 |
| Accounting Manager              | Diana Lorentz     |          11800.00 |
| Accountant                      | Diana Lorentz     |           4800.00 |
| Finance Manager                 | Diana Lorentz     |          11800.00 |
| Administration Assistant        | Diana Lorentz     |           1800.00 |
| Administration Vice President   | Diana Lorentz     |          25800.00 |
| President                       | Diana Lorentz     |          35800.00 |
| Public Relations Representative | Nancy Greenberg   |          -1500.00 |
| Human Resources Representative  | Nancy Greenberg   |          -3000.00 |
| Marketing Representative        | Nancy Greenberg   |          -3000.00 |
| Marketing Manager               | Nancy Greenberg   |           3000.00 |
| Programmer                      | Nancy Greenberg   |          -2000.00 |
| Shipping Clerk                  | Nancy Greenberg   |          -6500.00 |
| Stock Clerk                     | Nancy Greenberg   |          -7000.00 |
| Stock Manager                   | Nancy Greenberg   |          -3500.00 |
| Purchasing Clerk                | Nancy Greenberg   |          -6500.00 |
| Purchasing Manager              | Nancy Greenberg   |           3000.00 |
| Sales Representative            | Nancy Greenberg   |              8.00 |
| Sales Manager                   | Nancy Greenberg   |           8080.00 |
| Public Accountant               | Nancy Greenberg   |          -3000.00 |
| Accounting Manager              | Nancy Greenberg   |           4000.00 |
| Accountant                      | Nancy Greenberg   |          -3000.00 |
| Finance Manager                 | Nancy Greenberg   |           4000.00 |
| Administration Assistant        | Nancy Greenberg   |          -6000.00 |
| Administration Vice President   | Nancy Greenberg   |          18000.00 |
| President                       | Nancy Greenberg   |          28000.00 |
| Public Relations Representative | Daniel Faviet     |           1500.00 |
| Human Resources Representative  | Daniel Faviet     |              0.00 |
| Marketing Representative        | Daniel Faviet     |              0.00 |
| Marketing Manager               | Daniel Faviet     |           6000.00 |
| Programmer                      | Daniel Faviet     |           1000.00 |
| Shipping Clerk                  | Daniel Faviet     |          -3500.00 |
| Stock Clerk                     | Daniel Faviet     |          -4000.00 |
| Stock Manager                   | Daniel Faviet     |           -500.00 |
| Purchasing Clerk                | Daniel Faviet     |          -3500.00 |
| Purchasing Manager              | Daniel Faviet     |           6000.00 |
| Sales Representative            | Daniel Faviet     |           3008.00 |
| Sales Manager                   | Daniel Faviet     |          11080.00 |
| Public Accountant               | Daniel Faviet     |              0.00 |
| Accounting Manager              | Daniel Faviet     |           7000.00 |
| Accountant                      | Daniel Faviet     |              0.00 |
| Finance Manager                 | Daniel Faviet     |           7000.00 |
| Administration Assistant        | Daniel Faviet     |          -3000.00 |
| Administration Vice President   | Daniel Faviet     |          21000.00 |
| President                       | Daniel Faviet     |          31000.00 |
| Public Relations Representative | John Chen         |           2300.00 |
| Human Resources Representative  | John Chen         |            800.00 |
| Marketing Representative        | John Chen         |            800.00 |
| Marketing Manager               | John Chen         |           6800.00 |
| Programmer                      | John Chen         |           1800.00 |
| Shipping Clerk                  | John Chen         |          -2700.00 |
| Stock Clerk                     | John Chen         |          -3200.00 |
| Stock Manager                   | John Chen         |            300.00 |
| Purchasing Clerk                | John Chen         |          -2700.00 |
| Purchasing Manager              | John Chen         |           6800.00 |
| Sales Representative            | John Chen         |           3808.00 |
| Sales Manager                   | John Chen         |          11880.00 |
| Public Accountant               | John Chen         |            800.00 |
| Accounting Manager              | John Chen         |           7800.00 |
| Accountant                      | John Chen         |            800.00 |
| Finance Manager                 | John Chen         |           7800.00 |
| Administration Assistant        | John Chen         |          -2200.00 |
| Administration Vice President   | John Chen         |          21800.00 |
| President                       | John Chen         |          31800.00 |
| Public Relations Representative | Ismael Sciarra    |           2800.00 |
| Human Resources Representative  | Ismael Sciarra    |           1300.00 |
| Marketing Representative        | Ismael Sciarra    |           1300.00 |
| Marketing Manager               | Ismael Sciarra    |           7300.00 |
| Programmer                      | Ismael Sciarra    |           2300.00 |
| Shipping Clerk                  | Ismael Sciarra    |          -2200.00 |
| Stock Clerk                     | Ismael Sciarra    |          -2700.00 |
| Stock Manager                   | Ismael Sciarra    |            800.00 |
| Purchasing Clerk                | Ismael Sciarra    |          -2200.00 |
| Purchasing Manager              | Ismael Sciarra    |           7300.00 |
| Sales Representative            | Ismael Sciarra    |           4308.00 |
| Sales Manager                   | Ismael Sciarra    |          12380.00 |
| Public Accountant               | Ismael Sciarra    |           1300.00 |
| Accounting Manager              | Ismael Sciarra    |           8300.00 |
| Accountant                      | Ismael Sciarra    |           1300.00 |
| Finance Manager                 | Ismael Sciarra    |           8300.00 |
| Administration Assistant        | Ismael Sciarra    |          -1700.00 |
| Administration Vice President   | Ismael Sciarra    |          22300.00 |
| President                       | Ismael Sciarra    |          32300.00 |
| Public Relations Representative | Jose Manuel Urman |           2700.00 |
| Human Resources Representative  | Jose Manuel Urman |           1200.00 |
| Marketing Representative        | Jose Manuel Urman |           1200.00 |
| Marketing Manager               | Jose Manuel Urman |           7200.00 |
| Programmer                      | Jose Manuel Urman |           2200.00 |
| Shipping Clerk                  | Jose Manuel Urman |          -2300.00 |
| Stock Clerk                     | Jose Manuel Urman |          -2800.00 |
| Stock Manager                   | Jose Manuel Urman |            700.00 |
| Purchasing Clerk                | Jose Manuel Urman |          -2300.00 |
| Purchasing Manager              | Jose Manuel Urman |           7200.00 |
| Sales Representative            | Jose Manuel Urman |           4208.00 |
| Sales Manager                   | Jose Manuel Urman |          12280.00 |
| Public Accountant               | Jose Manuel Urman |           1200.00 |
| Accounting Manager              | Jose Manuel Urman |           8200.00 |
| Accountant                      | Jose Manuel Urman |           1200.00 |
| Finance Manager                 | Jose Manuel Urman |           8200.00 |
| Administration Assistant        | Jose Manuel Urman |          -1800.00 |
| Administration Vice President   | Jose Manuel Urman |          22200.00 |
| President                       | Jose Manuel Urman |          32200.00 |
| Public Relations Representative | Luis Popp         |           3600.00 |
| Human Resources Representative  | Luis Popp         |           2100.00 |
| Marketing Representative        | Luis Popp         |           2100.00 |
| Marketing Manager               | Luis Popp         |           8100.00 |
| Programmer                      | Luis Popp         |           3100.00 |
| Shipping Clerk                  | Luis Popp         |          -1400.00 |
| Stock Clerk                     | Luis Popp         |          -1900.00 |
| Stock Manager                   | Luis Popp         |           1600.00 |
| Purchasing Clerk                | Luis Popp         |          -1400.00 |
| Purchasing Manager              | Luis Popp         |           8100.00 |
| Sales Representative            | Luis Popp         |           5108.00 |
| Sales Manager                   | Luis Popp         |          13180.00 |
| Public Accountant               | Luis Popp         |           2100.00 |
| Accounting Manager              | Luis Popp         |           9100.00 |
| Accountant                      | Luis Popp         |           2100.00 |
| Finance Manager                 | Luis Popp         |           9100.00 |
| Administration Assistant        | Luis Popp         |           -900.00 |
| Administration Vice President   | Luis Popp         |          23100.00 |
| President                       | Luis Popp         |          33100.00 |
| Public Relations Representative | Den Raphaely      |           -500.00 |
| Human Resources Representative  | Den Raphaely      |          -2000.00 |
| Marketing Representative        | Den Raphaely      |          -2000.00 |
| Marketing Manager               | Den Raphaely      |           4000.00 |
| Programmer                      | Den Raphaely      |          -1000.00 |
| Shipping Clerk                  | Den Raphaely      |          -5500.00 |
| Stock Clerk                     | Den Raphaely      |          -6000.00 |
| Stock Manager                   | Den Raphaely      |          -2500.00 |
| Purchasing Clerk                | Den Raphaely      |          -5500.00 |
| Purchasing Manager              | Den Raphaely      |           4000.00 |
| Sales Representative            | Den Raphaely      |           1008.00 |
| Sales Manager                   | Den Raphaely      |           9080.00 |
| Public Accountant               | Den Raphaely      |          -2000.00 |
| Accounting Manager              | Den Raphaely      |           5000.00 |
| Accountant                      | Den Raphaely      |          -2000.00 |
| Finance Manager                 | Den Raphaely      |           5000.00 |
| Administration Assistant        | Den Raphaely      |          -5000.00 |
| Administration Vice President   | Den Raphaely      |          19000.00 |
| President                       | Den Raphaely      |          29000.00 |
| Public Relations Representative | Alexander Khoo    |           7400.00 |
| Human Resources Representative  | Alexander Khoo    |           5900.00 |
| Marketing Representative        | Alexander Khoo    |           5900.00 |
| Marketing Manager               | Alexander Khoo    |          11900.00 |
| Programmer                      | Alexander Khoo    |           6900.00 |
| Shipping Clerk                  | Alexander Khoo    |           2400.00 |
| Stock Clerk                     | Alexander Khoo    |           1900.00 |
| Stock Manager                   | Alexander Khoo    |           5400.00 |
| Purchasing Clerk                | Alexander Khoo    |           2400.00 |
| Purchasing Manager              | Alexander Khoo    |          11900.00 |
| Sales Representative            | Alexander Khoo    |           8908.00 |
| Sales Manager                   | Alexander Khoo    |          16980.00 |
| Public Accountant               | Alexander Khoo    |           5900.00 |
| Accounting Manager              | Alexander Khoo    |          12900.00 |
| Accountant                      | Alexander Khoo    |           5900.00 |
| Finance Manager                 | Alexander Khoo    |          12900.00 |
| Administration Assistant        | Alexander Khoo    |           2900.00 |
| Administration Vice President   | Alexander Khoo    |          26900.00 |
| President                       | Alexander Khoo    |          36900.00 |
| Public Relations Representative | Shelli Baida      |           7600.00 |
| Human Resources Representative  | Shelli Baida      |           6100.00 |
| Marketing Representative        | Shelli Baida      |           6100.00 |
| Marketing Manager               | Shelli Baida      |          12100.00 |
| Programmer                      | Shelli Baida      |           7100.00 |
| Shipping Clerk                  | Shelli Baida      |           2600.00 |
| Stock Clerk                     | Shelli Baida      |           2100.00 |
| Stock Manager                   | Shelli Baida      |           5600.00 |
| Purchasing Clerk                | Shelli Baida      |           2600.00 |
| Purchasing Manager              | Shelli Baida      |          12100.00 |
| Sales Representative            | Shelli Baida      |           9108.00 |
| Sales Manager                   | Shelli Baida      |          17180.00 |
| Public Accountant               | Shelli Baida      |           6100.00 |
| Accounting Manager              | Shelli Baida      |          13100.00 |
| Accountant                      | Shelli Baida      |           6100.00 |
| Finance Manager                 | Shelli Baida      |          13100.00 |
| Administration Assistant        | Shelli Baida      |           3100.00 |
| Administration Vice President   | Shelli Baida      |          27100.00 |
| President                       | Shelli Baida      |          37100.00 |
| Public Relations Representative | Sigal Tobias      |           7700.00 |
| Human Resources Representative  | Sigal Tobias      |           6200.00 |
| Marketing Representative        | Sigal Tobias      |           6200.00 |
| Marketing Manager               | Sigal Tobias      |          12200.00 |
| Programmer                      | Sigal Tobias      |           7200.00 |
| Shipping Clerk                  | Sigal Tobias      |           2700.00 |
| Stock Clerk                     | Sigal Tobias      |           2200.00 |
| Stock Manager                   | Sigal Tobias      |           5700.00 |
| Purchasing Clerk                | Sigal Tobias      |           2700.00 |
| Purchasing Manager              | Sigal Tobias      |          12200.00 |
| Sales Representative            | Sigal Tobias      |           9208.00 |
| Sales Manager                   | Sigal Tobias      |          17280.00 |
| Public Accountant               | Sigal Tobias      |           6200.00 |
| Accounting Manager              | Sigal Tobias      |          13200.00 |
| Accountant                      | Sigal Tobias      |           6200.00 |
| Finance Manager                 | Sigal Tobias      |          13200.00 |
| Administration Assistant        | Sigal Tobias      |           3200.00 |
| Administration Vice President   | Sigal Tobias      |          27200.00 |
| President                       | Sigal Tobias      |          37200.00 |
| Public Relations Representative | Guy Himuro        |           7900.00 |
| Human Resources Representative  | Guy Himuro        |           6400.00 |
| Marketing Representative        | Guy Himuro        |           6400.00 |
| Marketing Manager               | Guy Himuro        |          12400.00 |
| Programmer                      | Guy Himuro        |           7400.00 |
| Shipping Clerk                  | Guy Himuro        |           2900.00 |
| Stock Clerk                     | Guy Himuro        |           2400.00 |
| Stock Manager                   | Guy Himuro        |           5900.00 |
| Purchasing Clerk                | Guy Himuro        |           2900.00 |
| Purchasing Manager              | Guy Himuro        |          12400.00 |
| Sales Representative            | Guy Himuro        |           9408.00 |
| Sales Manager                   | Guy Himuro        |          17480.00 |
| Public Accountant               | Guy Himuro        |           6400.00 |
| Accounting Manager              | Guy Himuro        |          13400.00 |
| Accountant                      | Guy Himuro        |           6400.00 |
| Finance Manager                 | Guy Himuro        |          13400.00 |
| Administration Assistant        | Guy Himuro        |           3400.00 |
| Administration Vice President   | Guy Himuro        |          27400.00 |
| President                       | Guy Himuro        |          37400.00 |
| Public Relations Representative | Karen Colmenares  |           8000.00 |
| Human Resources Representative  | Karen Colmenares  |           6500.00 |
| Marketing Representative        | Karen Colmenares  |           6500.00 |
| Marketing Manager               | Karen Colmenares  |          12500.00 |
| Programmer                      | Karen Colmenares  |           7500.00 |
| Shipping Clerk                  | Karen Colmenares  |           3000.00 |
| Stock Clerk                     | Karen Colmenares  |           2500.00 |
| Stock Manager                   | Karen Colmenares  |           6000.00 |
| Purchasing Clerk                | Karen Colmenares  |           3000.00 |
| Purchasing Manager              | Karen Colmenares  |          12500.00 |
| Sales Representative            | Karen Colmenares  |           9508.00 |
| Sales Manager                   | Karen Colmenares  |          17580.00 |
| Public Accountant               | Karen Colmenares  |           6500.00 |
| Accounting Manager              | Karen Colmenares  |          13500.00 |
| Accountant                      | Karen Colmenares  |           6500.00 |
| Finance Manager                 | Karen Colmenares  |          13500.00 |
| Administration Assistant        | Karen Colmenares  |           3500.00 |
| Administration Vice President   | Karen Colmenares  |          27500.00 |
| President                       | Karen Colmenares  |          37500.00 |
| Public Relations Representative | Matthew Weiss     |           2500.00 |
| Human Resources Representative  | Matthew Weiss     |           1000.00 |
| Marketing Representative        | Matthew Weiss     |           1000.00 |
| Marketing Manager               | Matthew Weiss     |           7000.00 |
| Programmer                      | Matthew Weiss     |           2000.00 |
| Shipping Clerk                  | Matthew Weiss     |          -2500.00 |
| Stock Clerk                     | Matthew Weiss     |          -3000.00 |
| Stock Manager                   | Matthew Weiss     |            500.00 |
| Purchasing Clerk                | Matthew Weiss     |          -2500.00 |
| Purchasing Manager              | Matthew Weiss     |           7000.00 |
| Sales Representative            | Matthew Weiss     |           4008.00 |
| Sales Manager                   | Matthew Weiss     |          12080.00 |
| Public Accountant               | Matthew Weiss     |           1000.00 |
| Accounting Manager              | Matthew Weiss     |           8000.00 |
| Accountant                      | Matthew Weiss     |           1000.00 |
| Finance Manager                 | Matthew Weiss     |           8000.00 |
| Administration Assistant        | Matthew Weiss     |          -2000.00 |
| Administration Vice President   | Matthew Weiss     |          22000.00 |
| President                       | Matthew Weiss     |          32000.00 |
| Public Relations Representative | Adam Fripp        |           2300.00 |
| Human Resources Representative  | Adam Fripp        |            800.00 |
| Marketing Representative        | Adam Fripp        |            800.00 |
| Marketing Manager               | Adam Fripp        |           6800.00 |
| Programmer                      | Adam Fripp        |           1800.00 |
| Shipping Clerk                  | Adam Fripp        |          -2700.00 |
| Stock Clerk                     | Adam Fripp        |          -3200.00 |
| Stock Manager                   | Adam Fripp        |            300.00 |
| Purchasing Clerk                | Adam Fripp        |          -2700.00 |
| Purchasing Manager              | Adam Fripp        |           6800.00 |
| Sales Representative            | Adam Fripp        |           3808.00 |
| Sales Manager                   | Adam Fripp        |          11880.00 |
| Public Accountant               | Adam Fripp        |            800.00 |
| Accounting Manager              | Adam Fripp        |           7800.00 |
| Accountant                      | Adam Fripp        |            800.00 |
| Finance Manager                 | Adam Fripp        |           7800.00 |
| Administration Assistant        | Adam Fripp        |          -2200.00 |
| Administration Vice President   | Adam Fripp        |          21800.00 |
| President                       | Adam Fripp        |          31800.00 |
| Public Relations Representative | Payam Kaufling    |           2600.00 |
| Human Resources Representative  | Payam Kaufling    |           1100.00 |
| Marketing Representative        | Payam Kaufling    |           1100.00 |
| Marketing Manager               | Payam Kaufling    |           7100.00 |
| Programmer                      | Payam Kaufling    |           2100.00 |
| Shipping Clerk                  | Payam Kaufling    |          -2400.00 |
| Stock Clerk                     | Payam Kaufling    |          -2900.00 |
| Stock Manager                   | Payam Kaufling    |            600.00 |
| Purchasing Clerk                | Payam Kaufling    |          -2400.00 |
| Purchasing Manager              | Payam Kaufling    |           7100.00 |
| Sales Representative            | Payam Kaufling    |           4108.00 |
| Sales Manager                   | Payam Kaufling    |          12180.00 |
| Public Accountant               | Payam Kaufling    |           1100.00 |
| Accounting Manager              | Payam Kaufling    |           8100.00 |
| Accountant                      | Payam Kaufling    |           1100.00 |
| Finance Manager                 | Payam Kaufling    |           8100.00 |
| Administration Assistant        | Payam Kaufling    |          -1900.00 |
| Administration Vice President   | Payam Kaufling    |          22100.00 |
| President                       | Payam Kaufling    |          32100.00 |
| Public Relations Representative | Shanta Vollman    |           4000.00 |
| Human Resources Representative  | Shanta Vollman    |           2500.00 |
| Marketing Representative        | Shanta Vollman    |           2500.00 |
| Marketing Manager               | Shanta Vollman    |           8500.00 |
| Programmer                      | Shanta Vollman    |           3500.00 |
| Shipping Clerk                  | Shanta Vollman    |          -1000.00 |
| Stock Clerk                     | Shanta Vollman    |          -1500.00 |
| Stock Manager                   | Shanta Vollman    |           2000.00 |
| Purchasing Clerk                | Shanta Vollman    |          -1000.00 |
| Purchasing Manager              | Shanta Vollman    |           8500.00 |
| Sales Representative            | Shanta Vollman    |           5508.00 |
| Sales Manager                   | Shanta Vollman    |          13580.00 |
| Public Accountant               | Shanta Vollman    |           2500.00 |
| Accounting Manager              | Shanta Vollman    |           9500.00 |
| Accountant                      | Shanta Vollman    |           2500.00 |
| Finance Manager                 | Shanta Vollman    |           9500.00 |
| Administration Assistant        | Shanta Vollman    |           -500.00 |
| Administration Vice President   | Shanta Vollman    |          23500.00 |
| President                       | Shanta Vollman    |          33500.00 |
| Public Relations Representative | Kevin Mourgos     |           4700.00 |
| Human Resources Representative  | Kevin Mourgos     |           3200.00 |
| Marketing Representative        | Kevin Mourgos     |           3200.00 |
| Marketing Manager               | Kevin Mourgos     |           9200.00 |
| Programmer                      | Kevin Mourgos     |           4200.00 |
| Shipping Clerk                  | Kevin Mourgos     |           -300.00 |
| Stock Clerk                     | Kevin Mourgos     |           -800.00 |
| Stock Manager                   | Kevin Mourgos     |           2700.00 |
| Purchasing Clerk                | Kevin Mourgos     |           -300.00 |
| Purchasing Manager              | Kevin Mourgos     |           9200.00 |
| Sales Representative            | Kevin Mourgos     |           6208.00 |
| Sales Manager                   | Kevin Mourgos     |          14280.00 |
| Public Accountant               | Kevin Mourgos     |           3200.00 |
| Accounting Manager              | Kevin Mourgos     |          10200.00 |
| Accountant                      | Kevin Mourgos     |           3200.00 |
| Finance Manager                 | Kevin Mourgos     |          10200.00 |
| Administration Assistant        | Kevin Mourgos     |            200.00 |
| Administration Vice President   | Kevin Mourgos     |          24200.00 |
| President                       | Kevin Mourgos     |          34200.00 |
| Public Relations Representative | Julia Nayer       |           7300.00 |
| Human Resources Representative  | Julia Nayer       |           5800.00 |
| Marketing Representative        | Julia Nayer       |           5800.00 |
| Marketing Manager               | Julia Nayer       |          11800.00 |
| Programmer                      | Julia Nayer       |           6800.00 |
| Shipping Clerk                  | Julia Nayer       |           2300.00 |
| Stock Clerk                     | Julia Nayer       |           1800.00 |
| Stock Manager                   | Julia Nayer       |           5300.00 |
| Purchasing Clerk                | Julia Nayer       |           2300.00 |
| Purchasing Manager              | Julia Nayer       |          11800.00 |
| Sales Representative            | Julia Nayer       |           8808.00 |
| Sales Manager                   | Julia Nayer       |          16880.00 |
| Public Accountant               | Julia Nayer       |           5800.00 |
| Accounting Manager              | Julia Nayer       |          12800.00 |
| Accountant                      | Julia Nayer       |           5800.00 |
| Finance Manager                 | Julia Nayer       |          12800.00 |
| Administration Assistant        | Julia Nayer       |           2800.00 |
| Administration Vice President   | Julia Nayer       |          26800.00 |
| President                       | Julia Nayer       |          36800.00 |
| Public Relations Representative | Irene Mikkilineni |           7800.00 |
| Human Resources Representative  | Irene Mikkilineni |           6300.00 |
| Marketing Representative        | Irene Mikkilineni |           6300.00 |
| Marketing Manager               | Irene Mikkilineni |          12300.00 |
| Programmer                      | Irene Mikkilineni |           7300.00 |
| Shipping Clerk                  | Irene Mikkilineni |           2800.00 |
| Stock Clerk                     | Irene Mikkilineni |           2300.00 |
| Stock Manager                   | Irene Mikkilineni |           5800.00 |
| Purchasing Clerk                | Irene Mikkilineni |           2800.00 |
| Purchasing Manager              | Irene Mikkilineni |          12300.00 |
| Sales Representative            | Irene Mikkilineni |           9308.00 |
| Sales Manager                   | Irene Mikkilineni |          17380.00 |
| Public Accountant               | Irene Mikkilineni |           6300.00 |
| Accounting Manager              | Irene Mikkilineni |          13300.00 |
| Accountant                      | Irene Mikkilineni |           6300.00 |
| Finance Manager                 | Irene Mikkilineni |          13300.00 |
| Administration Assistant        | Irene Mikkilineni |           3300.00 |
| Administration Vice President   | Irene Mikkilineni |          27300.00 |
| President                       | Irene Mikkilineni |          37300.00 |
| Public Relations Representative | James Landry      |           8100.00 |
| Human Resources Representative  | James Landry      |           6600.00 |
| Marketing Representative        | James Landry      |           6600.00 |
| Marketing Manager               | James Landry      |          12600.00 |
| Programmer                      | James Landry      |           7600.00 |
| Shipping Clerk                  | James Landry      |           3100.00 |
| Stock Clerk                     | James Landry      |           2600.00 |
| Stock Manager                   | James Landry      |           6100.00 |
| Purchasing Clerk                | James Landry      |           3100.00 |
| Purchasing Manager              | James Landry      |          12600.00 |
| Sales Representative            | James Landry      |           9608.00 |
| Sales Manager                   | James Landry      |          17680.00 |
| Public Accountant               | James Landry      |           6600.00 |
| Accounting Manager              | James Landry      |          13600.00 |
| Accountant                      | James Landry      |           6600.00 |
| Finance Manager                 | James Landry      |          13600.00 |
| Administration Assistant        | James Landry      |           3600.00 |
| Administration Vice President   | James Landry      |          27600.00 |
| President                       | James Landry      |          37600.00 |
| Public Relations Representative | Steven Markle     |           8300.00 |
| Human Resources Representative  | Steven Markle     |           6800.00 |
| Marketing Representative        | Steven Markle     |           6800.00 |
| Marketing Manager               | Steven Markle     |          12800.00 |
| Programmer                      | Steven Markle     |           7800.00 |
| Shipping Clerk                  | Steven Markle     |           3300.00 |
| Stock Clerk                     | Steven Markle     |           2800.00 |
| Stock Manager                   | Steven Markle     |           6300.00 |
| Purchasing Clerk                | Steven Markle     |           3300.00 |
| Purchasing Manager              | Steven Markle     |          12800.00 |
| Sales Representative            | Steven Markle     |           9808.00 |
| Sales Manager                   | Steven Markle     |          17880.00 |
| Public Accountant               | Steven Markle     |           6800.00 |
| Accounting Manager              | Steven Markle     |          13800.00 |
| Accountant                      | Steven Markle     |           6800.00 |
| Finance Manager                 | Steven Markle     |          13800.00 |
| Administration Assistant        | Steven Markle     |           3800.00 |
| Administration Vice President   | Steven Markle     |          27800.00 |
| President                       | Steven Markle     |          37800.00 |
| Public Relations Representative | Laura Bissot      |           7200.00 |
| Human Resources Representative  | Laura Bissot      |           5700.00 |
| Marketing Representative        | Laura Bissot      |           5700.00 |
| Marketing Manager               | Laura Bissot      |          11700.00 |
| Programmer                      | Laura Bissot      |           6700.00 |
| Shipping Clerk                  | Laura Bissot      |           2200.00 |
| Stock Clerk                     | Laura Bissot      |           1700.00 |
| Stock Manager                   | Laura Bissot      |           5200.00 |
| Purchasing Clerk                | Laura Bissot      |           2200.00 |
| Purchasing Manager              | Laura Bissot      |          11700.00 |
| Sales Representative            | Laura Bissot      |           8708.00 |
| Sales Manager                   | Laura Bissot      |          16780.00 |
| Public Accountant               | Laura Bissot      |           5700.00 |
| Accounting Manager              | Laura Bissot      |          12700.00 |
| Accountant                      | Laura Bissot      |           5700.00 |
| Finance Manager                 | Laura Bissot      |          12700.00 |
| Administration Assistant        | Laura Bissot      |           2700.00 |
| Administration Vice President   | Laura Bissot      |          26700.00 |
| President                       | Laura Bissot      |          36700.00 |
| Public Relations Representative | Mozhe Atkinson    |           7700.00 |
| Human Resources Representative  | Mozhe Atkinson    |           6200.00 |
| Marketing Representative        | Mozhe Atkinson    |           6200.00 |
| Marketing Manager               | Mozhe Atkinson    |          12200.00 |
| Programmer                      | Mozhe Atkinson    |           7200.00 |
| Shipping Clerk                  | Mozhe Atkinson    |           2700.00 |
| Stock Clerk                     | Mozhe Atkinson    |           2200.00 |
| Stock Manager                   | Mozhe Atkinson    |           5700.00 |
| Purchasing Clerk                | Mozhe Atkinson    |           2700.00 |
| Purchasing Manager              | Mozhe Atkinson    |          12200.00 |
| Sales Representative            | Mozhe Atkinson    |           9208.00 |
| Sales Manager                   | Mozhe Atkinson    |          17280.00 |
| Public Accountant               | Mozhe Atkinson    |           6200.00 |
| Accounting Manager              | Mozhe Atkinson    |          13200.00 |
| Accountant                      | Mozhe Atkinson    |           6200.00 |
| Finance Manager                 | Mozhe Atkinson    |          13200.00 |
| Administration Assistant        | Mozhe Atkinson    |           3200.00 |
| Administration Vice President   | Mozhe Atkinson    |          27200.00 |
| President                       | Mozhe Atkinson    |          37200.00 |
| Public Relations Representative | James Marlow      |           8000.00 |
| Human Resources Representative  | James Marlow      |           6500.00 |
| Marketing Representative        | James Marlow      |           6500.00 |
| Marketing Manager               | James Marlow      |          12500.00 |
| Programmer                      | James Marlow      |           7500.00 |
| Shipping Clerk                  | James Marlow      |           3000.00 |
| Stock Clerk                     | James Marlow      |           2500.00 |
| Stock Manager                   | James Marlow      |           6000.00 |
| Purchasing Clerk                | James Marlow      |           3000.00 |
| Purchasing Manager              | James Marlow      |          12500.00 |
| Sales Representative            | James Marlow      |           9508.00 |
| Sales Manager                   | James Marlow      |          17580.00 |
| Public Accountant               | James Marlow      |           6500.00 |
| Accounting Manager              | James Marlow      |          13500.00 |
| Accountant                      | James Marlow      |           6500.00 |
| Finance Manager                 | James Marlow      |          13500.00 |
| Administration Assistant        | James Marlow      |           3500.00 |
| Administration Vice President   | James Marlow      |          27500.00 |
| President                       | James Marlow      |          37500.00 |
| Public Relations Representative | TJ Olson          |           8400.00 |
| Human Resources Representative  | TJ Olson          |           6900.00 |
| Marketing Representative        | TJ Olson          |           6900.00 |
| Marketing Manager               | TJ Olson          |          12900.00 |
| Programmer                      | TJ Olson          |           7900.00 |
| Shipping Clerk                  | TJ Olson          |           3400.00 |
| Stock Clerk                     | TJ Olson          |           2900.00 |
| Stock Manager                   | TJ Olson          |           6400.00 |
| Purchasing Clerk                | TJ Olson          |           3400.00 |
| Purchasing Manager              | TJ Olson          |          12900.00 |
| Sales Representative            | TJ Olson          |           9908.00 |
| Sales Manager                   | TJ Olson          |          17980.00 |
| Public Accountant               | TJ Olson          |           6900.00 |
| Accounting Manager              | TJ Olson          |          13900.00 |
| Accountant                      | TJ Olson          |           6900.00 |
| Finance Manager                 | TJ Olson          |          13900.00 |
| Administration Assistant        | TJ Olson          |           3900.00 |
| Administration Vice President   | TJ Olson          |          27900.00 |
| President                       | TJ Olson          |          37900.00 |
| Public Relations Representative | Jason Mallin      |           7200.00 |
| Human Resources Representative  | Jason Mallin      |           5700.00 |
| Marketing Representative        | Jason Mallin      |           5700.00 |
| Marketing Manager               | Jason Mallin      |          11700.00 |
| Programmer                      | Jason Mallin      |           6700.00 |
| Shipping Clerk                  | Jason Mallin      |           2200.00 |
| Stock Clerk                     | Jason Mallin      |           1700.00 |
| Stock Manager                   | Jason Mallin      |           5200.00 |
| Purchasing Clerk                | Jason Mallin      |           2200.00 |
| Purchasing Manager              | Jason Mallin      |          11700.00 |
| Sales Representative            | Jason Mallin      |           8708.00 |
| Sales Manager                   | Jason Mallin      |          16780.00 |
| Public Accountant               | Jason Mallin      |           5700.00 |
| Accounting Manager              | Jason Mallin      |          12700.00 |
| Accountant                      | Jason Mallin      |           5700.00 |
| Finance Manager                 | Jason Mallin      |          12700.00 |
| Administration Assistant        | Jason Mallin      |           2700.00 |
| Administration Vice President   | Jason Mallin      |          26700.00 |
| President                       | Jason Mallin      |          36700.00 |
| Public Relations Representative | Michael Rogers    |           7600.00 |
| Human Resources Representative  | Michael Rogers    |           6100.00 |
| Marketing Representative        | Michael Rogers    |           6100.00 |
| Marketing Manager               | Michael Rogers    |          12100.00 |
| Programmer                      | Michael Rogers    |           7100.00 |
| Shipping Clerk                  | Michael Rogers    |           2600.00 |
| Stock Clerk                     | Michael Rogers    |           2100.00 |
| Stock Manager                   | Michael Rogers    |           5600.00 |
| Purchasing Clerk                | Michael Rogers    |           2600.00 |
| Purchasing Manager              | Michael Rogers    |          12100.00 |
| Sales Representative            | Michael Rogers    |           9108.00 |
| Sales Manager                   | Michael Rogers    |          17180.00 |
| Public Accountant               | Michael Rogers    |           6100.00 |
| Accounting Manager              | Michael Rogers    |          13100.00 |
| Accountant                      | Michael Rogers    |           6100.00 |
| Finance Manager                 | Michael Rogers    |          13100.00 |
| Administration Assistant        | Michael Rogers    |           3100.00 |
| Administration Vice President   | Michael Rogers    |          27100.00 |
| President                       | Michael Rogers    |          37100.00 |
| Public Relations Representative | Ki Gee            |           8100.00 |
| Human Resources Representative  | Ki Gee            |           6600.00 |
| Marketing Representative        | Ki Gee            |           6600.00 |
| Marketing Manager               | Ki Gee            |          12600.00 |
| Programmer                      | Ki Gee            |           7600.00 |
| Shipping Clerk                  | Ki Gee            |           3100.00 |
| Stock Clerk                     | Ki Gee            |           2600.00 |
| Stock Manager                   | Ki Gee            |           6100.00 |
| Purchasing Clerk                | Ki Gee            |           3100.00 |
| Purchasing Manager              | Ki Gee            |          12600.00 |
| Sales Representative            | Ki Gee            |           9608.00 |
| Sales Manager                   | Ki Gee            |          17680.00 |
| Public Accountant               | Ki Gee            |           6600.00 |
| Accounting Manager              | Ki Gee            |          13600.00 |
| Accountant                      | Ki Gee            |           6600.00 |
| Finance Manager                 | Ki Gee            |          13600.00 |
| Administration Assistant        | Ki Gee            |           3600.00 |
| Administration Vice President   | Ki Gee            |          27600.00 |
| President                       | Ki Gee            |          37600.00 |
| Public Relations Representative | Hazel Philtanker  |           8300.00 |
| Human Resources Representative  | Hazel Philtanker  |           6800.00 |
| Marketing Representative        | Hazel Philtanker  |           6800.00 |
| Marketing Manager               | Hazel Philtanker  |          12800.00 |
| Programmer                      | Hazel Philtanker  |           7800.00 |
| Shipping Clerk                  | Hazel Philtanker  |           3300.00 |
| Stock Clerk                     | Hazel Philtanker  |           2800.00 |
| Stock Manager                   | Hazel Philtanker  |           6300.00 |
| Purchasing Clerk                | Hazel Philtanker  |           3300.00 |
| Purchasing Manager              | Hazel Philtanker  |          12800.00 |
| Sales Representative            | Hazel Philtanker  |           9808.00 |
| Sales Manager                   | Hazel Philtanker  |          17880.00 |
| Public Accountant               | Hazel Philtanker  |           6800.00 |
| Accounting Manager              | Hazel Philtanker  |          13800.00 |
| Accountant                      | Hazel Philtanker  |           6800.00 |
| Finance Manager                 | Hazel Philtanker  |          13800.00 |
| Administration Assistant        | Hazel Philtanker  |           3800.00 |
| Administration Vice President   | Hazel Philtanker  |          27800.00 |
| President                       | Hazel Philtanker  |          37800.00 |
| Public Relations Representative | Renske Ladwig     |           6900.00 |
| Human Resources Representative  | Renske Ladwig     |           5400.00 |
| Marketing Representative        | Renske Ladwig     |           5400.00 |
| Marketing Manager               | Renske Ladwig     |          11400.00 |
| Programmer                      | Renske Ladwig     |           6400.00 |
| Shipping Clerk                  | Renske Ladwig     |           1900.00 |
| Stock Clerk                     | Renske Ladwig     |           1400.00 |
| Stock Manager                   | Renske Ladwig     |           4900.00 |
| Purchasing Clerk                | Renske Ladwig     |           1900.00 |
| Purchasing Manager              | Renske Ladwig     |          11400.00 |
| Sales Representative            | Renske Ladwig     |           8408.00 |
| Sales Manager                   | Renske Ladwig     |          16480.00 |
| Public Accountant               | Renske Ladwig     |           5400.00 |
| Accounting Manager              | Renske Ladwig     |          12400.00 |
| Accountant                      | Renske Ladwig     |           5400.00 |
| Finance Manager                 | Renske Ladwig     |          12400.00 |
| Administration Assistant        | Renske Ladwig     |           2400.00 |
| Administration Vice President   | Renske Ladwig     |          26400.00 |
| President                       | Renske Ladwig     |          36400.00 |
| Public Relations Representative | Stephen Stiles    |           7300.00 |
| Human Resources Representative  | Stephen Stiles    |           5800.00 |
| Marketing Representative        | Stephen Stiles    |           5800.00 |
| Marketing Manager               | Stephen Stiles    |          11800.00 |
| Programmer                      | Stephen Stiles    |           6800.00 |
| Shipping Clerk                  | Stephen Stiles    |           2300.00 |
| Stock Clerk                     | Stephen Stiles    |           1800.00 |
| Stock Manager                   | Stephen Stiles    |           5300.00 |
| Purchasing Clerk                | Stephen Stiles    |           2300.00 |
| Purchasing Manager              | Stephen Stiles    |          11800.00 |
| Sales Representative            | Stephen Stiles    |           8808.00 |
| Sales Manager                   | Stephen Stiles    |          16880.00 |
| Public Accountant               | Stephen Stiles    |           5800.00 |
| Accounting Manager              | Stephen Stiles    |          12800.00 |
| Accountant                      | Stephen Stiles    |           5800.00 |
| Finance Manager                 | Stephen Stiles    |          12800.00 |
| Administration Assistant        | Stephen Stiles    |           2800.00 |
| Administration Vice President   | Stephen Stiles    |          26800.00 |
| President                       | Stephen Stiles    |          36800.00 |
| Public Relations Representative | John Seo          |           7800.00 |
| Human Resources Representative  | John Seo          |           6300.00 |
| Marketing Representative        | John Seo          |           6300.00 |
| Marketing Manager               | John Seo          |          12300.00 |
| Programmer                      | John Seo          |           7300.00 |
| Shipping Clerk                  | John Seo          |           2800.00 |
| Stock Clerk                     | John Seo          |           2300.00 |
| Stock Manager                   | John Seo          |           5800.00 |
| Purchasing Clerk                | John Seo          |           2800.00 |
| Purchasing Manager              | John Seo          |          12300.00 |
| Sales Representative            | John Seo          |           9308.00 |
| Sales Manager                   | John Seo          |          17380.00 |
| Public Accountant               | John Seo          |           6300.00 |
| Accounting Manager              | John Seo          |          13300.00 |
| Accountant                      | John Seo          |           6300.00 |
| Finance Manager                 | John Seo          |          13300.00 |
| Administration Assistant        | John Seo          |           3300.00 |
| Administration Vice President   | John Seo          |          27300.00 |
| President                       | John Seo          |          37300.00 |
| Public Relations Representative | Joshua Patel      |           8000.00 |
| Human Resources Representative  | Joshua Patel      |           6500.00 |
| Marketing Representative        | Joshua Patel      |           6500.00 |
| Marketing Manager               | Joshua Patel      |          12500.00 |
| Programmer                      | Joshua Patel      |           7500.00 |
| Shipping Clerk                  | Joshua Patel      |           3000.00 |
| Stock Clerk                     | Joshua Patel      |           2500.00 |
| Stock Manager                   | Joshua Patel      |           6000.00 |
| Purchasing Clerk                | Joshua Patel      |           3000.00 |
| Purchasing Manager              | Joshua Patel      |          12500.00 |
| Sales Representative            | Joshua Patel      |           9508.00 |
| Sales Manager                   | Joshua Patel      |          17580.00 |
| Public Accountant               | Joshua Patel      |           6500.00 |
| Accounting Manager              | Joshua Patel      |          13500.00 |
| Accountant                      | Joshua Patel      |           6500.00 |
| Finance Manager                 | Joshua Patel      |          13500.00 |
| Administration Assistant        | Joshua Patel      |           3500.00 |
| Administration Vice President   | Joshua Patel      |          27500.00 |
| President                       | Joshua Patel      |          37500.00 |
| Public Relations Representative | Trenna Rajs       |           7000.00 |
| Human Resources Representative  | Trenna Rajs       |           5500.00 |
| Marketing Representative        | Trenna Rajs       |           5500.00 |
| Marketing Manager               | Trenna Rajs       |          11500.00 |
| Programmer                      | Trenna Rajs       |           6500.00 |
| Shipping Clerk                  | Trenna Rajs       |           2000.00 |
| Stock Clerk                     | Trenna Rajs       |           1500.00 |
| Stock Manager                   | Trenna Rajs       |           5000.00 |
| Purchasing Clerk                | Trenna Rajs       |           2000.00 |
| Purchasing Manager              | Trenna Rajs       |          11500.00 |
| Sales Representative            | Trenna Rajs       |           8508.00 |
| Sales Manager                   | Trenna Rajs       |          16580.00 |
| Public Accountant               | Trenna Rajs       |           5500.00 |
| Accounting Manager              | Trenna Rajs       |          12500.00 |
| Accountant                      | Trenna Rajs       |           5500.00 |
| Finance Manager                 | Trenna Rajs       |          12500.00 |
| Administration Assistant        | Trenna Rajs       |           2500.00 |
| Administration Vice President   | Trenna Rajs       |          26500.00 |
| President                       | Trenna Rajs       |          36500.00 |
| Public Relations Representative | Curtis Davies     |           7400.00 |
| Human Resources Representative  | Curtis Davies     |           5900.00 |
| Marketing Representative        | Curtis Davies     |           5900.00 |
| Marketing Manager               | Curtis Davies     |          11900.00 |
| Programmer                      | Curtis Davies     |           6900.00 |
| Shipping Clerk                  | Curtis Davies     |           2400.00 |
| Stock Clerk                     | Curtis Davies     |           1900.00 |
| Stock Manager                   | Curtis Davies     |           5400.00 |
| Purchasing Clerk                | Curtis Davies     |           2400.00 |
| Purchasing Manager              | Curtis Davies     |          11900.00 |
| Sales Representative            | Curtis Davies     |           8908.00 |
| Sales Manager                   | Curtis Davies     |          16980.00 |
| Public Accountant               | Curtis Davies     |           5900.00 |
| Accounting Manager              | Curtis Davies     |          12900.00 |
| Accountant                      | Curtis Davies     |           5900.00 |
| Finance Manager                 | Curtis Davies     |          12900.00 |
| Administration Assistant        | Curtis Davies     |           2900.00 |
| Administration Vice President   | Curtis Davies     |          26900.00 |
| President                       | Curtis Davies     |          36900.00 |
| Public Relations Representative | Randall Matos     |           7900.00 |
| Human Resources Representative  | Randall Matos     |           6400.00 |
| Marketing Representative        | Randall Matos     |           6400.00 |
| Marketing Manager               | Randall Matos     |          12400.00 |
| Programmer                      | Randall Matos     |           7400.00 |
| Shipping Clerk                  | Randall Matos     |           2900.00 |
| Stock Clerk                     | Randall Matos     |           2400.00 |
| Stock Manager                   | Randall Matos     |           5900.00 |
| Purchasing Clerk                | Randall Matos     |           2900.00 |
| Purchasing Manager              | Randall Matos     |          12400.00 |
| Sales Representative            | Randall Matos     |           9408.00 |
| Sales Manager                   | Randall Matos     |          17480.00 |
| Public Accountant               | Randall Matos     |           6400.00 |
| Accounting Manager              | Randall Matos     |          13400.00 |
| Accountant                      | Randall Matos     |           6400.00 |
| Finance Manager                 | Randall Matos     |          13400.00 |
| Administration Assistant        | Randall Matos     |           3400.00 |
| Administration Vice President   | Randall Matos     |          27400.00 |
| President                       | Randall Matos     |          37400.00 |
| Public Relations Representative | Peter Vargas      |           8000.00 |
| Human Resources Representative  | Peter Vargas      |           6500.00 |
| Marketing Representative        | Peter Vargas      |           6500.00 |
| Marketing Manager               | Peter Vargas      |          12500.00 |
| Programmer                      | Peter Vargas      |           7500.00 |
| Shipping Clerk                  | Peter Vargas      |           3000.00 |
| Stock Clerk                     | Peter Vargas      |           2500.00 |
| Stock Manager                   | Peter Vargas      |           6000.00 |
| Purchasing Clerk                | Peter Vargas      |           3000.00 |
| Purchasing Manager              | Peter Vargas      |          12500.00 |
| Sales Representative            | Peter Vargas      |           9508.00 |
| Sales Manager                   | Peter Vargas      |          17580.00 |
| Public Accountant               | Peter Vargas      |           6500.00 |
| Accounting Manager              | Peter Vargas      |          13500.00 |
| Accountant                      | Peter Vargas      |           6500.00 |
| Finance Manager                 | Peter Vargas      |          13500.00 |
| Administration Assistant        | Peter Vargas      |           3500.00 |
| Administration Vice President   | Peter Vargas      |          27500.00 |
| President                       | Peter Vargas      |          37500.00 |
| Public Relations Representative | John Russell      |          -3500.00 |
| Human Resources Representative  | John Russell      |          -5000.00 |
| Marketing Representative        | John Russell      |          -5000.00 |
| Marketing Manager               | John Russell      |           1000.00 |
| Programmer                      | John Russell      |          -4000.00 |
| Shipping Clerk                  | John Russell      |          -8500.00 |
| Stock Clerk                     | John Russell      |          -9000.00 |
| Stock Manager                   | John Russell      |          -5500.00 |
| Purchasing Clerk                | John Russell      |          -8500.00 |
| Purchasing Manager              | John Russell      |           1000.00 |
| Sales Representative            | John Russell      |          -1992.00 |
| Sales Manager                   | John Russell      |           6080.00 |
| Public Accountant               | John Russell      |          -5000.00 |
| Accounting Manager              | John Russell      |           2000.00 |
| Accountant                      | John Russell      |          -5000.00 |
| Finance Manager                 | John Russell      |           2000.00 |
| Administration Assistant        | John Russell      |          -8000.00 |
| Administration Vice President   | John Russell      |          16000.00 |
| President                       | John Russell      |          26000.00 |
| Public Relations Representative | Karen Partners    |          -3000.00 |
| Human Resources Representative  | Karen Partners    |          -4500.00 |
| Marketing Representative        | Karen Partners    |          -4500.00 |
| Marketing Manager               | Karen Partners    |           1500.00 |
| Programmer                      | Karen Partners    |          -3500.00 |
| Shipping Clerk                  | Karen Partners    |          -8000.00 |
| Stock Clerk                     | Karen Partners    |          -8500.00 |
| Stock Manager                   | Karen Partners    |          -5000.00 |
| Purchasing Clerk                | Karen Partners    |          -8000.00 |
| Purchasing Manager              | Karen Partners    |           1500.00 |
| Sales Representative            | Karen Partners    |          -1492.00 |
| Sales Manager                   | Karen Partners    |           6580.00 |
| Public Accountant               | Karen Partners    |          -4500.00 |
| Accounting Manager              | Karen Partners    |           2500.00 |
| Accountant                      | Karen Partners    |          -4500.00 |
| Finance Manager                 | Karen Partners    |           2500.00 |
| Administration Assistant        | Karen Partners    |          -7500.00 |
| Administration Vice President   | Karen Partners    |          16500.00 |
| President                       | Karen Partners    |          26500.00 |
| Public Relations Representative | Alberto Errazuriz |          -1500.00 |
| Human Resources Representative  | Alberto Errazuriz |          -3000.00 |
| Marketing Representative        | Alberto Errazuriz |          -3000.00 |
| Marketing Manager               | Alberto Errazuriz |           3000.00 |
| Programmer                      | Alberto Errazuriz |          -2000.00 |
| Shipping Clerk                  | Alberto Errazuriz |          -6500.00 |
| Stock Clerk                     | Alberto Errazuriz |          -7000.00 |
| Stock Manager                   | Alberto Errazuriz |          -3500.00 |
| Purchasing Clerk                | Alberto Errazuriz |          -6500.00 |
| Purchasing Manager              | Alberto Errazuriz |           3000.00 |
| Sales Representative            | Alberto Errazuriz |              8.00 |
| Sales Manager                   | Alberto Errazuriz |           8080.00 |
| Public Accountant               | Alberto Errazuriz |          -3000.00 |
| Accounting Manager              | Alberto Errazuriz |           4000.00 |
| Accountant                      | Alberto Errazuriz |          -3000.00 |
| Finance Manager                 | Alberto Errazuriz |           4000.00 |
| Administration Assistant        | Alberto Errazuriz |          -6000.00 |
| Administration Vice President   | Alberto Errazuriz |          18000.00 |
| President                       | Alberto Errazuriz |          28000.00 |
| Public Relations Representative | Gerald Cambrault  |           -500.00 |
| Human Resources Representative  | Gerald Cambrault  |          -2000.00 |
| Marketing Representative        | Gerald Cambrault  |          -2000.00 |
| Marketing Manager               | Gerald Cambrault  |           4000.00 |
| Programmer                      | Gerald Cambrault  |          -1000.00 |
| Shipping Clerk                  | Gerald Cambrault  |          -5500.00 |
| Stock Clerk                     | Gerald Cambrault  |          -6000.00 |
| Stock Manager                   | Gerald Cambrault  |          -2500.00 |
| Purchasing Clerk                | Gerald Cambrault  |          -5500.00 |
| Purchasing Manager              | Gerald Cambrault  |           4000.00 |
| Sales Representative            | Gerald Cambrault  |           1008.00 |
| Sales Manager                   | Gerald Cambrault  |           9080.00 |
| Public Accountant               | Gerald Cambrault  |          -2000.00 |
| Accounting Manager              | Gerald Cambrault  |           5000.00 |
| Accountant                      | Gerald Cambrault  |          -2000.00 |
| Finance Manager                 | Gerald Cambrault  |           5000.00 |
| Administration Assistant        | Gerald Cambrault  |          -5000.00 |
| Administration Vice President   | Gerald Cambrault  |          19000.00 |
| President                       | Gerald Cambrault  |          29000.00 |
| Public Relations Representative | Eleni Zlotkey     |              0.00 |
| Human Resources Representative  | Eleni Zlotkey     |          -1500.00 |
| Marketing Representative        | Eleni Zlotkey     |          -1500.00 |
| Marketing Manager               | Eleni Zlotkey     |           4500.00 |
| Programmer                      | Eleni Zlotkey     |           -500.00 |
| Shipping Clerk                  | Eleni Zlotkey     |          -5000.00 |
| Stock Clerk                     | Eleni Zlotkey     |          -5500.00 |
| Stock Manager                   | Eleni Zlotkey     |          -2000.00 |
| Purchasing Clerk                | Eleni Zlotkey     |          -5000.00 |
| Purchasing Manager              | Eleni Zlotkey     |           4500.00 |
| Sales Representative            | Eleni Zlotkey     |           1508.00 |
| Sales Manager                   | Eleni Zlotkey     |           9580.00 |
| Public Accountant               | Eleni Zlotkey     |          -1500.00 |
| Accounting Manager              | Eleni Zlotkey     |           5500.00 |
| Accountant                      | Eleni Zlotkey     |          -1500.00 |
| Finance Manager                 | Eleni Zlotkey     |           5500.00 |
| Administration Assistant        | Eleni Zlotkey     |          -4500.00 |
| Administration Vice President   | Eleni Zlotkey     |          19500.00 |
| President                       | Eleni Zlotkey     |          29500.00 |
| Public Relations Representative | Peter Tucker      |            500.00 |
| Human Resources Representative  | Peter Tucker      |          -1000.00 |
| Marketing Representative        | Peter Tucker      |          -1000.00 |
| Marketing Manager               | Peter Tucker      |           5000.00 |
| Programmer                      | Peter Tucker      |              0.00 |
| Shipping Clerk                  | Peter Tucker      |          -4500.00 |
| Stock Clerk                     | Peter Tucker      |          -5000.00 |
| Stock Manager                   | Peter Tucker      |          -1500.00 |
| Purchasing Clerk                | Peter Tucker      |          -4500.00 |
| Purchasing Manager              | Peter Tucker      |           5000.00 |
| Sales Representative            | Peter Tucker      |           2008.00 |
| Sales Manager                   | Peter Tucker      |          10080.00 |
| Public Accountant               | Peter Tucker      |          -1000.00 |
| Accounting Manager              | Peter Tucker      |           6000.00 |
| Accountant                      | Peter Tucker      |          -1000.00 |
| Finance Manager                 | Peter Tucker      |           6000.00 |
| Administration Assistant        | Peter Tucker      |          -4000.00 |
| Administration Vice President   | Peter Tucker      |          20000.00 |
| President                       | Peter Tucker      |          30000.00 |
| Public Relations Representative | David Bernstein   |           1000.00 |
| Human Resources Representative  | David Bernstein   |           -500.00 |
| Marketing Representative        | David Bernstein   |           -500.00 |
| Marketing Manager               | David Bernstein   |           5500.00 |
| Programmer                      | David Bernstein   |            500.00 |
| Shipping Clerk                  | David Bernstein   |          -4000.00 |
| Stock Clerk                     | David Bernstein   |          -4500.00 |
| Stock Manager                   | David Bernstein   |          -1000.00 |
| Purchasing Clerk                | David Bernstein   |          -4000.00 |
| Purchasing Manager              | David Bernstein   |           5500.00 |
| Sales Representative            | David Bernstein   |           2508.00 |
| Sales Manager                   | David Bernstein   |          10580.00 |
| Public Accountant               | David Bernstein   |           -500.00 |
| Accounting Manager              | David Bernstein   |           6500.00 |
| Accountant                      | David Bernstein   |           -500.00 |
| Finance Manager                 | David Bernstein   |           6500.00 |
| Administration Assistant        | David Bernstein   |          -3500.00 |
| Administration Vice President   | David Bernstein   |          20500.00 |
| President                       | David Bernstein   |          30500.00 |
| Public Relations Representative | Peter Hall        |           1500.00 |
| Human Resources Representative  | Peter Hall        |              0.00 |
| Marketing Representative        | Peter Hall        |              0.00 |
| Marketing Manager               | Peter Hall        |           6000.00 |
| Programmer                      | Peter Hall        |           1000.00 |
| Shipping Clerk                  | Peter Hall        |          -3500.00 |
| Stock Clerk                     | Peter Hall        |          -4000.00 |
| Stock Manager                   | Peter Hall        |           -500.00 |
| Purchasing Clerk                | Peter Hall        |          -3500.00 |
| Purchasing Manager              | Peter Hall        |           6000.00 |
| Sales Representative            | Peter Hall        |           3008.00 |
| Sales Manager                   | Peter Hall        |          11080.00 |
| Public Accountant               | Peter Hall        |              0.00 |
| Accounting Manager              | Peter Hall        |           7000.00 |
| Accountant                      | Peter Hall        |              0.00 |
| Finance Manager                 | Peter Hall        |           7000.00 |
| Administration Assistant        | Peter Hall        |          -3000.00 |
| Administration Vice President   | Peter Hall        |          21000.00 |
| President                       | Peter Hall        |          31000.00 |
| Public Relations Representative | Christopher Olsen |           2500.00 |
| Human Resources Representative  | Christopher Olsen |           1000.00 |
| Marketing Representative        | Christopher Olsen |           1000.00 |
| Marketing Manager               | Christopher Olsen |           7000.00 |
| Programmer                      | Christopher Olsen |           2000.00 |
| Shipping Clerk                  | Christopher Olsen |          -2500.00 |
| Stock Clerk                     | Christopher Olsen |          -3000.00 |
| Stock Manager                   | Christopher Olsen |            500.00 |
| Purchasing Clerk                | Christopher Olsen |          -2500.00 |
| Purchasing Manager              | Christopher Olsen |           7000.00 |
| Sales Representative            | Christopher Olsen |           4008.00 |
| Sales Manager                   | Christopher Olsen |          12080.00 |
| Public Accountant               | Christopher Olsen |           1000.00 |
| Accounting Manager              | Christopher Olsen |           8000.00 |
| Accountant                      | Christopher Olsen |           1000.00 |
| Finance Manager                 | Christopher Olsen |           8000.00 |
| Administration Assistant        | Christopher Olsen |          -2000.00 |
| Administration Vice President   | Christopher Olsen |          22000.00 |
| President                       | Christopher Olsen |          32000.00 |
| Public Relations Representative | Nanette Cambrault |           3000.00 |
| Human Resources Representative  | Nanette Cambrault |           1500.00 |
| Marketing Representative        | Nanette Cambrault |           1500.00 |
| Marketing Manager               | Nanette Cambrault |           7500.00 |
| Programmer                      | Nanette Cambrault |           2500.00 |
| Shipping Clerk                  | Nanette Cambrault |          -2000.00 |
| Stock Clerk                     | Nanette Cambrault |          -2500.00 |
| Stock Manager                   | Nanette Cambrault |           1000.00 |
| Purchasing Clerk                | Nanette Cambrault |          -2000.00 |
| Purchasing Manager              | Nanette Cambrault |           7500.00 |
| Sales Representative            | Nanette Cambrault |           4508.00 |
| Sales Manager                   | Nanette Cambrault |          12580.00 |
| Public Accountant               | Nanette Cambrault |           1500.00 |
| Accounting Manager              | Nanette Cambrault |           8500.00 |
| Accountant                      | Nanette Cambrault |           1500.00 |
| Finance Manager                 | Nanette Cambrault |           8500.00 |
| Administration Assistant        | Nanette Cambrault |          -1500.00 |
| Administration Vice President   | Nanette Cambrault |          22500.00 |
| President                       | Nanette Cambrault |          32500.00 |
| Public Relations Representative | Oliver Tuvault    |           3500.00 |
| Human Resources Representative  | Oliver Tuvault    |           2000.00 |
| Marketing Representative        | Oliver Tuvault    |           2000.00 |
| Marketing Manager               | Oliver Tuvault    |           8000.00 |
| Programmer                      | Oliver Tuvault    |           3000.00 |
| Shipping Clerk                  | Oliver Tuvault    |          -1500.00 |
| Stock Clerk                     | Oliver Tuvault    |          -2000.00 |
| Stock Manager                   | Oliver Tuvault    |           1500.00 |
| Purchasing Clerk                | Oliver Tuvault    |          -1500.00 |
| Purchasing Manager              | Oliver Tuvault    |           8000.00 |
| Sales Representative            | Oliver Tuvault    |           5008.00 |
| Sales Manager                   | Oliver Tuvault    |          13080.00 |
| Public Accountant               | Oliver Tuvault    |           2000.00 |
| Accounting Manager              | Oliver Tuvault    |           9000.00 |
| Accountant                      | Oliver Tuvault    |           2000.00 |
| Finance Manager                 | Oliver Tuvault    |           9000.00 |
| Administration Assistant        | Oliver Tuvault    |          -1000.00 |
| Administration Vice President   | Oliver Tuvault    |          23000.00 |
| President                       | Oliver Tuvault    |          33000.00 |
| Public Relations Representative | Janette King      |            500.00 |
| Human Resources Representative  | Janette King      |          -1000.00 |
| Marketing Representative        | Janette King      |          -1000.00 |
| Marketing Manager               | Janette King      |           5000.00 |
| Programmer                      | Janette King      |              0.00 |
| Shipping Clerk                  | Janette King      |          -4500.00 |
| Stock Clerk                     | Janette King      |          -5000.00 |
| Stock Manager                   | Janette King      |          -1500.00 |
| Purchasing Clerk                | Janette King      |          -4500.00 |
| Purchasing Manager              | Janette King      |           5000.00 |
| Sales Representative            | Janette King      |           2008.00 |
| Sales Manager                   | Janette King      |          10080.00 |
| Public Accountant               | Janette King      |          -1000.00 |
| Accounting Manager              | Janette King      |           6000.00 |
| Accountant                      | Janette King      |          -1000.00 |
| Finance Manager                 | Janette King      |           6000.00 |
| Administration Assistant        | Janette King      |          -4000.00 |
| Administration Vice President   | Janette King      |          20000.00 |
| President                       | Janette King      |          30000.00 |
| Public Relations Representative | Patrick Sully     |           1000.00 |
| Human Resources Representative  | Patrick Sully     |           -500.00 |
| Marketing Representative        | Patrick Sully     |           -500.00 |
| Marketing Manager               | Patrick Sully     |           5500.00 |
| Programmer                      | Patrick Sully     |            500.00 |
| Shipping Clerk                  | Patrick Sully     |          -4000.00 |
| Stock Clerk                     | Patrick Sully     |          -4500.00 |
| Stock Manager                   | Patrick Sully     |          -1000.00 |
| Purchasing Clerk                | Patrick Sully     |          -4000.00 |
| Purchasing Manager              | Patrick Sully     |           5500.00 |
| Sales Representative            | Patrick Sully     |           2508.00 |
| Sales Manager                   | Patrick Sully     |          10580.00 |
| Public Accountant               | Patrick Sully     |           -500.00 |
| Accounting Manager              | Patrick Sully     |           6500.00 |
| Accountant                      | Patrick Sully     |           -500.00 |
| Finance Manager                 | Patrick Sully     |           6500.00 |
| Administration Assistant        | Patrick Sully     |          -3500.00 |
| Administration Vice President   | Patrick Sully     |          20500.00 |
| President                       | Patrick Sully     |          30500.00 |
| Public Relations Representative | Allan McEwen      |           1500.00 |
| Human Resources Representative  | Allan McEwen      |              0.00 |
| Marketing Representative        | Allan McEwen      |              0.00 |
| Marketing Manager               | Allan McEwen      |           6000.00 |
| Programmer                      | Allan McEwen      |           1000.00 |
| Shipping Clerk                  | Allan McEwen      |          -3500.00 |
| Stock Clerk                     | Allan McEwen      |          -4000.00 |
| Stock Manager                   | Allan McEwen      |           -500.00 |
| Purchasing Clerk                | Allan McEwen      |          -3500.00 |
| Purchasing Manager              | Allan McEwen      |           6000.00 |
| Sales Representative            | Allan McEwen      |           3008.00 |
| Sales Manager                   | Allan McEwen      |          11080.00 |
| Public Accountant               | Allan McEwen      |              0.00 |
| Accounting Manager              | Allan McEwen      |           7000.00 |
| Accountant                      | Allan McEwen      |              0.00 |
| Finance Manager                 | Allan McEwen      |           7000.00 |
| Administration Assistant        | Allan McEwen      |          -3000.00 |
| Administration Vice President   | Allan McEwen      |          21000.00 |
| President                       | Allan McEwen      |          31000.00 |
| Public Relations Representative | Lindsey Smith     |           2500.00 |
| Human Resources Representative  | Lindsey Smith     |           1000.00 |
| Marketing Representative        | Lindsey Smith     |           1000.00 |
| Marketing Manager               | Lindsey Smith     |           7000.00 |
| Programmer                      | Lindsey Smith     |           2000.00 |
| Shipping Clerk                  | Lindsey Smith     |          -2500.00 |
| Stock Clerk                     | Lindsey Smith     |          -3000.00 |
| Stock Manager                   | Lindsey Smith     |            500.00 |
| Purchasing Clerk                | Lindsey Smith     |          -2500.00 |
| Purchasing Manager              | Lindsey Smith     |           7000.00 |
| Sales Representative            | Lindsey Smith     |           4008.00 |
| Sales Manager                   | Lindsey Smith     |          12080.00 |
| Public Accountant               | Lindsey Smith     |           1000.00 |
| Accounting Manager              | Lindsey Smith     |           8000.00 |
| Accountant                      | Lindsey Smith     |           1000.00 |
| Finance Manager                 | Lindsey Smith     |           8000.00 |
| Administration Assistant        | Lindsey Smith     |          -2000.00 |
| Administration Vice President   | Lindsey Smith     |          22000.00 |
| President                       | Lindsey Smith     |          32000.00 |
| Public Relations Representative | Louise Doran      |           3000.00 |
| Human Resources Representative  | Louise Doran      |           1500.00 |
| Marketing Representative        | Louise Doran      |           1500.00 |
| Marketing Manager               | Louise Doran      |           7500.00 |
| Programmer                      | Louise Doran      |           2500.00 |
| Shipping Clerk                  | Louise Doran      |          -2000.00 |
| Stock Clerk                     | Louise Doran      |          -2500.00 |
| Stock Manager                   | Louise Doran      |           1000.00 |
| Purchasing Clerk                | Louise Doran      |          -2000.00 |
| Purchasing Manager              | Louise Doran      |           7500.00 |
| Sales Representative            | Louise Doran      |           4508.00 |
| Sales Manager                   | Louise Doran      |          12580.00 |
| Public Accountant               | Louise Doran      |           1500.00 |
| Accounting Manager              | Louise Doran      |           8500.00 |
| Accountant                      | Louise Doran      |           1500.00 |
| Finance Manager                 | Louise Doran      |           8500.00 |
| Administration Assistant        | Louise Doran      |          -1500.00 |
| Administration Vice President   | Louise Doran      |          22500.00 |
| President                       | Louise Doran      |          32500.00 |
| Public Relations Representative | Sarath Sewall     |           3500.00 |
| Human Resources Representative  | Sarath Sewall     |           2000.00 |
| Marketing Representative        | Sarath Sewall     |           2000.00 |
| Marketing Manager               | Sarath Sewall     |           8000.00 |
| Programmer                      | Sarath Sewall     |           3000.00 |
| Shipping Clerk                  | Sarath Sewall     |          -1500.00 |
| Stock Clerk                     | Sarath Sewall     |          -2000.00 |
| Stock Manager                   | Sarath Sewall     |           1500.00 |
| Purchasing Clerk                | Sarath Sewall     |          -1500.00 |
| Purchasing Manager              | Sarath Sewall     |           8000.00 |
| Sales Representative            | Sarath Sewall     |           5008.00 |
| Sales Manager                   | Sarath Sewall     |          13080.00 |
| Public Accountant               | Sarath Sewall     |           2000.00 |
| Accounting Manager              | Sarath Sewall     |           9000.00 |
| Accountant                      | Sarath Sewall     |           2000.00 |
| Finance Manager                 | Sarath Sewall     |           9000.00 |
| Administration Assistant        | Sarath Sewall     |          -1000.00 |
| Administration Vice President   | Sarath Sewall     |          23000.00 |
| President                       | Sarath Sewall     |          33000.00 |
| Public Relations Representative | Clara Vishney     |              0.00 |
| Human Resources Representative  | Clara Vishney     |          -1500.00 |
| Marketing Representative        | Clara Vishney     |          -1500.00 |
| Marketing Manager               | Clara Vishney     |           4500.00 |
| Programmer                      | Clara Vishney     |           -500.00 |
| Shipping Clerk                  | Clara Vishney     |          -5000.00 |
| Stock Clerk                     | Clara Vishney     |          -5500.00 |
| Stock Manager                   | Clara Vishney     |          -2000.00 |
| Purchasing Clerk                | Clara Vishney     |          -5000.00 |
| Purchasing Manager              | Clara Vishney     |           4500.00 |
| Sales Representative            | Clara Vishney     |           1508.00 |
| Sales Manager                   | Clara Vishney     |           9580.00 |
| Public Accountant               | Clara Vishney     |          -1500.00 |
| Accounting Manager              | Clara Vishney     |           5500.00 |
| Accountant                      | Clara Vishney     |          -1500.00 |
| Finance Manager                 | Clara Vishney     |           5500.00 |
| Administration Assistant        | Clara Vishney     |          -4500.00 |
| Administration Vice President   | Clara Vishney     |          19500.00 |
| President                       | Clara Vishney     |          29500.00 |
| Public Relations Representative | Danielle Greene   |           1000.00 |
| Human Resources Representative  | Danielle Greene   |           -500.00 |
| Marketing Representative        | Danielle Greene   |           -500.00 |
| Marketing Manager               | Danielle Greene   |           5500.00 |
| Programmer                      | Danielle Greene   |            500.00 |
| Shipping Clerk                  | Danielle Greene   |          -4000.00 |
| Stock Clerk                     | Danielle Greene   |          -4500.00 |
| Stock Manager                   | Danielle Greene   |          -1000.00 |
| Purchasing Clerk                | Danielle Greene   |          -4000.00 |
| Purchasing Manager              | Danielle Greene   |           5500.00 |
| Sales Representative            | Danielle Greene   |           2508.00 |
| Sales Manager                   | Danielle Greene   |          10580.00 |
| Public Accountant               | Danielle Greene   |           -500.00 |
| Accounting Manager              | Danielle Greene   |           6500.00 |
| Accountant                      | Danielle Greene   |           -500.00 |
| Finance Manager                 | Danielle Greene   |           6500.00 |
| Administration Assistant        | Danielle Greene   |          -3500.00 |
| Administration Vice President   | Danielle Greene   |          20500.00 |
| President                       | Danielle Greene   |          30500.00 |
| Public Relations Representative | Mattea Marvins    |           3300.00 |
| Human Resources Representative  | Mattea Marvins    |           1800.00 |
| Marketing Representative        | Mattea Marvins    |           1800.00 |
| Marketing Manager               | Mattea Marvins    |           7800.00 |
| Programmer                      | Mattea Marvins    |           2800.00 |
| Shipping Clerk                  | Mattea Marvins    |          -1700.00 |
| Stock Clerk                     | Mattea Marvins    |          -2200.00 |
| Stock Manager                   | Mattea Marvins    |           1300.00 |
| Purchasing Clerk                | Mattea Marvins    |          -1700.00 |
| Purchasing Manager              | Mattea Marvins    |           7800.00 |
| Sales Representative            | Mattea Marvins    |           4808.00 |
| Sales Manager                   | Mattea Marvins    |          12880.00 |
| Public Accountant               | Mattea Marvins    |           1800.00 |
| Accounting Manager              | Mattea Marvins    |           8800.00 |
| Accountant                      | Mattea Marvins    |           1800.00 |
| Finance Manager                 | Mattea Marvins    |           8800.00 |
| Administration Assistant        | Mattea Marvins    |          -1200.00 |
| Administration Vice President   | Mattea Marvins    |          22800.00 |
| President                       | Mattea Marvins    |          32800.00 |
| Public Relations Representative | David Lee         |           3700.00 |
| Human Resources Representative  | David Lee         |           2200.00 |
| Marketing Representative        | David Lee         |           2200.00 |
| Marketing Manager               | David Lee         |           8200.00 |
| Programmer                      | David Lee         |           3200.00 |
| Shipping Clerk                  | David Lee         |          -1300.00 |
| Stock Clerk                     | David Lee         |          -1800.00 |
| Stock Manager                   | David Lee         |           1700.00 |
| Purchasing Clerk                | David Lee         |          -1300.00 |
| Purchasing Manager              | David Lee         |           8200.00 |
| Sales Representative            | David Lee         |           5208.00 |
| Sales Manager                   | David Lee         |          13280.00 |
| Public Accountant               | David Lee         |           2200.00 |
| Accounting Manager              | David Lee         |           9200.00 |
| Accountant                      | David Lee         |           2200.00 |
| Finance Manager                 | David Lee         |           9200.00 |
| Administration Assistant        | David Lee         |           -800.00 |
| Administration Vice President   | David Lee         |          23200.00 |
| President                       | David Lee         |          33200.00 |
| Public Relations Representative | Sunder Ande       |           4100.00 |
| Human Resources Representative  | Sunder Ande       |           2600.00 |
| Marketing Representative        | Sunder Ande       |           2600.00 |
| Marketing Manager               | Sunder Ande       |           8600.00 |
| Programmer                      | Sunder Ande       |           3600.00 |
| Shipping Clerk                  | Sunder Ande       |           -900.00 |
| Stock Clerk                     | Sunder Ande       |          -1400.00 |
| Stock Manager                   | Sunder Ande       |           2100.00 |
| Purchasing Clerk                | Sunder Ande       |           -900.00 |
| Purchasing Manager              | Sunder Ande       |           8600.00 |
| Sales Representative            | Sunder Ande       |           5608.00 |
| Sales Manager                   | Sunder Ande       |          13680.00 |
| Public Accountant               | Sunder Ande       |           2600.00 |
| Accounting Manager              | Sunder Ande       |           9600.00 |
| Accountant                      | Sunder Ande       |           2600.00 |
| Finance Manager                 | Sunder Ande       |           9600.00 |
| Administration Assistant        | Sunder Ande       |           -400.00 |
| Administration Vice President   | Sunder Ande       |          23600.00 |
| President                       | Sunder Ande       |          33600.00 |
| Public Relations Representative | Amit Banda        |           4300.00 |
| Human Resources Representative  | Amit Banda        |           2800.00 |
| Marketing Representative        | Amit Banda        |           2800.00 |
| Marketing Manager               | Amit Banda        |           8800.00 |
| Programmer                      | Amit Banda        |           3800.00 |
| Shipping Clerk                  | Amit Banda        |           -700.00 |
| Stock Clerk                     | Amit Banda        |          -1200.00 |
| Stock Manager                   | Amit Banda        |           2300.00 |
| Purchasing Clerk                | Amit Banda        |           -700.00 |
| Purchasing Manager              | Amit Banda        |           8800.00 |
| Sales Representative            | Amit Banda        |           5808.00 |
| Sales Manager                   | Amit Banda        |          13880.00 |
| Public Accountant               | Amit Banda        |           2800.00 |
| Accounting Manager              | Amit Banda        |           9800.00 |
| Accountant                      | Amit Banda        |           2800.00 |
| Finance Manager                 | Amit Banda        |           9800.00 |
| Administration Assistant        | Amit Banda        |           -200.00 |
| Administration Vice President   | Amit Banda        |          23800.00 |
| President                       | Amit Banda        |          33800.00 |
| Public Relations Representative | Lisa Ozer         |          -1000.00 |
| Human Resources Representative  | Lisa Ozer         |          -2500.00 |
| Marketing Representative        | Lisa Ozer         |          -2500.00 |
| Marketing Manager               | Lisa Ozer         |           3500.00 |
| Programmer                      | Lisa Ozer         |          -1500.00 |
| Shipping Clerk                  | Lisa Ozer         |          -6000.00 |
| Stock Clerk                     | Lisa Ozer         |          -6500.00 |
| Stock Manager                   | Lisa Ozer         |          -3000.00 |
| Purchasing Clerk                | Lisa Ozer         |          -6000.00 |
| Purchasing Manager              | Lisa Ozer         |           3500.00 |
| Sales Representative            | Lisa Ozer         |            508.00 |
| Sales Manager                   | Lisa Ozer         |           8580.00 |
| Public Accountant               | Lisa Ozer         |          -2500.00 |
| Accounting Manager              | Lisa Ozer         |           4500.00 |
| Accountant                      | Lisa Ozer         |          -2500.00 |
| Finance Manager                 | Lisa Ozer         |           4500.00 |
| Administration Assistant        | Lisa Ozer         |          -5500.00 |
| Administration Vice President   | Lisa Ozer         |          18500.00 |
| President                       | Lisa Ozer         |          28500.00 |
| Public Relations Representative | Harrison Bloom    |            500.00 |
| Human Resources Representative  | Harrison Bloom    |          -1000.00 |
| Marketing Representative        | Harrison Bloom    |          -1000.00 |
| Marketing Manager               | Harrison Bloom    |           5000.00 |
| Programmer                      | Harrison Bloom    |              0.00 |
| Shipping Clerk                  | Harrison Bloom    |          -4500.00 |
| Stock Clerk                     | Harrison Bloom    |          -5000.00 |
| Stock Manager                   | Harrison Bloom    |          -1500.00 |
| Purchasing Clerk                | Harrison Bloom    |          -4500.00 |
| Purchasing Manager              | Harrison Bloom    |           5000.00 |
| Sales Representative            | Harrison Bloom    |           2008.00 |
| Sales Manager                   | Harrison Bloom    |          10080.00 |
| Public Accountant               | Harrison Bloom    |          -1000.00 |
| Accounting Manager              | Harrison Bloom    |           6000.00 |
| Accountant                      | Harrison Bloom    |          -1000.00 |
| Finance Manager                 | Harrison Bloom    |           6000.00 |
| Administration Assistant        | Harrison Bloom    |          -4000.00 |
| Administration Vice President   | Harrison Bloom    |          20000.00 |
| President                       | Harrison Bloom    |          30000.00 |
| Public Relations Representative | Tayler Fox        |            900.00 |
| Human Resources Representative  | Tayler Fox        |           -600.00 |
| Marketing Representative        | Tayler Fox        |           -600.00 |
| Marketing Manager               | Tayler Fox        |           5400.00 |
| Programmer                      | Tayler Fox        |            400.00 |
| Shipping Clerk                  | Tayler Fox        |          -4100.00 |
| Stock Clerk                     | Tayler Fox        |          -4600.00 |
| Stock Manager                   | Tayler Fox        |          -1100.00 |
| Purchasing Clerk                | Tayler Fox        |          -4100.00 |
| Purchasing Manager              | Tayler Fox        |           5400.00 |
| Sales Representative            | Tayler Fox        |           2408.00 |
| Sales Manager                   | Tayler Fox        |          10480.00 |
| Public Accountant               | Tayler Fox        |           -600.00 |
| Accounting Manager              | Tayler Fox        |           6400.00 |
| Accountant                      | Tayler Fox        |           -600.00 |
| Finance Manager                 | Tayler Fox        |           6400.00 |
| Administration Assistant        | Tayler Fox        |          -3600.00 |
| Administration Vice President   | Tayler Fox        |          20400.00 |
| President                       | Tayler Fox        |          30400.00 |
| Public Relations Representative | William Smith     |           3100.00 |
| Human Resources Representative  | William Smith     |           1600.00 |
| Marketing Representative        | William Smith     |           1600.00 |
| Marketing Manager               | William Smith     |           7600.00 |
| Programmer                      | William Smith     |           2600.00 |
| Shipping Clerk                  | William Smith     |          -1900.00 |
| Stock Clerk                     | William Smith     |          -2400.00 |
| Stock Manager                   | William Smith     |           1100.00 |
| Purchasing Clerk                | William Smith     |          -1900.00 |
| Purchasing Manager              | William Smith     |           7600.00 |
| Sales Representative            | William Smith     |           4608.00 |
| Sales Manager                   | William Smith     |          12680.00 |
| Public Accountant               | William Smith     |           1600.00 |
| Accounting Manager              | William Smith     |           8600.00 |
| Accountant                      | William Smith     |           1600.00 |
| Finance Manager                 | William Smith     |           8600.00 |
| Administration Assistant        | William Smith     |          -1400.00 |
| Administration Vice President   | William Smith     |          22600.00 |
| President                       | William Smith     |          32600.00 |
| Public Relations Representative | Sundita Kumar     |           3200.00 |
| Human Resources Representative  | Sundita Kumar     |           1700.00 |
| Marketing Representative        | Sundita Kumar     |           1700.00 |
| Marketing Manager               | Sundita Kumar     |           7700.00 |
| Programmer                      | Sundita Kumar     |           2700.00 |
| Shipping Clerk                  | Sundita Kumar     |          -1800.00 |
| Stock Clerk                     | Sundita Kumar     |          -2300.00 |
| Stock Manager                   | Sundita Kumar     |           1200.00 |
| Purchasing Clerk                | Sundita Kumar     |          -1800.00 |
| Purchasing Manager              | Sundita Kumar     |           7700.00 |
| Sales Representative            | Sundita Kumar     |           4708.00 |
| Sales Manager                   | Sundita Kumar     |          12780.00 |
| Public Accountant               | Sundita Kumar     |           1700.00 |
| Accounting Manager              | Sundita Kumar     |           8700.00 |
| Accountant                      | Sundita Kumar     |           1700.00 |
| Finance Manager                 | Sundita Kumar     |           8700.00 |
| Administration Assistant        | Sundita Kumar     |          -1300.00 |
| Administration Vice President   | Sundita Kumar     |          22700.00 |
| President                       | Sundita Kumar     |          32700.00 |
| Public Relations Representative | Elizabeth Bates   |           4400.00 |
| Human Resources Representative  | Elizabeth Bates   |           2900.00 |
| Marketing Representative        | Elizabeth Bates   |           2900.00 |
| Marketing Manager               | Elizabeth Bates   |           8900.00 |
| Programmer                      | Elizabeth Bates   |           3900.00 |
| Shipping Clerk                  | Elizabeth Bates   |           -600.00 |
| Stock Clerk                     | Elizabeth Bates   |          -1100.00 |
| Stock Manager                   | Elizabeth Bates   |           2400.00 |
| Purchasing Clerk                | Elizabeth Bates   |           -600.00 |
| Purchasing Manager              | Elizabeth Bates   |           8900.00 |
| Sales Representative            | Elizabeth Bates   |           5908.00 |
| Sales Manager                   | Elizabeth Bates   |          13980.00 |
| Public Accountant               | Elizabeth Bates   |           2900.00 |
| Accounting Manager              | Elizabeth Bates   |           9900.00 |
| Accountant                      | Elizabeth Bates   |           2900.00 |
| Finance Manager                 | Elizabeth Bates   |           9900.00 |
| Administration Assistant        | Elizabeth Bates   |           -100.00 |
| Administration Vice President   | Elizabeth Bates   |          23900.00 |
| President                       | Elizabeth Bates   |          33900.00 |
| Public Relations Representative | Ellen Abel        |           -500.00 |
| Human Resources Representative  | Ellen Abel        |          -2000.00 |
| Marketing Representative        | Ellen Abel        |          -2000.00 |
| Marketing Manager               | Ellen Abel        |           4000.00 |
| Programmer                      | Ellen Abel        |          -1000.00 |
| Shipping Clerk                  | Ellen Abel        |          -5500.00 |
| Stock Clerk                     | Ellen Abel        |          -6000.00 |
| Stock Manager                   | Ellen Abel        |          -2500.00 |
| Purchasing Clerk                | Ellen Abel        |          -5500.00 |
| Purchasing Manager              | Ellen Abel        |           4000.00 |
| Sales Representative            | Ellen Abel        |           1008.00 |
| Sales Manager                   | Ellen Abel        |           9080.00 |
| Public Accountant               | Ellen Abel        |          -2000.00 |
| Accounting Manager              | Ellen Abel        |           5000.00 |
| Accountant                      | Ellen Abel        |          -2000.00 |
| Finance Manager                 | Ellen Abel        |           5000.00 |
| Administration Assistant        | Ellen Abel        |          -5000.00 |
| Administration Vice President   | Ellen Abel        |          19000.00 |
| President                       | Ellen Abel        |          29000.00 |
| Public Relations Representative | Alyssa Hutton     |           1700.00 |
| Human Resources Representative  | Alyssa Hutton     |            200.00 |
| Marketing Representative        | Alyssa Hutton     |            200.00 |
| Marketing Manager               | Alyssa Hutton     |           6200.00 |
| Programmer                      | Alyssa Hutton     |           1200.00 |
| Shipping Clerk                  | Alyssa Hutton     |          -3300.00 |
| Stock Clerk                     | Alyssa Hutton     |          -3800.00 |
| Stock Manager                   | Alyssa Hutton     |           -300.00 |
| Purchasing Clerk                | Alyssa Hutton     |          -3300.00 |
| Purchasing Manager              | Alyssa Hutton     |           6200.00 |
| Sales Representative            | Alyssa Hutton     |           3208.00 |
| Sales Manager                   | Alyssa Hutton     |          11280.00 |
| Public Accountant               | Alyssa Hutton     |            200.00 |
| Accounting Manager              | Alyssa Hutton     |           7200.00 |
| Accountant                      | Alyssa Hutton     |            200.00 |
| Finance Manager                 | Alyssa Hutton     |           7200.00 |
| Administration Assistant        | Alyssa Hutton     |          -2800.00 |
| Administration Vice President   | Alyssa Hutton     |          21200.00 |
| President                       | Alyssa Hutton     |          31200.00 |
| Public Relations Representative | Jonathon Taylor   |           1900.00 |
| Human Resources Representative  | Jonathon Taylor   |            400.00 |
| Marketing Representative        | Jonathon Taylor   |            400.00 |
| Marketing Manager               | Jonathon Taylor   |           6400.00 |
| Programmer                      | Jonathon Taylor   |           1400.00 |
| Shipping Clerk                  | Jonathon Taylor   |          -3100.00 |
| Stock Clerk                     | Jonathon Taylor   |          -3600.00 |
| Stock Manager                   | Jonathon Taylor   |           -100.00 |
| Purchasing Clerk                | Jonathon Taylor   |          -3100.00 |
| Purchasing Manager              | Jonathon Taylor   |           6400.00 |
| Sales Representative            | Jonathon Taylor   |           3408.00 |
| Sales Manager                   | Jonathon Taylor   |          11480.00 |
| Public Accountant               | Jonathon Taylor   |            400.00 |
| Accounting Manager              | Jonathon Taylor   |           7400.00 |
| Accountant                      | Jonathon Taylor   |            400.00 |
| Finance Manager                 | Jonathon Taylor   |           7400.00 |
| Administration Assistant        | Jonathon Taylor   |          -2600.00 |
| Administration Vice President   | Jonathon Taylor   |          21400.00 |
| President                       | Jonathon Taylor   |          31400.00 |
| Public Relations Representative | Jack Livingston   |           2100.00 |
| Human Resources Representative  | Jack Livingston   |            600.00 |
| Marketing Representative        | Jack Livingston   |            600.00 |
| Marketing Manager               | Jack Livingston   |           6600.00 |
| Programmer                      | Jack Livingston   |           1600.00 |
| Shipping Clerk                  | Jack Livingston   |          -2900.00 |
| Stock Clerk                     | Jack Livingston   |          -3400.00 |
| Stock Manager                   | Jack Livingston   |            100.00 |
| Purchasing Clerk                | Jack Livingston   |          -2900.00 |
| Purchasing Manager              | Jack Livingston   |           6600.00 |
| Sales Representative            | Jack Livingston   |           3608.00 |
| Sales Manager                   | Jack Livingston   |          11680.00 |
| Public Accountant               | Jack Livingston   |            600.00 |
| Accounting Manager              | Jack Livingston   |           7600.00 |
| Accountant                      | Jack Livingston   |            600.00 |
| Finance Manager                 | Jack Livingston   |           7600.00 |
| Administration Assistant        | Jack Livingston   |          -2400.00 |
| Administration Vice President   | Jack Livingston   |          21600.00 |
| President                       | Jack Livingston   |          31600.00 |
| Public Relations Representative | Kimberely Grant   |           3500.00 |
| Human Resources Representative  | Kimberely Grant   |           2000.00 |
| Marketing Representative        | Kimberely Grant   |           2000.00 |
| Marketing Manager               | Kimberely Grant   |           8000.00 |
| Programmer                      | Kimberely Grant   |           3000.00 |
| Shipping Clerk                  | Kimberely Grant   |          -1500.00 |
| Stock Clerk                     | Kimberely Grant   |          -2000.00 |
| Stock Manager                   | Kimberely Grant   |           1500.00 |
| Purchasing Clerk                | Kimberely Grant   |          -1500.00 |
| Purchasing Manager              | Kimberely Grant   |           8000.00 |
| Sales Representative            | Kimberely Grant   |           5008.00 |
| Sales Manager                   | Kimberely Grant   |          13080.00 |
| Public Accountant               | Kimberely Grant   |           2000.00 |
| Accounting Manager              | Kimberely Grant   |           9000.00 |
| Accountant                      | Kimberely Grant   |           2000.00 |
| Finance Manager                 | Kimberely Grant   |           9000.00 |
| Administration Assistant        | Kimberely Grant   |          -1000.00 |
| Administration Vice President   | Kimberely Grant   |          23000.00 |
| President                       | Kimberely Grant   |          33000.00 |
| Public Relations Representative | Charles Johnson   |           4300.00 |
| Human Resources Representative  | Charles Johnson   |           2800.00 |
| Marketing Representative        | Charles Johnson   |           2800.00 |
| Marketing Manager               | Charles Johnson   |           8800.00 |
| Programmer                      | Charles Johnson   |           3800.00 |
| Shipping Clerk                  | Charles Johnson   |           -700.00 |
| Stock Clerk                     | Charles Johnson   |          -1200.00 |
| Stock Manager                   | Charles Johnson   |           2300.00 |
| Purchasing Clerk                | Charles Johnson   |           -700.00 |
| Purchasing Manager              | Charles Johnson   |           8800.00 |
| Sales Representative            | Charles Johnson   |           5808.00 |
| Sales Manager                   | Charles Johnson   |          13880.00 |
| Public Accountant               | Charles Johnson   |           2800.00 |
| Accounting Manager              | Charles Johnson   |           9800.00 |
| Accountant                      | Charles Johnson   |           2800.00 |
| Finance Manager                 | Charles Johnson   |           9800.00 |
| Administration Assistant        | Charles Johnson   |           -200.00 |
| Administration Vice President   | Charles Johnson   |          23800.00 |
| President                       | Charles Johnson   |          33800.00 |
| Public Relations Representative | Winston Taylor    |           7300.00 |
| Human Resources Representative  | Winston Taylor    |           5800.00 |
| Marketing Representative        | Winston Taylor    |           5800.00 |
| Marketing Manager               | Winston Taylor    |          11800.00 |
| Programmer                      | Winston Taylor    |           6800.00 |
| Shipping Clerk                  | Winston Taylor    |           2300.00 |
| Stock Clerk                     | Winston Taylor    |           1800.00 |
| Stock Manager                   | Winston Taylor    |           5300.00 |
| Purchasing Clerk                | Winston Taylor    |           2300.00 |
| Purchasing Manager              | Winston Taylor    |          11800.00 |
| Sales Representative            | Winston Taylor    |           8808.00 |
| Sales Manager                   | Winston Taylor    |          16880.00 |
| Public Accountant               | Winston Taylor    |           5800.00 |
| Accounting Manager              | Winston Taylor    |          12800.00 |
| Accountant                      | Winston Taylor    |           5800.00 |
| Finance Manager                 | Winston Taylor    |          12800.00 |
| Administration Assistant        | Winston Taylor    |           2800.00 |
| Administration Vice President   | Winston Taylor    |          26800.00 |
| President                       | Winston Taylor    |          36800.00 |
| Public Relations Representative | Jean Fleaur       |           7400.00 |
| Human Resources Representative  | Jean Fleaur       |           5900.00 |
| Marketing Representative        | Jean Fleaur       |           5900.00 |
| Marketing Manager               | Jean Fleaur       |          11900.00 |
| Programmer                      | Jean Fleaur       |           6900.00 |
| Shipping Clerk                  | Jean Fleaur       |           2400.00 |
| Stock Clerk                     | Jean Fleaur       |           1900.00 |
| Stock Manager                   | Jean Fleaur       |           5400.00 |
| Purchasing Clerk                | Jean Fleaur       |           2400.00 |
| Purchasing Manager              | Jean Fleaur       |          11900.00 |
| Sales Representative            | Jean Fleaur       |           8908.00 |
| Sales Manager                   | Jean Fleaur       |          16980.00 |
| Public Accountant               | Jean Fleaur       |           5900.00 |
| Accounting Manager              | Jean Fleaur       |          12900.00 |
| Accountant                      | Jean Fleaur       |           5900.00 |
| Finance Manager                 | Jean Fleaur       |          12900.00 |
| Administration Assistant        | Jean Fleaur       |           2900.00 |
| Administration Vice President   | Jean Fleaur       |          26900.00 |
| President                       | Jean Fleaur       |          36900.00 |
| Public Relations Representative | Martha Sullivan   |           8000.00 |
| Human Resources Representative  | Martha Sullivan   |           6500.00 |
| Marketing Representative        | Martha Sullivan   |           6500.00 |
| Marketing Manager               | Martha Sullivan   |          12500.00 |
| Programmer                      | Martha Sullivan   |           7500.00 |
| Shipping Clerk                  | Martha Sullivan   |           3000.00 |
| Stock Clerk                     | Martha Sullivan   |           2500.00 |
| Stock Manager                   | Martha Sullivan   |           6000.00 |
| Purchasing Clerk                | Martha Sullivan   |           3000.00 |
| Purchasing Manager              | Martha Sullivan   |          12500.00 |
| Sales Representative            | Martha Sullivan   |           9508.00 |
| Sales Manager                   | Martha Sullivan   |          17580.00 |
| Public Accountant               | Martha Sullivan   |           6500.00 |
| Accounting Manager              | Martha Sullivan   |          13500.00 |
| Accountant                      | Martha Sullivan   |           6500.00 |
| Finance Manager                 | Martha Sullivan   |          13500.00 |
| Administration Assistant        | Martha Sullivan   |           3500.00 |
| Administration Vice President   | Martha Sullivan   |          27500.00 |
| President                       | Martha Sullivan   |          37500.00 |
| Public Relations Representative | Girard Geoni      |           7700.00 |
| Human Resources Representative  | Girard Geoni      |           6200.00 |
| Marketing Representative        | Girard Geoni      |           6200.00 |
| Marketing Manager               | Girard Geoni      |          12200.00 |
| Programmer                      | Girard Geoni      |           7200.00 |
| Shipping Clerk                  | Girard Geoni      |           2700.00 |
| Stock Clerk                     | Girard Geoni      |           2200.00 |
| Stock Manager                   | Girard Geoni      |           5700.00 |
| Purchasing Clerk                | Girard Geoni      |           2700.00 |
| Purchasing Manager              | Girard Geoni      |          12200.00 |
| Sales Representative            | Girard Geoni      |           9208.00 |
| Sales Manager                   | Girard Geoni      |          17280.00 |
| Public Accountant               | Girard Geoni      |           6200.00 |
| Accounting Manager              | Girard Geoni      |          13200.00 |
| Accountant                      | Girard Geoni      |           6200.00 |
| Finance Manager                 | Girard Geoni      |          13200.00 |
| Administration Assistant        | Girard Geoni      |           3200.00 |
| Administration Vice President   | Girard Geoni      |          27200.00 |
| President                       | Girard Geoni      |          37200.00 |
| Public Relations Representative | Nandita Sarchand  |           6300.00 |
| Human Resources Representative  | Nandita Sarchand  |           4800.00 |
| Marketing Representative        | Nandita Sarchand  |           4800.00 |
| Marketing Manager               | Nandita Sarchand  |          10800.00 |
| Programmer                      | Nandita Sarchand  |           5800.00 |
| Shipping Clerk                  | Nandita Sarchand  |           1300.00 |
| Stock Clerk                     | Nandita Sarchand  |            800.00 |
| Stock Manager                   | Nandita Sarchand  |           4300.00 |
| Purchasing Clerk                | Nandita Sarchand  |           1300.00 |
| Purchasing Manager              | Nandita Sarchand  |          10800.00 |
| Sales Representative            | Nandita Sarchand  |           7808.00 |
| Sales Manager                   | Nandita Sarchand  |          15880.00 |
| Public Accountant               | Nandita Sarchand  |           4800.00 |
| Accounting Manager              | Nandita Sarchand  |          11800.00 |
| Accountant                      | Nandita Sarchand  |           4800.00 |
| Finance Manager                 | Nandita Sarchand  |          11800.00 |
| Administration Assistant        | Nandita Sarchand  |           1800.00 |
| Administration Vice President   | Nandita Sarchand  |          25800.00 |
| President                       | Nandita Sarchand  |          35800.00 |
| Public Relations Representative | Alexis Bull       |           6400.00 |
| Human Resources Representative  | Alexis Bull       |           4900.00 |
| Marketing Representative        | Alexis Bull       |           4900.00 |
| Marketing Manager               | Alexis Bull       |          10900.00 |
| Programmer                      | Alexis Bull       |           5900.00 |
| Shipping Clerk                  | Alexis Bull       |           1400.00 |
| Stock Clerk                     | Alexis Bull       |            900.00 |
| Stock Manager                   | Alexis Bull       |           4400.00 |
| Purchasing Clerk                | Alexis Bull       |           1400.00 |
| Purchasing Manager              | Alexis Bull       |          10900.00 |
| Sales Representative            | Alexis Bull       |           7908.00 |
| Sales Manager                   | Alexis Bull       |          15980.00 |
| Public Accountant               | Alexis Bull       |           4900.00 |
| Accounting Manager              | Alexis Bull       |          11900.00 |
| Accountant                      | Alexis Bull       |           4900.00 |
| Finance Manager                 | Alexis Bull       |          11900.00 |
| Administration Assistant        | Alexis Bull       |           1900.00 |
| Administration Vice President   | Alexis Bull       |          25900.00 |
| President                       | Alexis Bull       |          35900.00 |
| Public Relations Representative | Julia Dellinger   |           7100.00 |
| Human Resources Representative  | Julia Dellinger   |           5600.00 |
| Marketing Representative        | Julia Dellinger   |           5600.00 |
| Marketing Manager               | Julia Dellinger   |          11600.00 |
| Programmer                      | Julia Dellinger   |           6600.00 |
| Shipping Clerk                  | Julia Dellinger   |           2100.00 |
| Stock Clerk                     | Julia Dellinger   |           1600.00 |
| Stock Manager                   | Julia Dellinger   |           5100.00 |
| Purchasing Clerk                | Julia Dellinger   |           2100.00 |
| Purchasing Manager              | Julia Dellinger   |          11600.00 |
| Sales Representative            | Julia Dellinger   |           8608.00 |
| Sales Manager                   | Julia Dellinger   |          16680.00 |
| Public Accountant               | Julia Dellinger   |           5600.00 |
| Accounting Manager              | Julia Dellinger   |          12600.00 |
| Accountant                      | Julia Dellinger   |           5600.00 |
| Finance Manager                 | Julia Dellinger   |          12600.00 |
| Administration Assistant        | Julia Dellinger   |           2600.00 |
| Administration Vice President   | Julia Dellinger   |          26600.00 |
| President                       | Julia Dellinger   |          36600.00 |
| Public Relations Representative | Anthony Cabrio    |           7500.00 |
| Human Resources Representative  | Anthony Cabrio    |           6000.00 |
| Marketing Representative        | Anthony Cabrio    |           6000.00 |
| Marketing Manager               | Anthony Cabrio    |          12000.00 |
| Programmer                      | Anthony Cabrio    |           7000.00 |
| Shipping Clerk                  | Anthony Cabrio    |           2500.00 |
| Stock Clerk                     | Anthony Cabrio    |           2000.00 |
| Stock Manager                   | Anthony Cabrio    |           5500.00 |
| Purchasing Clerk                | Anthony Cabrio    |           2500.00 |
| Purchasing Manager              | Anthony Cabrio    |          12000.00 |
| Sales Representative            | Anthony Cabrio    |           9008.00 |
| Sales Manager                   | Anthony Cabrio    |          17080.00 |
| Public Accountant               | Anthony Cabrio    |           6000.00 |
| Accounting Manager              | Anthony Cabrio    |          13000.00 |
| Accountant                      | Anthony Cabrio    |           6000.00 |
| Finance Manager                 | Anthony Cabrio    |          13000.00 |
| Administration Assistant        | Anthony Cabrio    |           3000.00 |
| Administration Vice President   | Anthony Cabrio    |          27000.00 |
| President                       | Anthony Cabrio    |          37000.00 |
| Public Relations Representative | Kelly Chung       |           6700.00 |
| Human Resources Representative  | Kelly Chung       |           5200.00 |
| Marketing Representative        | Kelly Chung       |           5200.00 |
| Marketing Manager               | Kelly Chung       |          11200.00 |
| Programmer                      | Kelly Chung       |           6200.00 |
| Shipping Clerk                  | Kelly Chung       |           1700.00 |
| Stock Clerk                     | Kelly Chung       |           1200.00 |
| Stock Manager                   | Kelly Chung       |           4700.00 |
| Purchasing Clerk                | Kelly Chung       |           1700.00 |
| Purchasing Manager              | Kelly Chung       |          11200.00 |
| Sales Representative            | Kelly Chung       |           8208.00 |
| Sales Manager                   | Kelly Chung       |          16280.00 |
| Public Accountant               | Kelly Chung       |           5200.00 |
| Accounting Manager              | Kelly Chung       |          12200.00 |
| Accountant                      | Kelly Chung       |           5200.00 |
| Finance Manager                 | Kelly Chung       |          12200.00 |
| Administration Assistant        | Kelly Chung       |           2200.00 |
| Administration Vice President   | Kelly Chung       |          26200.00 |
| President                       | Kelly Chung       |          36200.00 |
| Public Relations Representative | Jennifer Dilly    |           6900.00 |
| Human Resources Representative  | Jennifer Dilly    |           5400.00 |
| Marketing Representative        | Jennifer Dilly    |           5400.00 |
| Marketing Manager               | Jennifer Dilly    |          11400.00 |
| Programmer                      | Jennifer Dilly    |           6400.00 |
| Shipping Clerk                  | Jennifer Dilly    |           1900.00 |
| Stock Clerk                     | Jennifer Dilly    |           1400.00 |
| Stock Manager                   | Jennifer Dilly    |           4900.00 |
| Purchasing Clerk                | Jennifer Dilly    |           1900.00 |
| Purchasing Manager              | Jennifer Dilly    |          11400.00 |
| Sales Representative            | Jennifer Dilly    |           8408.00 |
| Sales Manager                   | Jennifer Dilly    |          16480.00 |
| Public Accountant               | Jennifer Dilly    |           5400.00 |
| Accounting Manager              | Jennifer Dilly    |          12400.00 |
| Accountant                      | Jennifer Dilly    |           5400.00 |
| Finance Manager                 | Jennifer Dilly    |          12400.00 |
| Administration Assistant        | Jennifer Dilly    |           2400.00 |
| Administration Vice President   | Jennifer Dilly    |          26400.00 |
| President                       | Jennifer Dilly    |          36400.00 |
| Public Relations Representative | Timothy Gates     |           7600.00 |
| Human Resources Representative  | Timothy Gates     |           6100.00 |
| Marketing Representative        | Timothy Gates     |           6100.00 |
| Marketing Manager               | Timothy Gates     |          12100.00 |
| Programmer                      | Timothy Gates     |           7100.00 |
| Shipping Clerk                  | Timothy Gates     |           2600.00 |
| Stock Clerk                     | Timothy Gates     |           2100.00 |
| Stock Manager                   | Timothy Gates     |           5600.00 |
| Purchasing Clerk                | Timothy Gates     |           2600.00 |
| Purchasing Manager              | Timothy Gates     |          12100.00 |
| Sales Representative            | Timothy Gates     |           9108.00 |
| Sales Manager                   | Timothy Gates     |          17180.00 |
| Public Accountant               | Timothy Gates     |           6100.00 |
| Accounting Manager              | Timothy Gates     |          13100.00 |
| Accountant                      | Timothy Gates     |           6100.00 |
| Finance Manager                 | Timothy Gates     |          13100.00 |
| Administration Assistant        | Timothy Gates     |           3100.00 |
| Administration Vice President   | Timothy Gates     |          27100.00 |
| President                       | Timothy Gates     |          37100.00 |
| Public Relations Representative | Randall Perkins   |           8000.00 |
| Human Resources Representative  | Randall Perkins   |           6500.00 |
| Marketing Representative        | Randall Perkins   |           6500.00 |
| Marketing Manager               | Randall Perkins   |          12500.00 |
| Programmer                      | Randall Perkins   |           7500.00 |
| Shipping Clerk                  | Randall Perkins   |           3000.00 |
| Stock Clerk                     | Randall Perkins   |           2500.00 |
| Stock Manager                   | Randall Perkins   |           6000.00 |
| Purchasing Clerk                | Randall Perkins   |           3000.00 |
| Purchasing Manager              | Randall Perkins   |          12500.00 |
| Sales Representative            | Randall Perkins   |           9508.00 |
| Sales Manager                   | Randall Perkins   |          17580.00 |
| Public Accountant               | Randall Perkins   |           6500.00 |
| Accounting Manager              | Randall Perkins   |          13500.00 |
| Accountant                      | Randall Perkins   |           6500.00 |
| Finance Manager                 | Randall Perkins   |          13500.00 |
| Administration Assistant        | Randall Perkins   |           3500.00 |
| Administration Vice President   | Randall Perkins   |          27500.00 |
| President                       | Randall Perkins   |          37500.00 |
| Public Relations Representative | Sarah Bell        |           6500.00 |
| Human Resources Representative  | Sarah Bell        |           5000.00 |
| Marketing Representative        | Sarah Bell        |           5000.00 |
| Marketing Manager               | Sarah Bell        |          11000.00 |
| Programmer                      | Sarah Bell        |           6000.00 |
| Shipping Clerk                  | Sarah Bell        |           1500.00 |
| Stock Clerk                     | Sarah Bell        |           1000.00 |
| Stock Manager                   | Sarah Bell        |           4500.00 |
| Purchasing Clerk                | Sarah Bell        |           1500.00 |
| Purchasing Manager              | Sarah Bell        |          11000.00 |
| Sales Representative            | Sarah Bell        |           8008.00 |
| Sales Manager                   | Sarah Bell        |          16080.00 |
| Public Accountant               | Sarah Bell        |           5000.00 |
| Accounting Manager              | Sarah Bell        |          12000.00 |
| Accountant                      | Sarah Bell        |           5000.00 |
| Finance Manager                 | Sarah Bell        |          12000.00 |
| Administration Assistant        | Sarah Bell        |           2000.00 |
| Administration Vice President   | Sarah Bell        |          26000.00 |
| President                       | Sarah Bell        |          36000.00 |
| Public Relations Representative | Britney Everett   |           6600.00 |
| Human Resources Representative  | Britney Everett   |           5100.00 |
| Marketing Representative        | Britney Everett   |           5100.00 |
| Marketing Manager               | Britney Everett   |          11100.00 |
| Programmer                      | Britney Everett   |           6100.00 |
| Shipping Clerk                  | Britney Everett   |           1600.00 |
| Stock Clerk                     | Britney Everett   |           1100.00 |
| Stock Manager                   | Britney Everett   |           4600.00 |
| Purchasing Clerk                | Britney Everett   |           1600.00 |
| Purchasing Manager              | Britney Everett   |          11100.00 |
| Sales Representative            | Britney Everett   |           8108.00 |
| Sales Manager                   | Britney Everett   |          16180.00 |
| Public Accountant               | Britney Everett   |           5100.00 |
| Accounting Manager              | Britney Everett   |          12100.00 |
| Accountant                      | Britney Everett   |           5100.00 |
| Finance Manager                 | Britney Everett   |          12100.00 |
| Administration Assistant        | Britney Everett   |           2100.00 |
| Administration Vice President   | Britney Everett   |          26100.00 |
| President                       | Britney Everett   |          36100.00 |
| Public Relations Representative | Samuel McCain     |           7300.00 |
| Human Resources Representative  | Samuel McCain     |           5800.00 |
| Marketing Representative        | Samuel McCain     |           5800.00 |
| Marketing Manager               | Samuel McCain     |          11800.00 |
| Programmer                      | Samuel McCain     |           6800.00 |
| Shipping Clerk                  | Samuel McCain     |           2300.00 |
| Stock Clerk                     | Samuel McCain     |           1800.00 |
| Stock Manager                   | Samuel McCain     |           5300.00 |
| Purchasing Clerk                | Samuel McCain     |           2300.00 |
| Purchasing Manager              | Samuel McCain     |          11800.00 |
| Sales Representative            | Samuel McCain     |           8808.00 |
| Sales Manager                   | Samuel McCain     |          16880.00 |
| Public Accountant               | Samuel McCain     |           5800.00 |
| Accounting Manager              | Samuel McCain     |          12800.00 |
| Accountant                      | Samuel McCain     |           5800.00 |
| Finance Manager                 | Samuel McCain     |          12800.00 |
| Administration Assistant        | Samuel McCain     |           2800.00 |
| Administration Vice President   | Samuel McCain     |          26800.00 |
| President                       | Samuel McCain     |          36800.00 |
| Public Relations Representative | Vance Jones       |           7700.00 |
| Human Resources Representative  | Vance Jones       |           6200.00 |
| Marketing Representative        | Vance Jones       |           6200.00 |
| Marketing Manager               | Vance Jones       |          12200.00 |
| Programmer                      | Vance Jones       |           7200.00 |
| Shipping Clerk                  | Vance Jones       |           2700.00 |
| Stock Clerk                     | Vance Jones       |           2200.00 |
| Stock Manager                   | Vance Jones       |           5700.00 |
| Purchasing Clerk                | Vance Jones       |           2700.00 |
| Purchasing Manager              | Vance Jones       |          12200.00 |
| Sales Representative            | Vance Jones       |           9208.00 |
| Sales Manager                   | Vance Jones       |          17280.00 |
| Public Accountant               | Vance Jones       |           6200.00 |
| Accounting Manager              | Vance Jones       |          13200.00 |
| Accountant                      | Vance Jones       |           6200.00 |
| Finance Manager                 | Vance Jones       |          13200.00 |
| Administration Assistant        | Vance Jones       |           3200.00 |
| Administration Vice President   | Vance Jones       |          27200.00 |
| President                       | Vance Jones       |          37200.00 |
| Public Relations Representative | Alana Walsh       |           7400.00 |
| Human Resources Representative  | Alana Walsh       |           5900.00 |
| Marketing Representative        | Alana Walsh       |           5900.00 |
| Marketing Manager               | Alana Walsh       |          11900.00 |
| Programmer                      | Alana Walsh       |           6900.00 |
| Shipping Clerk                  | Alana Walsh       |           2400.00 |
| Stock Clerk                     | Alana Walsh       |           1900.00 |
| Stock Manager                   | Alana Walsh       |           5400.00 |
| Purchasing Clerk                | Alana Walsh       |           2400.00 |
| Purchasing Manager              | Alana Walsh       |          11900.00 |
| Sales Representative            | Alana Walsh       |           8908.00 |
| Sales Manager                   | Alana Walsh       |          16980.00 |
| Public Accountant               | Alana Walsh       |           5900.00 |
| Accounting Manager              | Alana Walsh       |          12900.00 |
| Accountant                      | Alana Walsh       |           5900.00 |
| Finance Manager                 | Alana Walsh       |          12900.00 |
| Administration Assistant        | Alana Walsh       |           2900.00 |
| Administration Vice President   | Alana Walsh       |          26900.00 |
| President                       | Alana Walsh       |          36900.00 |
| Public Relations Representative | Kevin Feeney      |           7500.00 |
| Human Resources Representative  | Kevin Feeney      |           6000.00 |
| Marketing Representative        | Kevin Feeney      |           6000.00 |
| Marketing Manager               | Kevin Feeney      |          12000.00 |
| Programmer                      | Kevin Feeney      |           7000.00 |
| Shipping Clerk                  | Kevin Feeney      |           2500.00 |
| Stock Clerk                     | Kevin Feeney      |           2000.00 |
| Stock Manager                   | Kevin Feeney      |           5500.00 |
| Purchasing Clerk                | Kevin Feeney      |           2500.00 |
| Purchasing Manager              | Kevin Feeney      |          12000.00 |
| Sales Representative            | Kevin Feeney      |           9008.00 |
| Sales Manager                   | Kevin Feeney      |          17080.00 |
| Public Accountant               | Kevin Feeney      |           6000.00 |
| Accounting Manager              | Kevin Feeney      |          13000.00 |
| Accountant                      | Kevin Feeney      |           6000.00 |
| Finance Manager                 | Kevin Feeney      |          13000.00 |
| Administration Assistant        | Kevin Feeney      |           3000.00 |
| Administration Vice President   | Kevin Feeney      |          27000.00 |
| President                       | Kevin Feeney      |          37000.00 |
| Public Relations Representative | Donald OConnell   |           7900.00 |
| Human Resources Representative  | Donald OConnell   |           6400.00 |
| Marketing Representative        | Donald OConnell   |           6400.00 |
| Marketing Manager               | Donald OConnell   |          12400.00 |
| Programmer                      | Donald OConnell   |           7400.00 |
| Shipping Clerk                  | Donald OConnell   |           2900.00 |
| Stock Clerk                     | Donald OConnell   |           2400.00 |
| Stock Manager                   | Donald OConnell   |           5900.00 |
| Purchasing Clerk                | Donald OConnell   |           2900.00 |
| Purchasing Manager              | Donald OConnell   |          12400.00 |
| Sales Representative            | Donald OConnell   |           9408.00 |
| Sales Manager                   | Donald OConnell   |          17480.00 |
| Public Accountant               | Donald OConnell   |           6400.00 |
| Accounting Manager              | Donald OConnell   |          13400.00 |
| Accountant                      | Donald OConnell   |           6400.00 |
| Finance Manager                 | Donald OConnell   |          13400.00 |
| Administration Assistant        | Donald OConnell   |           3400.00 |
| Administration Vice President   | Donald OConnell   |          27400.00 |
| President                       | Donald OConnell   |          37400.00 |
| Public Relations Representative | Douglas Grant     |           7900.00 |
| Human Resources Representative  | Douglas Grant     |           6400.00 |
| Marketing Representative        | Douglas Grant     |           6400.00 |
| Marketing Manager               | Douglas Grant     |          12400.00 |
| Programmer                      | Douglas Grant     |           7400.00 |
| Shipping Clerk                  | Douglas Grant     |           2900.00 |
| Stock Clerk                     | Douglas Grant     |           2400.00 |
| Stock Manager                   | Douglas Grant     |           5900.00 |
| Purchasing Clerk                | Douglas Grant     |           2900.00 |
| Purchasing Manager              | Douglas Grant     |          12400.00 |
| Sales Representative            | Douglas Grant     |           9408.00 |
| Sales Manager                   | Douglas Grant     |          17480.00 |
| Public Accountant               | Douglas Grant     |           6400.00 |
| Accounting Manager              | Douglas Grant     |          13400.00 |
| Accountant                      | Douglas Grant     |           6400.00 |
| Finance Manager                 | Douglas Grant     |          13400.00 |
| Administration Assistant        | Douglas Grant     |           3400.00 |
| Administration Vice President   | Douglas Grant     |          27400.00 |
| President                       | Douglas Grant     |          37400.00 |
| Public Relations Representative | Jennifer Whalen   |           6100.00 |
| Human Resources Representative  | Jennifer Whalen   |           4600.00 |
| Marketing Representative        | Jennifer Whalen   |           4600.00 |
| Marketing Manager               | Jennifer Whalen   |          10600.00 |
| Programmer                      | Jennifer Whalen   |           5600.00 |
| Shipping Clerk                  | Jennifer Whalen   |           1100.00 |
| Stock Clerk                     | Jennifer Whalen   |            600.00 |
| Stock Manager                   | Jennifer Whalen   |           4100.00 |
| Purchasing Clerk                | Jennifer Whalen   |           1100.00 |
| Purchasing Manager              | Jennifer Whalen   |          10600.00 |
| Sales Representative            | Jennifer Whalen   |           7608.00 |
| Sales Manager                   | Jennifer Whalen   |          15680.00 |
| Public Accountant               | Jennifer Whalen   |           4600.00 |
| Accounting Manager              | Jennifer Whalen   |          11600.00 |
| Accountant                      | Jennifer Whalen   |           4600.00 |
| Finance Manager                 | Jennifer Whalen   |          11600.00 |
| Administration Assistant        | Jennifer Whalen   |           1600.00 |
| Administration Vice President   | Jennifer Whalen   |          25600.00 |
| President                       | Jennifer Whalen   |          35600.00 |
| Public Relations Representative | Michael Hartstein |          -2500.00 |
| Human Resources Representative  | Michael Hartstein |          -4000.00 |
| Marketing Representative        | Michael Hartstein |          -4000.00 |
| Marketing Manager               | Michael Hartstein |           2000.00 |
| Programmer                      | Michael Hartstein |          -3000.00 |
| Shipping Clerk                  | Michael Hartstein |          -7500.00 |
| Stock Clerk                     | Michael Hartstein |          -8000.00 |
| Stock Manager                   | Michael Hartstein |          -4500.00 |
| Purchasing Clerk                | Michael Hartstein |          -7500.00 |
| Purchasing Manager              | Michael Hartstein |           2000.00 |
| Sales Representative            | Michael Hartstein |           -992.00 |
| Sales Manager                   | Michael Hartstein |           7080.00 |
| Public Accountant               | Michael Hartstein |          -4000.00 |
| Accounting Manager              | Michael Hartstein |           3000.00 |
| Accountant                      | Michael Hartstein |          -4000.00 |
| Finance Manager                 | Michael Hartstein |           3000.00 |
| Administration Assistant        | Michael Hartstein |          -7000.00 |
| Administration Vice President   | Michael Hartstein |          17000.00 |
| President                       | Michael Hartstein |          27000.00 |
| Public Relations Representative | Pat Fay           |           4500.00 |
| Human Resources Representative  | Pat Fay           |           3000.00 |
| Marketing Representative        | Pat Fay           |           3000.00 |
| Marketing Manager               | Pat Fay           |           9000.00 |
| Programmer                      | Pat Fay           |           4000.00 |
| Shipping Clerk                  | Pat Fay           |           -500.00 |
| Stock Clerk                     | Pat Fay           |          -1000.00 |
| Stock Manager                   | Pat Fay           |           2500.00 |
| Purchasing Clerk                | Pat Fay           |           -500.00 |
| Purchasing Manager              | Pat Fay           |           9000.00 |
| Sales Representative            | Pat Fay           |           6008.00 |
| Sales Manager                   | Pat Fay           |          14080.00 |
| Public Accountant               | Pat Fay           |           3000.00 |
| Accounting Manager              | Pat Fay           |          10000.00 |
| Accountant                      | Pat Fay           |           3000.00 |
| Finance Manager                 | Pat Fay           |          10000.00 |
| Administration Assistant        | Pat Fay           |              0.00 |
| Administration Vice President   | Pat Fay           |          24000.00 |
| President                       | Pat Fay           |          34000.00 |
| Public Relations Representative | Susan Mavris      |           4000.00 |
| Human Resources Representative  | Susan Mavris      |           2500.00 |
| Marketing Representative        | Susan Mavris      |           2500.00 |
| Marketing Manager               | Susan Mavris      |           8500.00 |
| Programmer                      | Susan Mavris      |           3500.00 |
| Shipping Clerk                  | Susan Mavris      |          -1000.00 |
| Stock Clerk                     | Susan Mavris      |          -1500.00 |
| Stock Manager                   | Susan Mavris      |           2000.00 |
| Purchasing Clerk                | Susan Mavris      |          -1000.00 |
| Purchasing Manager              | Susan Mavris      |           8500.00 |
| Sales Representative            | Susan Mavris      |           5508.00 |
| Sales Manager                   | Susan Mavris      |          13580.00 |
| Public Accountant               | Susan Mavris      |           2500.00 |
| Accounting Manager              | Susan Mavris      |           9500.00 |
| Accountant                      | Susan Mavris      |           2500.00 |
| Finance Manager                 | Susan Mavris      |           9500.00 |
| Administration Assistant        | Susan Mavris      |           -500.00 |
| Administration Vice President   | Susan Mavris      |          23500.00 |
| President                       | Susan Mavris      |          33500.00 |
| Public Relations Representative | Hermann Baer      |            500.00 |
| Human Resources Representative  | Hermann Baer      |          -1000.00 |
| Marketing Representative        | Hermann Baer      |          -1000.00 |
| Marketing Manager               | Hermann Baer      |           5000.00 |
| Programmer                      | Hermann Baer      |              0.00 |
| Shipping Clerk                  | Hermann Baer      |          -4500.00 |
| Stock Clerk                     | Hermann Baer      |          -5000.00 |
| Stock Manager                   | Hermann Baer      |          -1500.00 |
| Purchasing Clerk                | Hermann Baer      |          -4500.00 |
| Purchasing Manager              | Hermann Baer      |           5000.00 |
| Sales Representative            | Hermann Baer      |           2008.00 |
| Sales Manager                   | Hermann Baer      |          10080.00 |
| Public Accountant               | Hermann Baer      |          -1000.00 |
| Accounting Manager              | Hermann Baer      |           6000.00 |
| Accountant                      | Hermann Baer      |          -1000.00 |
| Finance Manager                 | Hermann Baer      |           6000.00 |
| Administration Assistant        | Hermann Baer      |          -4000.00 |
| Administration Vice President   | Hermann Baer      |          20000.00 |
| President                       | Hermann Baer      |          30000.00 |
| Public Relations Representative | Shelley Higgins   |          -1508.00 |
| Human Resources Representative  | Shelley Higgins   |          -3008.00 |
| Marketing Representative        | Shelley Higgins   |          -3008.00 |
| Marketing Manager               | Shelley Higgins   |           2992.00 |
| Programmer                      | Shelley Higgins   |          -2008.00 |
| Shipping Clerk                  | Shelley Higgins   |          -6508.00 |
| Stock Clerk                     | Shelley Higgins   |          -7008.00 |
| Stock Manager                   | Shelley Higgins   |          -3508.00 |
| Purchasing Clerk                | Shelley Higgins   |          -6508.00 |
| Purchasing Manager              | Shelley Higgins   |           2992.00 |
| Sales Representative            | Shelley Higgins   |              0.00 |
| Sales Manager                   | Shelley Higgins   |           8072.00 |
| Public Accountant               | Shelley Higgins   |          -3008.00 |
| Accounting Manager              | Shelley Higgins   |           3992.00 |
| Accountant                      | Shelley Higgins   |          -3008.00 |
| Finance Manager                 | Shelley Higgins   |           3992.00 |
| Administration Assistant        | Shelley Higgins   |          -6008.00 |
| Administration Vice President   | Shelley Higgins   |          17992.00 |
| President                       | Shelley Higgins   |          27992.00 |
| Public Relations Representative | PAWAN YADAV       |         -59500.00 |
| Human Resources Representative  | PAWAN YADAV       |         -61000.00 |
| Marketing Representative        | PAWAN YADAV       |         -61000.00 |
| Marketing Manager               | PAWAN YADAV       |         -55000.00 |
| Programmer                      | PAWAN YADAV       |         -60000.00 |
| Shipping Clerk                  | PAWAN YADAV       |         -64500.00 |
| Stock Clerk                     | PAWAN YADAV       |         -65000.00 |
| Stock Manager                   | PAWAN YADAV       |         -61500.00 |
| Purchasing Clerk                | PAWAN YADAV       |         -64500.00 |
| Purchasing Manager              | PAWAN YADAV       |         -55000.00 |
| Sales Representative            | PAWAN YADAV       |         -57992.00 |
| Sales Manager                   | PAWAN YADAV       |         -49920.00 |
| Public Accountant               | PAWAN YADAV       |         -61000.00 |
| Accounting Manager              | PAWAN YADAV       |         -54000.00 |
| Accountant                      | PAWAN YADAV       |         -61000.00 |
| Finance Manager                 | PAWAN YADAV       |         -54000.00 |
| Administration Assistant        | PAWAN YADAV       |         -64000.00 |
| Administration Vice President   | PAWAN YADAV       |         -40000.00 |
| President                       | PAWAN YADAV       |         -30000.00 |
+---------------------------------+-------------------+-------------------+
2033 rows in set (0.01 sec)

mysql> select a.title,concat(b.fname,' ',b.lname) as employee_name, a.max_salary-b.salary as salary_difference from job a join employees b on a.id=b.job_id;
+---------------------------------+-------------------+-------------------+
| title                           | employee_name     | salary_difference |
+---------------------------------+-------------------+-------------------+
| President                       | Steven King       |          16000.00 |
| Administration Vice President   | Neena Kochhar     |          13000.00 |
| Administration Vice President   | Lex De Haan       |          13000.00 |
| Programmer                      | Alexander Hunold  |           1000.00 |
| Programmer                      | Bruce Ernst       |           4000.00 |
| Programmer                      | David Austin      |           5200.00 |
| Programmer                      | Valli Pataballa   |           5200.00 |
| Programmer                      | Diana Lorentz     |           5800.00 |
| Finance Manager                 | Nancy Greenberg   |           4000.00 |
| Accountant                      | Daniel Faviet     |              0.00 |
| Accountant                      | John Chen         |            800.00 |
| Accountant                      | Ismael Sciarra    |           1300.00 |
| Accountant                      | Jose Manuel Urman |           1200.00 |
| Accountant                      | Luis Popp         |           2100.00 |
| Purchasing Manager              | Den Raphaely      |           4000.00 |
| Stock Manager                   | Matthew Weiss     |            500.00 |
| Stock Manager                   | Adam Fripp        |            300.00 |
| Stock Manager                   | Payam Kaufling    |            600.00 |
| Stock Manager                   | Shanta Vollman    |           2000.00 |
| Stock Manager                   | Kevin Mourgos     |           2700.00 |
| Stock Clerk                     | Julia Nayer       |           1800.00 |
| Stock Clerk                     | Irene Mikkilineni |           2300.00 |
| Stock Clerk                     | James Landry      |           2600.00 |
| Stock Clerk                     | Steven Markle     |           2800.00 |
| Stock Clerk                     | Laura Bissot      |           1700.00 |
| Stock Clerk                     | Mozhe Atkinson    |           2200.00 |
| Stock Clerk                     | James Marlow      |           2500.00 |
| Stock Clerk                     | TJ Olson          |           2900.00 |
| Stock Clerk                     | Jason Mallin      |           1700.00 |
| Stock Clerk                     | Michael Rogers    |           2100.00 |
| Stock Clerk                     | Ki Gee            |           2600.00 |
| Stock Clerk                     | Hazel Philtanker  |           2800.00 |
| Stock Clerk                     | Renske Ladwig     |           1400.00 |
| Stock Clerk                     | Stephen Stiles    |           1800.00 |
| Stock Clerk                     | John Seo          |           2300.00 |
| Stock Clerk                     | Joshua Patel      |           2500.00 |
| Stock Clerk                     | Trenna Rajs       |           1500.00 |
| Stock Clerk                     | Curtis Davies     |           1900.00 |
| Stock Clerk                     | Randall Matos     |           2400.00 |
| Stock Clerk                     | Peter Vargas      |           2500.00 |
| Sales Manager                   | John Russell      |           6080.00 |
| Sales Manager                   | Karen Partners    |           6580.00 |
| Sales Manager                   | Alberto Errazuriz |           8080.00 |
| Sales Manager                   | Gerald Cambrault  |           9080.00 |
| Sales Manager                   | Eleni Zlotkey     |           9580.00 |
| Sales Representative            | Peter Tucker      |           2008.00 |
| Sales Representative            | David Bernstein   |           2508.00 |
| Sales Representative            | Peter Hall        |           3008.00 |
| Sales Representative            | Christopher Olsen |           4008.00 |
| Sales Representative            | Nanette Cambrault |           4508.00 |
| Sales Representative            | Oliver Tuvault    |           5008.00 |
| Sales Representative            | Janette King      |           2008.00 |
| Sales Representative            | Patrick Sully     |           2508.00 |
| Sales Representative            | Allan McEwen      |           3008.00 |
| Sales Representative            | Lindsey Smith     |           4008.00 |
| Sales Representative            | Louise Doran      |           4508.00 |
| Sales Representative            | Sarath Sewall     |           5008.00 |
| Sales Representative            | Clara Vishney     |           1508.00 |
| Sales Representative            | Danielle Greene   |           2508.00 |
| Sales Representative            | Mattea Marvins    |           4808.00 |
| Sales Representative            | David Lee         |           5208.00 |
| Sales Representative            | Sunder Ande       |           5608.00 |
| Sales Representative            | Amit Banda        |           5808.00 |
| Sales Representative            | Lisa Ozer         |            508.00 |
| Sales Representative            | Harrison Bloom    |           2008.00 |
| Sales Representative            | Tayler Fox        |           2408.00 |
| Sales Representative            | William Smith     |           4608.00 |
| Sales Representative            | Sundita Kumar     |           4708.00 |
| Sales Representative            | Elizabeth Bates   |           5908.00 |
| Sales Representative            | Ellen Abel        |           1008.00 |
| Sales Representative            | Alyssa Hutton     |           3208.00 |
| Sales Representative            | Jonathon Taylor   |           3408.00 |
| Sales Representative            | Jack Livingston   |           3608.00 |
| Sales Representative            | Kimberely Grant   |           5008.00 |
| Sales Representative            | Charles Johnson   |           5808.00 |
| Shipping Clerk                  | Winston Taylor    |           2300.00 |
| Shipping Clerk                  | Jean Fleaur       |           2400.00 |
| Shipping Clerk                  | Martha Sullivan   |           3000.00 |
| Shipping Clerk                  | Girard Geoni      |           2700.00 |
| Shipping Clerk                  | Nandita Sarchand  |           1300.00 |
| Shipping Clerk                  | Alexis Bull       |           1400.00 |
| Shipping Clerk                  | Julia Dellinger   |           2100.00 |
| Shipping Clerk                  | Anthony Cabrio    |           2500.00 |
| Shipping Clerk                  | Kelly Chung       |           1700.00 |
| Shipping Clerk                  | Jennifer Dilly    |           1900.00 |
| Shipping Clerk                  | Timothy Gates     |           2600.00 |
| Shipping Clerk                  | Randall Perkins   |           3000.00 |
| Shipping Clerk                  | Sarah Bell        |           1500.00 |
| Shipping Clerk                  | Britney Everett   |           1600.00 |
| Shipping Clerk                  | Samuel McCain     |           2300.00 |
| Shipping Clerk                  | Vance Jones       |           2700.00 |
| Shipping Clerk                  | Alana Walsh       |           2400.00 |
| Shipping Clerk                  | Kevin Feeney      |           2500.00 |
| Shipping Clerk                  | Donald OConnell   |           2900.00 |
| Shipping Clerk                  | Douglas Grant     |           2900.00 |
| Administration Assistant        | Jennifer Whalen   |           1600.00 |
| Marketing Manager               | Michael Hartstein |           2000.00 |
| Marketing Representative        | Pat Fay           |           3000.00 |
| Human Resources Representative  | Susan Mavris      |           2500.00 |
| Public Relations Representative | Hermann Baer      |            500.00 |
| Accounting Manager              | Shelley Higgins   |           3992.00 |
| Public Accountant               | PAWAN YADAV       |         -61000.00 |
+---------------------------------+-------------------+-------------------+
102 rows in set (0.00 sec)

mysql> select a.name as department_name,avg(b.salary),count(b.commission) from employees b join departments a on a.department_id=b.department_id group by b.name;
ERROR 1054 (42S22): Unknown column 'b.name' in 'group statement'
mysql> select a.name as department_name,avg(b.salary),count(b.commission) from employees b join departments a on a.department_id=b.department_id group by a.name;
+------------------+---------------+---------------------+
| department_name  | avg(b.salary) | count(b.commission) |
+------------------+---------------+---------------------+
| Executive        |  19333.333333 |                   3 |
| IT               |   5760.000000 |                   5 |
| Finance          |   8600.000000 |                   6 |
| Purchasing       |   4150.000000 |                   6 |
| Shipping         |   3475.555556 |                  45 |
| Sales            |   8900.000000 |                  35 |
| Admin            |   4400.000000 |                   1 |
| Marketing        |   9500.000000 |                   2 |
| HR               |   6500.000000 |                   1 |
| Public Relations |  10000.000000 |                   1 |
| Accounting       |  41004.000000 |                   2 |
+------------------+---------------+---------------------+
11 rows in set (0.01 sec)

mysql> select a.name as department_name,avg(b.salary),count(b.commission) from employees b join departments a on a.department_id=b.department_id group by a.name order by desc b.commission;
ERROR 1064 (42000): You have an error in your SQL syntax; check the manual that corresponds to your MySQL server version for the right syntax to use near 'desc b.commission' at line 1
mysql> select a.name as department_name,avg(b.salary),count(b.commission) from employees b join departments a on a.department_id=b.department_id group by a.name order by b.commission;
ERROR 1055 (42000): Expression #1 of ORDER BY clause is not in GROUP BY clause and contains nonaggregated column 'db.b.commission' which is not functionally dependent on columns in GROUP BY clause; this is incompatible with sql_mode=only_full_group_by
mysql> select a.name as department_name,avg(b.salary),count(b.commission) from employees b join departments a on a.department_id=b.department_id group by a.name order by count(b.commission);
+------------------+---------------+---------------------+
| department_name  | avg(b.salary) | count(b.commission) |
+------------------+---------------+---------------------+
| Admin            |   4400.000000 |                   1 |
| HR               |   6500.000000 |                   1 |
| Public Relations |  10000.000000 |                   1 |
| Marketing        |   9500.000000 |                   2 |
| Accounting       |  41004.000000 |                   2 |
| Executive        |  19333.333333 |                   3 |
| IT               |   5760.000000 |                   5 |
| Finance          |   8600.000000 |                   6 |
| Purchasing       |   4150.000000 |                   6 |
| Sales            |   8900.000000 |                  35 |
| Shipping         |   3475.555556 |                  45 |
+------------------+---------------+---------------------+
11 rows in set (0.00 sec)

mysql> select a.name as department_name,avg(b.salary),count(b.commission) from employees b join departments a on a.department_id=b.department_id group by a.name order by desc count(b.commission);
ERROR 1064 (42000): You have an error in your SQL syntax; check the manual that corresponds to your MySQL server version for the right syntax to use near 'desc count(b.commission)' at line 1
mysql> select a.name as department_name,avg(b.salary),count(b.commission) from employees b join departments a on a.department_id=b.department_id group by a.name order by dsc count(b.commission);
ERROR 1064 (42000): You have an error in your SQL syntax; check the manual that corresponds to your MySQL server version for the right syntax to use near 'count(b.commission)' at line 1
mysql> select a.name as department_name,avg(b.salary),count(b.commission) from employees b join departments a on a.department_id=b.department_id group by a.name order by count(b.commission) desc;
+------------------+---------------+---------------------+
| department_name  | avg(b.salary) | count(b.commission) |
+------------------+---------------+---------------------+
| Shipping         |   3475.555556 |                  45 |
| Sales            |   8900.000000 |                  35 |
| Finance          |   8600.000000 |                   6 |
| Purchasing       |   4150.000000 |                   6 |
| IT               |   5760.000000 |                   5 |
| Executive        |  19333.333333 |                   3 |
| Marketing        |   9500.000000 |                   2 |
| Accounting       |  41004.000000 |                   2 |
| Admin            |   4400.000000 |                   1 |
| HR               |   6500.000000 |                   1 |
| Public Relations |  10000.000000 |                   1 |
+------------------+---------------+---------------------+
11 rows in set (0.01 sec)

mysql> select a.title,concat(b.fname,' ',b.lname) as employee_name, a.max_salary-b.salary as salary_difference from job a join employees b on a.id=b.job_id where b.department_id=80;
+----------------------+-------------------+-------------------+
| title                | employee_name     | salary_difference |
+----------------------+-------------------+-------------------+
| Sales Manager        | Eleni Zlotkey     |           9580.00 |
| Sales Manager        | Gerald Cambrault  |           9080.00 |
| Sales Manager        | Alberto Errazuriz |           8080.00 |
| Sales Manager        | Karen Partners    |           6580.00 |
| Sales Manager        | John Russell      |           6080.00 |
| Sales Representative | Charles Johnson   |           5808.00 |
| Sales Representative | Kimberely Grant   |           5008.00 |
| Sales Representative | Jack Livingston   |           3608.00 |
| Sales Representative | Jonathon Taylor   |           3408.00 |
| Sales Representative | Alyssa Hutton     |           3208.00 |
| Sales Representative | Ellen Abel        |           1008.00 |
| Sales Representative | Elizabeth Bates   |           5908.00 |
| Sales Representative | Sundita Kumar     |           4708.00 |
| Sales Representative | William Smith     |           4608.00 |
| Sales Representative | Tayler Fox        |           2408.00 |
| Sales Representative | Harrison Bloom    |           2008.00 |
| Sales Representative | Lisa Ozer         |            508.00 |
| Sales Representative | Amit Banda        |           5808.00 |
| Sales Representative | Sunder Ande       |           5608.00 |
| Sales Representative | David Lee         |           5208.00 |
| Sales Representative | Mattea Marvins    |           4808.00 |
| Sales Representative | Danielle Greene   |           2508.00 |
| Sales Representative | Clara Vishney     |           1508.00 |
| Sales Representative | Sarath Sewall     |           5008.00 |
| Sales Representative | Louise Doran      |           4508.00 |
| Sales Representative | Lindsey Smith     |           4008.00 |
| Sales Representative | Allan McEwen      |           3008.00 |
| Sales Representative | Patrick Sully     |           2508.00 |
| Sales Representative | Janette King      |           2008.00 |
| Sales Representative | Oliver Tuvault    |           5008.00 |
| Sales Representative | Nanette Cambrault |           4508.00 |
| Sales Representative | Christopher Olsen |           4008.00 |
| Sales Representative | Peter Hall        |           3008.00 |
| Sales Representative | David Bernstein   |           2508.00 |
| Sales Representative | Peter Tucker      |           2008.00 |
+----------------------+-------------------+-------------------+
35 rows in set (0.00 sec)

mysql> show tables;
+--------------+
| Tables_in_db |
+--------------+
| booktable    |
| company_mast |
| customer     |
| departments  |
| emp_dept     |
| employee     |
| employees    |
| issuetable   |
| item_mast    |
| job          |
| job_grades   |
| job_history  |
| jobs         |
| locations    |
| orders       |
| salesman     |
+--------------+
16 rows in set (0.03 sec)

mysql> select a.city, b.name as department_name from location a join departments b on a.location_id=b.
location_id;
ERROR 1146 (42S02): Table 'db.location' doesn't exist
mysql> select a.city, b.name as department_name from locations a join departments b on a.location_id=b
.location_id;
+---------------------+----------------------+
| city                | department_name      |
+---------------------+----------------------+
| Seattle             | Admin                |
| Toronto             | Marketing            |
| Seattle             | Purchasing           |
| London              | HR                   |
| South San Francisco | Shipping             |
| Southlake           | IT                   |
| Munich              | Public Relations     |
| Oxford              | Sales                |
| Seattle             | Executive            |
| Seattle             | Finance              |
| Seattle             | Accounting           |
| Seattle             | Treasury             |
| Seattle             | Corporate Tax        |
| Seattle             | Control and Credit   |
| Seattle             | Shareholder Services |
| Seattle             | Benifits             |
| Seattle             | Manufacturing        |
| Seattle             | Construction         |
| Seattle             | Contracting          |
| Seattle             | Operations           |
| Seattle             | IT Supports          |
| Seattle             | NOC                  |
| Seattle             | IT Helpdesk          |
| Seattle             | Government Sales     |
| Seattle             | Retail Sales         |
| Seattle             | Recruiting           |
| Seattle             | Payroll              |
+---------------------+----------------------+
27 rows in set (0.00 sec)

mysql> select a.name as department_name , concat(b.fname,' ',b.lname) as manager_name from employees b
 join departments a on  a.manager_id=b.manager_id;
+----------------------+-------------------+
| department_name      | manager_name      |
+----------------------+-------------------+
| Payroll              | Steven King       |
| Recruiting           | Steven King       |
| Retail Sales         | Steven King       |
| Government Sales     | Steven King       |
| IT Helpdesk          | Steven King       |
| NOC                  | Steven King       |
| IT Supports          | Steven King       |
| Operations           | Steven King       |
| Contracting          | Steven King       |
| Construction         | Steven King       |
| Manufacturing        | Steven King       |
| Benifits             | Steven King       |
| Shareholder Services | Steven King       |
| Control and Credit   | Steven King       |
| Corporate Tax        | Steven King       |
| Treasury             | Steven King       |
| Executive            | Neena Kochhar     |
| Executive            | Lex De Haan       |
| IT                   | Bruce Ernst       |
| IT                   | David Austin      |
| IT                   | Valli Pataballa   |
| IT                   | Diana Lorentz     |
| Finance              | Daniel Faviet     |
| Finance              | John Chen         |
| Finance              | Ismael Sciarra    |
| Finance              | Jose Manuel Urman |
| Finance              | Luis Popp         |
| Executive            | Den Raphaely      |
| Purchasing           | Alexander Khoo    |
| Purchasing           | Shelli Baida      |
| Purchasing           | Sigal Tobias      |
| Purchasing           | Guy Himuro        |
| Purchasing           | Karen Colmenares  |
| Executive            | Matthew Weiss     |
| Executive            | Adam Fripp        |
| Executive            | Payam Kaufling    |
| Executive            | Shanta Vollman    |
| Executive            | Kevin Mourgos     |
| Shipping             | Laura Bissot      |
| Shipping             | Mozhe Atkinson    |
| Shipping             | James Marlow      |
| Shipping             | TJ Olson          |
| Executive            | John Russell      |
| Executive            | Karen Partners    |
| Executive            | Alberto Errazuriz |
| Executive            | Gerald Cambrault  |
| Executive            | Eleni Zlotkey     |
| Sales                | Peter Tucker      |
| Sales                | David Bernstein   |
| Sales                | Peter Hall        |
| Sales                | Christopher Olsen |
| Sales                | Nanette Cambrault |
| Sales                | Oliver Tuvault    |
| Shipping             | Nandita Sarchand  |
| Shipping             | Alexis Bull       |
| Shipping             | Julia Dellinger   |
| Shipping             | Anthony Cabrio    |
| Executive            | Michael Hartstein |
| Marketing            | Pat Fay           |
| Accounting           | PAWAN YADAV       |
+----------------------+-------------------+
60 rows in set (0.00 sec)

mysql> select a.name as department_name , concat(b.fname,' ',b.lname) as manager_name from employees b join departments a on  a.manager_id=b.employee_id;
+------------------+-------------------+
| department_name  | manager_name      |
+------------------+-------------------+
| Executive        | Steven King       |
| IT               | Alexander Hunold  |
| Finance          | Nancy Greenberg   |
| Purchasing       | Den Raphaely      |
| Shipping         | Adam Fripp        |
| Sales            | John Russell      |
| Admin            | Jennifer Whalen   |
| Marketing        | Michael Hartstein |
| HR               | Susan Mavris      |
| Public Relations | Hermann Baer      |
| Accounting       | Shelley Higgins   |
+------------------+-------------------+
11 rows in set (0.00 sec)

mysql> select a.title as Job_Title, avg(b.salary) from job a join employees b on a.id=b.job_id group b
y a.title;
+---------------------------------+---------------+
| Job_Title                       | avg(b.salary) |
+---------------------------------+---------------+
| President                       |  24000.000000 |
| Administration Vice President   |  17000.000000 |
| Programmer                      |   5760.000000 |
| Finance Manager                 |  12000.000000 |
| Accountant                      |   7920.000000 |
| Purchasing Manager              |  11000.000000 |
| Stock Manager                   |   7280.000000 |
| Stock Clerk                     |   2785.000000 |
| Sales Manager                   |  12200.000000 |
| Sales Representative            |   8350.000000 |
| Shipping Clerk                  |   3215.000000 |
| Administration Assistant        |   4400.000000 |
| Marketing Manager               |  13000.000000 |
| Marketing Representative        |   6000.000000 |
| Human Resources Representative  |   6500.000000 |
| Public Relations Representative |  10000.000000 |
| Accounting Manager              |  12008.000000 |
| Public Accountant               |  70000.000000 |
+---------------------------------+---------------+
18 rows in set (0.00 sec)

mysql> select a.employee_id,b.start_date,b.end_date,a.job_id,a.department_id from employees a join job
_history b on a.employee_id=b.id where a.salary>=12000;
+-------------+------------+------------+--------+---------------+
| employee_id | start_date | end_date   | job_id | department_id |
+-------------+------------+------------+--------+---------------+
|         101 | 2001-10-28 | 2005-03-15 | AD_VP  |            90 |
|         101 | 1997-09-21 | 2001-10-27 | AD_VP  |            90 |
|         102 | 2001-01-13 | 2006-07-24 | AD_VP  |            90 |
|         201 | 2004-02-17 | 2007-12-19 | MK_MAN |            20 |
+-------------+------------+------------+--------+---------------+
4 rows in set (0.01 sec)

mysql> select a.employee_id,b.start_date,b.end_date,a.job_id,b.department_id from employees a join job
_history b on a.employee_id=b.id where a.salary>=12000;
+-------------+------------+------------+--------+---------------+
| employee_id | start_date | end_date   | job_id | department_id |
+-------------+------------+------------+--------+---------------+
|         101 | 2001-10-28 | 2005-03-15 | AD_VP  |           110 |
|         101 | 1997-09-21 | 2001-10-27 | AD_VP  |           110 |
|         102 | 2001-01-13 | 2006-07-24 | AD_VP  |            60 |
|         201 | 2004-02-17 | 2007-12-19 | MK_MAN |            20 |
+-------------+------------+------------+--------+---------------+
4 rows in set (0.00 sec)

mysql> select a* from job_history a join employees b on a.id=b.employee_id where b.salary>=12000;
ERROR 1064 (42000): You have an error in your SQL syntax; check the manual that corresponds to your MySQL server version for the right syntax to use near 'from job_history a join employees b on a.id=b.employee_id where b.salary>=12000' at line 1
mysql> select a.* from job_history a join employees b on a.id=b.employee_id where b.salary>=12000;
+------+------------+------------+------------+---------------+
| id   | start_date | end_date   | job_id     | department_id |
+------+------------+------------+------------+---------------+
|  101 | 2001-10-28 | 2005-03-15 | AC_MGR     |           110 |
|  101 | 1997-09-21 | 2001-10-27 | AC_ACCOUNT |           110 |
|  102 | 2001-01-13 | 2006-07-24 | IT_PROG    |            60 |
|  201 | 2004-02-17 | 2007-12-19 | MK_REP     |            20 |
+------+------------+------------+------------+---------------+
4 rows in set (0.00 sec)

mysql> select a.city,count(b.department_id) from locations a join departments b on b.location_id=a.loc
ation_id where b.department_id in (select c.department_id from employees group by b.department_id havi
ng count(c.department_id)>=2) group by city;
ERROR 1054 (42S22): Unknown column 'c.department_id' in 'field list'
mysql> select a.city,count(b.department_id) from locations a join departments b on b.location_id=a.location_id where b.department_id in (select c.department_id from employees group by b.department_id having count(b.department_id)>=2) group by city;
ERROR 1054 (42S22): Unknown column 'c.department_id' in 'field list'
mysql> select a.city,count(b.department_id) from locations a join departments b on b.location_id=a.location_id where b.department_id in (select c.department_id from employees c group by b.department_id ha
ving count(b.department_id)>=2) group by city;
ERROR 1055 (42000): Expression #1 of SELECT list is not in GROUP BY clause and contains nonaggregated column 'db.c.department_id' which is not functionally dependent on columns in GROUP BY clause; this is incompatible with sql_mode=only_full_group_by
mysql> select a.city,count(b.department_id) from locations a join departments b on b.location_id=a.location_id  group by city;
+---------------------+------------------------+
| city                | count(b.department_id) |
+---------------------+------------------------+
| Seattle             |                     21 |
| Toronto             |                      1 |
| London              |                      1 |
| South San Francisco |                      1 |
| Southlake           |                      1 |
| Munich              |                      1 |
| Oxford              |                      1 |
+---------------------+------------------------+
7 rows in set (0.04 sec)

mysql> select a.name as department_name,concat(b.fname,' ',b.lname) as manager_name,c.city from depart
ments a join employees b on a.manager_id=b.employee_id join locations c on a.location_id=c.location_id
;
+------------------+-------------------+---------------------+
| department_name  | manager_name      | city                |
+------------------+-------------------+---------------------+
| Executive        | Steven King       | Seattle             |
| IT               | Alexander Hunold  | Southlake           |
| Finance          | Nancy Greenberg   | Seattle             |
| Purchasing       | Den Raphaely      | Seattle             |
| Shipping         | Adam Fripp        | South San Francisco |
| Sales            | John Russell      | Oxford              |
| Admin            | Jennifer Whalen   | Seattle             |
| Marketing        | Michael Hartstein | Toronto             |
| HR               | Susan Mavris      | London              |
| Public Relations | Hermann Baer      | Munich              |
| Accounting       | Shelley Higgins   | Seattle             |
+------------------+-------------------+---------------------+
11 rows in set (0.02 sec)

mysql> select a.employee_id,b.title,(a.end_date-a.start_date) as days from job_history a join job b on
a.job_id=b.id;
ERROR 1064 (42000): You have an error in your SQL syntax; check the manual that corresponds to your MySQL server version for the right syntax to use near 'ona.job_id=b.id' at line 1
mysql> select a.employee_id,b.title,(a.end_date-a.start_date) as days from job_history a join job b on
 a.job_id=b.id;
ERROR 1054 (42S22): Unknown column 'a.employee_id' in 'field list'
mysql> select a.id,b.title,(a.end_date-a.start_date) as days from job_history a join job b on a.job_id
=b.id;
+------+--------------------------+-------+
| id   | title                    | days  |
+------+--------------------------+-------+
|  200 | Administration Assistant | 59700 |
|  101 | Accounting Manager       | 39287 |
|  200 | Public Accountant        | 40530 |
|  101 | Public Accountant        | 40106 |
|  176 | Sales Manager            |  1130 |
|  176 | Sales Representative     |   907 |
|  122 | Stock Clerk              |  1130 |
|  114 | Stock Clerk              | 10907 |
|  102 | Programmer               | 50611 |
|  201 | Marketing Representative | 31002 |
+------+--------------------------+-------+
10 rows in set (0.01 sec)

mysql> select a.id,b.title,(a.end_date-a.start_date) as days from job_history a join job b on a.job_id=b.id where a.department_id=80;
+------+----------------------+------+
| id   | title                | days |
+------+----------------------+------+
|  176 | Sales Manager        | 1130 |
|  176 | Sales Representative |  907 |
+------+----------------------+------+
2 rows in set (0.00 sec)

mysql> SELECT id, title, end_date-start_date DAYS FROM job_history NATURAL JOIN job WHERE department_i
d=80;
Empty set, 19 warnings (0.01 sec)

mysql> select a.id,b.title,(a.end_date-a.start_date) as days from job_history a join job b on a.job_id=b.id where a.department_id=80;


       select a.id,b.title,(a.end_date-a.start_date) as days from job_history a join job b on a.job_id=b.id;
+------+--------------------------+-------+
| id   | title                    | days  |
+------+--------------------------+-------+
|  200 | Administration Assistant | 59700 |
|  101 | Accounting Manager       | 39287 |
|  200 | Public Accountant        | 40530 |
|  101 | Public Accountant        | 40106 |
|  176 | Sales Manager            |  1130 |
|  176 | Sales Representative     |   907 |
|  122 | Stock Clerk              |  1130 |
|  114 | Stock Clerk              | 10907 |
|  102 | Programmer               | 50611 |
|  201 | Marketing Representative | 31002 |
+------+--------------------------+-------+
10 rows in set (0.00 sec)

mysql> select concat(a.fname,' ',a.lname) as employee_name,a.salary from employees a join departments b
 on a.departments_id=b.departments_id join locations c on a.location_id=c.location_id;
ERROR 1054 (42S22): Unknown column 'a.location_id' in 'on clause'
mysql> select concat(a.fname,' ',a.lname) as employee_name,a.salary from employees a join departments b on a.departments_id=b.departments_id join locations c on b.location_id=c.location_id;
ERROR 1054 (42S22): Unknown column 'a.departments_id' in 'on clause'
mysql> select concat(a.fname,' ',a.lname) as employee_name,a.salary from employees a join departments b on a.department_id=b.department_id join locations c on b.location_id=c.location_id;
+-------------------+----------+
| employee_name     | salary   |
+-------------------+----------+
| Steven King       | 24000.00 |
| Neena Kochhar     | 17000.00 |
| Lex De Haan       | 17000.00 |
| Alexander Hunold  |  9000.00 |
| Bruce Ernst       |  6000.00 |
| David Austin      |  4800.00 |
| Valli Pataballa   |  4800.00 |
| Diana Lorentz     |  4200.00 |
| Nancy Greenberg   | 12000.00 |
| Daniel Faviet     |  9000.00 |
| John Chen         |  8200.00 |
| Ismael Sciarra    |  7700.00 |
| Jose Manuel Urman |  7800.00 |
| Luis Popp         |  6900.00 |
| Den Raphaely      | 11000.00 |
| Alexander Khoo    |  3100.00 |
| Shelli Baida      |  2900.00 |
| Sigal Tobias      |  2800.00 |
| Guy Himuro        |  2600.00 |
| Karen Colmenares  |  2500.00 |
| Matthew Weiss     |  8000.00 |
| Adam Fripp        |  8200.00 |
| Payam Kaufling    |  7900.00 |
| Shanta Vollman    |  6500.00 |
| Kevin Mourgos     |  5800.00 |
| Julia Nayer       |  3200.00 |
| Irene Mikkilineni |  2700.00 |
| James Landry      |  2400.00 |
| Steven Markle     |  2200.00 |
| Laura Bissot      |  3300.00 |
| Mozhe Atkinson    |  2800.00 |
| James Marlow      |  2500.00 |
| TJ Olson          |  2100.00 |
| Jason Mallin      |  3300.00 |
| Michael Rogers    |  2900.00 |
| Ki Gee            |  2400.00 |
| Hazel Philtanker  |  2200.00 |
| Renske Ladwig     |  3600.00 |
| Stephen Stiles    |  3200.00 |
| John Seo          |  2700.00 |
| Joshua Patel      |  2500.00 |
| Trenna Rajs       |  3500.00 |
| Curtis Davies     |  3100.00 |
| Randall Matos     |  2600.00 |
| Peter Vargas      |  2500.00 |
| John Russell      | 14000.00 |
| Karen Partners    | 13500.00 |
| Alberto Errazuriz | 12000.00 |
| Gerald Cambrault  | 11000.00 |
| Eleni Zlotkey     | 10500.00 |
| Peter Tucker      | 10000.00 |
| David Bernstein   |  9500.00 |
| Peter Hall        |  9000.00 |
| Christopher Olsen |  8000.00 |
| Nanette Cambrault |  7500.00 |
| Oliver Tuvault    |  7000.00 |
| Janette King      | 10000.00 |
| Patrick Sully     |  9500.00 |
| Allan McEwen      |  9000.00 |
| Lindsey Smith     |  8000.00 |
| Louise Doran      |  7500.00 |
| Sarath Sewall     |  7000.00 |
| Clara Vishney     | 10500.00 |
| Danielle Greene   |  9500.00 |
| Mattea Marvins    |  7200.00 |
| David Lee         |  6800.00 |
| Sunder Ande       |  6400.00 |
| Amit Banda        |  6200.00 |
| Lisa Ozer         | 11500.00 |
| Harrison Bloom    | 10000.00 |
| Tayler Fox        |  9600.00 |
| William Smith     |  7400.00 |
| Sundita Kumar     |  7300.00 |
| Elizabeth Bates   |  6100.00 |
| Ellen Abel        | 11000.00 |
| Alyssa Hutton     |  8800.00 |
| Jonathon Taylor   |  8600.00 |
| Jack Livingston   |  8400.00 |
| Kimberely Grant   |  7000.00 |
| Charles Johnson   |  6200.00 |
| Winston Taylor    |  3200.00 |
| Jean Fleaur       |  3100.00 |
| Martha Sullivan   |  2500.00 |
| Girard Geoni      |  2800.00 |
| Nandita Sarchand  |  4200.00 |
| Alexis Bull       |  4100.00 |
| Julia Dellinger   |  3400.00 |
| Anthony Cabrio    |  3000.00 |
| Kelly Chung       |  3800.00 |
| Jennifer Dilly    |  3600.00 |
| Timothy Gates     |  2900.00 |
| Randall Perkins   |  2500.00 |
| Sarah Bell        |  4000.00 |
| Britney Everett   |  3900.00 |
| Samuel McCain     |  3200.00 |
| Vance Jones       |  2800.00 |
| Alana Walsh       |  3100.00 |
| Kevin Feeney      |  3000.00 |
| Donald OConnell   |  2600.00 |
| Douglas Grant     |  2600.00 |
| Jennifer Whalen   |  4400.00 |
| Michael Hartstein | 13000.00 |
| Pat Fay           |  6000.00 |
| Susan Mavris      |  6500.00 |
| Hermann Baer      | 10000.00 |
| Shelley Higgins   | 12008.00 |
| PAWAN YADAV       | 70000.00 |
+-------------------+----------+
107 rows in set (0.01 sec)

mysql> select concat(a.fname,' ',a.lname) as employee_name,a.salary from employees a join departments b on a.department_id=b.department_id join locations c on b.location_id=c.location_id where c.city='London';
+---------------+---------+
| employee_name | salary  |
+---------------+---------+
| Susan Mavris  | 6500.00 |
+---------------+---------+
1 row in set (0.01 sec)

mysql> select concat(a.fname,' ',a.lname) as employee_name, b.title,c.start_date,c.end_date,a.employee_
id from employees a join job b on a.job_id=b.id join job_history c on a.employee_id=c.id;
+-------------------+-------------------------------+------------+------------+-------------+
| employee_name     | title                         | start_date | end_date   | employee_id |
+-------------------+-------------------------------+------------+------------+-------------+
| Lex De Haan       | Administration Vice President | 2001-01-13 | 2006-07-24 |         102 |
| Neena Kochhar     | Administration Vice President | 1997-09-21 | 2001-10-27 |         101 |
| Neena Kochhar     | Administration Vice President | 2001-10-28 | 2005-03-15 |         101 |
| Jennifer Whalen   | Administration Assistant      | 1995-09-17 | 2001-06-17 |         200 |
| Jennifer Whalen   | Administration Assistant      | 2002-07-01 | 2006-12-31 |         200 |
| Jonathon Taylor   | Sales Representative          | 2006-03-24 | 2006-12-31 |         176 |
| Jonathon Taylor   | Sales Representative          | 2007-01-01 | 2007-12-31 |         176 |
| Den Raphaely      | Purchasing Manager            | 2006-03-24 | 2007-12-31 |         114 |
| Payam Kaufling    | Stock Manager                 | 2007-01-01 | 2007-12-31 |         122 |
| Michael Hartstein | Marketing Manager             | 2004-02-17 | 2007-12-19 |         201 |
+-------------------+-------------------------------+------------+------------+-------------+
10 rows in set (0.01 sec)

mysql> select concat(a.fname,' ',a.lname) as employee_name, b.title,c.start_date,c.end_date,a.employee_id from employees a join job b on a.job_id=b.id join job_history c on a.employee_id=c.id where a.commission=0;
+-------------------+-------------------------------+------------+------------+-------------+
| employee_name     | title                         | start_date | end_date   | employee_id |
+-------------------+-------------------------------+------------+------------+-------------+
| Lex De Haan       | Administration Vice President | 2001-01-13 | 2006-07-24 |         102 |
| Neena Kochhar     | Administration Vice President | 1997-09-21 | 2001-10-27 |         101 |
| Neena Kochhar     | Administration Vice President | 2001-10-28 | 2005-03-15 |         101 |
| Jennifer Whalen   | Administration Assistant      | 1995-09-17 | 2001-06-17 |         200 |
| Jennifer Whalen   | Administration Assistant      | 2002-07-01 | 2006-12-31 |         200 |
| Den Raphaely      | Purchasing Manager            | 2006-03-24 | 2007-12-31 |         114 |
| Payam Kaufling    | Stock Manager                 | 2007-01-01 | 2007-12-31 |         122 |
| Michael Hartstein | Marketing Manager             | 2004-02-17 | 2007-12-19 |         201 |
+-------------------+-------------------------------+------------+------------+-------------+
8 rows in set (0.00 sec)

mysql> select concat(a.fname,' ',a.lname) as employee_name, b.title,max(c.start_date),max(c.end_date),a
.employee_id from employees a join job b on a.job_id=b.id join job_history c on a.employee_id=c.id wher
e a.commission=0;
ERROR 1140 (42000): In aggregated query without GROUP BY, expression #1 of SELECT list contains nonaggregated column 'db.a.fname'; this is incompatible with sql_mode=only_full_group_by
mysql> select concat(a.fname,' ',a.lname) as employee_name, b.title,max(c.start_date),max(c.end_date),a.employee_id from employees a join job b on a.job_id=b.id join job_history c on a.employee_id=c.id  group by a.employee_id where a.commission=0;
ERROR 1064 (42000): You have an error in your SQL syntax; check the manual that corresponds to your MySQL server version for the right syntax to use near 'where a.commission=0' at line 1
mysql> select concat(a.fname,' ',a.lname) as employee_name, b.title,max(c.start_date),max(c.end_date),a.employee_id from employees a join job b on a.job_id=b.id join job_history c on a.employee_id=c.id  group by c.id where a.commission=0;
ERROR 1064 (42000): You have an error in your SQL syntax; check the manual that corresponds to your MySQL server version for the right syntax to use near 'where a.commission=0' at line 1
mysql> select concat(a.fname,' ',a.lname) as employee_name, b.title,c.start_date,c.end_date,a.employee_id from employees a join job b on a.job_id=b.id join job_history c on a.employee_id=c.id;
+-------------------+-------------------------------+------------+------------+-------------+
| employee_name     | title                         | start_date | end_date   | employee_id |
+-------------------+-------------------------------+------------+------------+-------------+
| Lex De Haan       | Administration Vice President | 2001-01-13 | 2006-07-24 |         102 |
| Neena Kochhar     | Administration Vice President | 1997-09-21 | 2001-10-27 |         101 |
| Neena Kochhar     | Administration Vice President | 2001-10-28 | 2005-03-15 |         101 |
| Jennifer Whalen   | Administration Assistant      | 1995-09-17 | 2001-06-17 |         200 |
| Jennifer Whalen   | Administration Assistant      | 2002-07-01 | 2006-12-31 |         200 |
| Jonathon Taylor   | Sales Representative          | 2006-03-24 | 2006-12-31 |         176 |
| Jonathon Taylor   | Sales Representative          | 2007-01-01 | 2007-12-31 |         176 |
| Den Raphaely      | Purchasing Manager            | 2006-03-24 | 2007-12-31 |         114 |
| Payam Kaufling    | Stock Manager                 | 2007-01-01 | 2007-12-31 |         122 |
| Michael Hartstein | Marketing Manager             | 2004-02-17 | 2007-12-19 |         201 |
+-------------------+-------------------------------+------------+------------+-------------+
10 rows in set (0.01 sec)

mysql> select concat(a.fname,' ',a.lname) as employee_name, b.title,max(c.start_date),max(c.end_date),a.employee_id from employees a join job b on a.job_id=b.id join job_history c on a.employee_id=c.id where a.commission=0;
ERROR 1140 (42000): In aggregated query without GROUP BY, expression #1 of SELECT list contains nonaggregated column 'db.a.fname'; this is incompatible with sql_mode=only_full_group_by
mysql> select concat(a.fname,' ',a.lname) as employee_name,a.salary from employees a join departments b on a.department_id=b.department_id join locations c on b.location_id=c.location_id where c.city='London';
+---------------+---------+
| employee_name | salary  |
+---------------+---------+
| Susan Mavris  | 6500.00 |
+---------------+---------+
1 row in set (0.00 sec)

mysql> select a.name as department_name,count(b.department_id) as number_of_employee,a.department_id fr
om departments a join employees b on a.department_id=b.department_id group by a.name;
ERROR 1055 (42000): Expression #3 of SELECT list is not in GROUP BY clause and contains nonaggregated column 'db.a.department_id' which is not functionally dependent on columns in GROUP BY clause; this is incompatible with sql_mode=only_full_group_by
mysql> select a.name as department_name,count(b.department_id) as number_of_employee,a.department_id from departments a join employees b on a.department_id=b.department_id group by a.department_id;
ERROR 1055 (42000): Expression #1 of SELECT list is not in GROUP BY clause and contains nonaggregated column 'db.a.name' which is not functionally dependent on columns in GROUP BY clause; this is incompatible with sql_mode=only_full_group_by
mysql> select a.name as department_name, b.* from departments a join (select count(employee_id),department_id from employees group by department_id) b using(department_id);
+------------------+--------------------+---------------+
| department_name  | count(employee_id) | department_id |
+------------------+--------------------+---------------+
| Admin            |                  1 |            10 |
| Marketing        |                  2 |            20 |
| Purchasing       |                  6 |            30 |
| HR               |                  1 |            40 |
| Shipping         |                 45 |            50 |
| IT               |                  5 |            60 |
| Public Relations |                  1 |            70 |
| Sales            |                 35 |            80 |
| Executive        |                  3 |            90 |
| Finance          |                  6 |           100 |
| Accounting       |                  2 |           110 |
+------------------+--------------------+---------------+
11 rows in set (0.02 sec)

mysql> select concat(a.fname,' ',a.lname) as employee_name,a.employee_id, c.city from employees a join
departments b on a.department_id=b.department_id join locations c on b.location_id=c.loaction_id;
ERROR 1054 (42S22): Unknown column 'c.loaction_id' in 'on clause'
mysql> select concat(a.fname,' ',a.lname) as employee_name,a.employee_id, c.city from employees a join departments b on a.department_id=b.department_id join locations c on b.location_id=c.loaction_id;
ERROR 1054 (42S22): Unknown column 'c.loaction_id' in 'on clause'
mysql> select * from loctions;
ERROR 1146 (42S02): Table 'db.loctions' doesn't exist
mysql> select * from loction;
ERROR 1146 (42S02): Table 'db.loction' doesn't exist
mysql> select * from locations;
+-------------+------------------------------------------+-------------+---------------------+------------------+------------+
| location_id | address                                  | postal_code | city                | state_province   | country_id |
+-------------+------------------------------------------+-------------+---------------------+------------------+------------+
|        1000 | 1297 Via COla di Rie                     |         989 | Roma                |
         | IT         |
|        1100 | 93091 Calle della Testa                  |       10934 | Venice              |
         | IT         |
|        1200 | 2017 Shinjuku-ku                         |        1689 | Tokyo               | Tokyo Prefecture | JP         |
|        1300 | 9450 Kamiya-cho                          |        6823 | Hiroshima           |
         | JP         |
|        1400 | 2014 Jabberwocky Rd                      |       26192 | Southlake           | Texas            | US         |
|        1500 | 2011 Interiors Blvd                      |       99236 | South San Francisco | California       | US         |
|        1600 | 2007 Zagora St                           |       50090 | South Brunswick     | New Jersey       | US         |
|        1700 | 2004 Charade Rd                          |       98199 | Seattle             | Washington       | US         |
|        1800 | 147 Spadina Ave                          |          27 | Toronto             | Ontario          | CA         |
|        1900 | 6092 Boxwood St                          |          92 | Whitehorse          | Yukon            | CA         |
|        2000 | 40-5-12 Laogianggen                      |      190518 | Beijing             |
         | CN         |
|        2100 | 1298 Vileparle(E)                        |      490231 | Bombay              | Maharashtra      | IN         |
|        2200 | 12-98 Victoria Street                    |        2901 | Sydney              | New South Wales  | AU         |
|        2300 | 198 Clementi North                       |      540198 | Singapore           |
         | SG         |
|        2400 | 8204 Arthur St                           |           0 | London              |
         | UK         |
|        2500 | Magdalen Centre, The Oxford Science Park |          99 | Oxford              | Oxford           | UK         |
|        2600 | 9702 Chester Road                        |        9629 | Stretford           | Manchester       | UK         |
|        2700 | Schwanthalerstr. 7031                    |       80925 | Munich              | Bavaria          | DE         |
|        2800 | Rua Frei Caneca 1360                     |        1307 | Sao Paulo           | Sao Paulo        | BR         |
|        2900 | 20 Rue des Corps-Saints                  |        1730 | Geneva              | Geneve           | CH         |
|        3000 | Murtenstrasse 921                        |        3095 | Bern                | BE               | CH         |
|        3100 | Pieter Breughelstraat 837                |        3029 | Utrecht             | Utrecht          | NL         |
|        3200 | Mariano Escobedo 9991                    |       11932 | Mexico City         | Distrito Federal | MX         |
+-------------+------------------------------------------+-------------+---------------------+------------------+------------+
23 rows in set (0.00 sec)

mysql> select concat(a.fname,' ',a.lname) as employee_name,a.employee_id, c.city from employees a join departments b on a.department_id=b.department_id join locations c on b.location_id=c.location_id;
+-------------------+-------------+---------------------+
| employee_name     | employee_id | city                |
+-------------------+-------------+---------------------+
| Steven King       |         100 | Seattle             |
| Neena Kochhar     |         101 | Seattle             |
| Lex De Haan       |         102 | Seattle             |
| Alexander Hunold  |         103 | Southlake           |
| Bruce Ernst       |         104 | Southlake           |
| David Austin      |         105 | Southlake           |
| Valli Pataballa   |         106 | Southlake           |
| Diana Lorentz     |         107 | Southlake           |
| Nancy Greenberg   |         108 | Seattle             |
| Daniel Faviet     |         109 | Seattle             |
| John Chen         |         110 | Seattle             |
| Ismael Sciarra    |         111 | Seattle             |
| Jose Manuel Urman |         112 | Seattle             |
| Luis Popp         |         113 | Seattle             |
| Den Raphaely      |         114 | Seattle             |
| Alexander Khoo    |         115 | Seattle             |
| Shelli Baida      |         116 | Seattle             |
| Sigal Tobias      |         117 | Seattle             |
| Guy Himuro        |         118 | Seattle             |
| Karen Colmenares  |         119 | Seattle             |
| Matthew Weiss     |         120 | South San Francisco |
| Adam Fripp        |         121 | South San Francisco |
| Payam Kaufling    |         122 | South San Francisco |
| Shanta Vollman    |         123 | South San Francisco |
| Kevin Mourgos     |         124 | South San Francisco |
| Julia Nayer       |         125 | South San Francisco |
| Irene Mikkilineni |         126 | South San Francisco |
| James Landry      |         127 | South San Francisco |
| Steven Markle     |         128 | South San Francisco |
| Laura Bissot      |         129 | South San Francisco |
| Mozhe Atkinson    |         130 | South San Francisco |
| James Marlow      |         131 | South San Francisco |
| TJ Olson          |         132 | South San Francisco |
| Jason Mallin      |         133 | South San Francisco |
| Michael Rogers    |         134 | South San Francisco |
| Ki Gee            |         135 | South San Francisco |
| Hazel Philtanker  |         136 | South San Francisco |
| Renske Ladwig     |         137 | South San Francisco |
| Stephen Stiles    |         138 | South San Francisco |
| John Seo          |         139 | South San Francisco |
| Joshua Patel      |         140 | South San Francisco |
| Trenna Rajs       |         141 | South San Francisco |
| Curtis Davies     |         142 | South San Francisco |
| Randall Matos     |         143 | South San Francisco |
| Peter Vargas      |         144 | South San Francisco |
| John Russell      |         145 | Oxford              |
| Karen Partners    |         146 | Oxford              |
| Alberto Errazuriz |         147 | Oxford              |
| Gerald Cambrault  |         148 | Oxford              |
| Eleni Zlotkey     |         149 | Oxford              |
| Peter Tucker      |         150 | Oxford              |
| David Bernstein   |         151 | Oxford              |
| Peter Hall        |         152 | Oxford              |
| Christopher Olsen |         153 | Oxford              |
| Nanette Cambrault |         154 | Oxford              |
| Oliver Tuvault    |         155 | Oxford              |
| Janette King      |         156 | Oxford              |
| Patrick Sully     |         157 | Oxford              |
| Allan McEwen      |         158 | Oxford              |
| Lindsey Smith     |         159 | Oxford              |
| Louise Doran      |         160 | Oxford              |
| Sarath Sewall     |         161 | Oxford              |
| Clara Vishney     |         162 | Oxford              |
| Danielle Greene   |         163 | Oxford              |
| Mattea Marvins    |         164 | Oxford              |
| David Lee         |         165 | Oxford              |
| Sunder Ande       |         166 | Oxford              |
| Amit Banda        |         167 | Oxford              |
| Lisa Ozer         |         168 | Oxford              |
| Harrison Bloom    |         169 | Oxford              |
| Tayler Fox        |         170 | Oxford              |
| William Smith     |         171 | Oxford              |
| Sundita Kumar     |         172 | Oxford              |
| Elizabeth Bates   |         173 | Oxford              |
| Ellen Abel        |         174 | Oxford              |
| Alyssa Hutton     |         175 | Oxford              |
| Jonathon Taylor   |         176 | Oxford              |
| Jack Livingston   |         177 | Oxford              |
| Kimberely Grant   |         178 | Oxford              |
| Charles Johnson   |         179 | Oxford              |
| Winston Taylor    |         180 | South San Francisco |
| Jean Fleaur       |         181 | South San Francisco |
| Martha Sullivan   |         182 | South San Francisco |
| Girard Geoni      |         183 | South San Francisco |
| Nandita Sarchand  |         184 | South San Francisco |
| Alexis Bull       |         185 | South San Francisco |
| Julia Dellinger   |         186 | South San Francisco |
| Anthony Cabrio    |         187 | South San Francisco |
| Kelly Chung       |         188 | South San Francisco |
| Jennifer Dilly    |         189 | South San Francisco |
| Timothy Gates     |         190 | South San Francisco |
| Randall Perkins   |         191 | South San Francisco |
| Sarah Bell        |         192 | South San Francisco |
| Britney Everett   |         193 | South San Francisco |
| Samuel McCain     |         194 | South San Francisco |
| Vance Jones       |         195 | South San Francisco |
| Alana Walsh       |         196 | South San Francisco |
| Kevin Feeney      |         197 | South San Francisco |
| Donald OConnell   |         198 | South San Francisco |
| Douglas Grant     |         199 | South San Francisco |
| Jennifer Whalen   |         200 | Seattle             |
| Michael Hartstein |         201 | Toronto             |
| Pat Fay           |         202 | Toronto             |
| Susan Mavris      |         203 | London              |
| Hermann Baer      |         204 | Munich              |
| Shelley Higgins   |         205 | Seattle             |
| PAWAN YADAV       |         206 | Seattle             |
+-------------------+-------------+---------------------+
107 rows in set (0.00 sec)

mysql>


SQL join on HR database
